Archive member included to satisfy reference by file (symbol)

C:/Users/diego/AppData/Roaming/MathWorks/MATLAB Add-Ons/Toolboxes/NXP_MBDToolbox_S32K1xx(2)/tools/gcc-6.3-arm32-eabi/arm-none-eabi/newlib/lib/thumb/v7e-m/fpv4-sp/hard\libm.a(lib_a-s_floor.o)
                              Foc_model_Matlab.o (floor)
C:/Users/diego/AppData/Roaming/MathWorks/MATLAB Add-Ons/Toolboxes/NXP_MBDToolbox_S32K1xx(2)/tools/gcc-6.3-arm32-eabi/arm-none-eabi/newlib/lib/thumb/v7e-m/fpv4-sp/hard\libm.a(lib_a-w_sqrt.o)
                              Foc_model_Matlab.o (sqrt)
C:/Users/diego/AppData/Roaming/MathWorks/MATLAB Add-Ons/Toolboxes/NXP_MBDToolbox_S32K1xx(2)/tools/gcc-6.3-arm32-eabi/arm-none-eabi/newlib/lib/thumb/v7e-m/fpv4-sp/hard\libm.a(lib_a-e_sqrt.o)
                              C:/Users/diego/AppData/Roaming/MathWorks/MATLAB Add-Ons/Toolboxes/NXP_MBDToolbox_S32K1xx(2)/tools/gcc-6.3-arm32-eabi/arm-none-eabi/newlib/lib/thumb/v7e-m/fpv4-sp/hard\libm.a(lib_a-w_sqrt.o) (__ieee754_sqrt)
C:/Users/diego/AppData/Roaming/MathWorks/MATLAB Add-Ons/Toolboxes/NXP_MBDToolbox_S32K1xx(2)/tools/gcc-6.3-arm32-eabi/arm-none-eabi/newlib/lib/thumb/v7e-m/fpv4-sp/hard\libm.a(lib_a-s_lib_ver.o)
                              C:/Users/diego/AppData/Roaming/MathWorks/MATLAB Add-Ons/Toolboxes/NXP_MBDToolbox_S32K1xx(2)/tools/gcc-6.3-arm32-eabi/arm-none-eabi/newlib/lib/thumb/v7e-m/fpv4-sp/hard\libm.a(lib_a-w_sqrt.o) (__fdlib_version)
C:/Users/diego/AppData/Roaming/MathWorks/MATLAB Add-Ons/Toolboxes/NXP_MBDToolbox_S32K1xx(2)/tools/gcc-6.3-arm32-eabi/arm-none-eabi/newlib/lib/thumb/v7e-m/fpv4-sp/hard\libm.a(lib_a-s_matherr.o)
                              C:/Users/diego/AppData/Roaming/MathWorks/MATLAB Add-Ons/Toolboxes/NXP_MBDToolbox_S32K1xx(2)/tools/gcc-6.3-arm32-eabi/arm-none-eabi/newlib/lib/thumb/v7e-m/fpv4-sp/hard\libm.a(lib_a-w_sqrt.o) (matherr)
c:/users/diego/appdata/roaming/mathworks/matlab add-ons/toolboxes/nxp_mbdtoolbox_s32k1xx(2)/tools/gcc-6.3-arm32-eabi/bin/../lib/gcc/arm-none-eabi/6.3.1/thumb/v7e-m/fpv4-sp/hard\libgcc.a(_arm_addsubdf3.o)
                              C:/Users/diego/AppData/Roaming/MathWorks/MATLAB Add-Ons/Toolboxes/NXP_MBDToolbox_S32K1xx(2)/tools/gcc-6.3-arm32-eabi/arm-none-eabi/newlib/lib/thumb/v7e-m/fpv4-sp/hard\libm.a(lib_a-e_sqrt.o) (__aeabi_dsub)
c:/users/diego/appdata/roaming/mathworks/matlab add-ons/toolboxes/nxp_mbdtoolbox_s32k1xx(2)/tools/gcc-6.3-arm32-eabi/bin/../lib/gcc/arm-none-eabi/6.3.1/thumb/v7e-m/fpv4-sp/hard\libgcc.a(_arm_muldivdf3.o)
                              Foc_model_Matlab.o (__aeabi_dmul)
c:/users/diego/appdata/roaming/mathworks/matlab add-ons/toolboxes/nxp_mbdtoolbox_s32k1xx(2)/tools/gcc-6.3-arm32-eabi/bin/../lib/gcc/arm-none-eabi/6.3.1/thumb/v7e-m/fpv4-sp/hard\libgcc.a(_arm_cmpdf2.o)
                              rt_nonfinite.o (__aeabi_dcmpeq)
c:/users/diego/appdata/roaming/mathworks/matlab add-ons/toolboxes/nxp_mbdtoolbox_s32k1xx(2)/tools/gcc-6.3-arm32-eabi/bin/../lib/gcc/arm-none-eabi/6.3.1/thumb/v7e-m/fpv4-sp/hard\libgcc.a(_arm_unorddf2.o)
                              C:/Users/diego/AppData/Roaming/MathWorks/MATLAB Add-Ons/Toolboxes/NXP_MBDToolbox_S32K1xx(2)/tools/gcc-6.3-arm32-eabi/arm-none-eabi/newlib/lib/thumb/v7e-m/fpv4-sp/hard\libm.a(lib_a-w_sqrt.o) (__aeabi_dcmpun)
c:/users/diego/appdata/roaming/mathworks/matlab add-ons/toolboxes/nxp_mbdtoolbox_s32k1xx(2)/tools/gcc-6.3-arm32-eabi/bin/../lib/gcc/arm-none-eabi/6.3.1/thumb/v7e-m/fpv4-sp/hard\libgcc.a(_arm_truncdfsf2.o)
                              Foc_model_Matlab.o (__aeabi_d2f)
c:/users/diego/appdata/roaming/mathworks/matlab add-ons/toolboxes/nxp_mbdtoolbox_s32k1xx(2)/tools/gcc-6.3-arm32-eabi/bin/../lib/gcc/arm-none-eabi/6.3.1/thumb/v7e-m/fpv4-sp/hard\libgcc.a(_aeabi_uldivmod.o)
                              lpit_driver.o (__aeabi_uldivmod)
c:/users/diego/appdata/roaming/mathworks/matlab add-ons/toolboxes/nxp_mbdtoolbox_s32k1xx(2)/tools/gcc-6.3-arm32-eabi/bin/../lib/gcc/arm-none-eabi/6.3.1/thumb/v7e-m/fpv4-sp/hard\libgcc.a(_udivmoddi4.o)
                              c:/users/diego/appdata/roaming/mathworks/matlab add-ons/toolboxes/nxp_mbdtoolbox_s32k1xx(2)/tools/gcc-6.3-arm32-eabi/bin/../lib/gcc/arm-none-eabi/6.3.1/thumb/v7e-m/fpv4-sp/hard\libgcc.a(_aeabi_uldivmod.o) (__udivmoddi4)
c:/users/diego/appdata/roaming/mathworks/matlab add-ons/toolboxes/nxp_mbdtoolbox_s32k1xx(2)/tools/gcc-6.3-arm32-eabi/bin/../lib/gcc/arm-none-eabi/6.3.1/thumb/v7e-m/fpv4-sp/hard\libgcc.a(_dvmd_tls.o)
                              c:/users/diego/appdata/roaming/mathworks/matlab add-ons/toolboxes/nxp_mbdtoolbox_s32k1xx(2)/tools/gcc-6.3-arm32-eabi/bin/../lib/gcc/arm-none-eabi/6.3.1/thumb/v7e-m/fpv4-sp/hard\libgcc.a(_aeabi_uldivmod.o) (__aeabi_ldiv0)
C:/Users/diego/AppData/Roaming/MathWorks/MATLAB Add-Ons/Toolboxes/NXP_MBDToolbox_S32K1xx(2)/tools/gcc-6.3-arm32-eabi/arm-none-eabi/newlib/lib/thumb/v7e-m/fpv4-sp/hard\libc.a(lib_a-errno.o)
[...]
Memory Configuration

Name             Origin             Length             Attributes
m_interrupts     0x00000000         0x00000400         xr
m_flash_config   0x00000400         0x00000010         xr
m_text           0x00000410         0x0007fbf0         xr
m_data           0x1fff8000         0x00008000         rw
m_data_2         0x20000000         0x00007000         rw
*default*        0x00000000         0xffffffff

Linker script and memory map

LOAD c:/users/diego/appdata/roaming/mathworks/matlab add-ons/toolboxes/nxp_mbdtoolbox_s32k1xx(2)/tools/gcc-6.3-arm32-eabi/bin/../lib/gcc/arm-none-eabi/6.3.1/thumb/v7e-m/fpv4-sp/hard/crti.o
LOAD c:/users/diego/appdata/roaming/mathworks/matlab add-ons/toolboxes/nxp_mbdtoolbox_s32k1xx(2)/tools/gcc-6.3-arm32-eabi/bin/../lib/gcc/arm-none-eabi/6.3.1/thumb/v7e-m/fpv4-sp/hard/crtbegin.o
LOAD C:/Users/diego/AppData/Roaming/MathWorks/MATLAB Add-Ons/Toolboxes/NXP_MBDToolbox_S32K1xx(2)/tools/gcc-6.3-arm32-eabi/arm-none-eabi/newlib/lib/thumb/v7e-m/fpv4-sp/hard/crt0.o
                0x00000001                __ram_vector_table__ = 0x1
LOAD startup_S32K144.o
LOAD Foc_model_Matlab.o
LOAD Foc_model_Matlab_data.o
LOAD adc_driver.o
LOAD clock_S32K1xx.o
LOAD edma_driver.o
LOAD edma_hw_access.o
LOAD edma_irq.o
LOAD freemaster_S32K1xx.o
LOAD freemaster_appcmd.o
LOAD freemaster_interface_init.o
LOAD freemaster_protocol.o
LOAD freemaster_rec.o
LOAD freemaster_scope.o
LOAD freemaster_serial.o
LOAD freemaster_sfio.o
LOAD freemaster_tsa.o
LOAD ftm2_ch1_hall_sensor_isr.o
LOAD ftm2_input_params_config.o
LOAD ftm3_pwm_params.o
LOAD ftm_chn_irq.o
LOAD ftm_common.o
LOAD ftm_fault_irq.o
LOAD ftm_hw_access.o
LOAD ftm_ic_driver.o
LOAD ftm_mc_driver.o
LOAD ftm_oc_driver.o
LOAD ftm_pwm_driver.o
LOAD ftm_qd_driver.o
LOAD gpio_irq.o
LOAD gt_pf.o
LOAD interrupt_manager.o
LOAD lin_common.o
LOAD lin_driver.o
LOAD lin_irq.o
LOAD lin_lpuart_driver.o
LOAD lpit_driver.o
LOAD lpspi_hw_access.o
LOAD lpspi_irq.o
LOAD lpspi_master_driver.o
LOAD lpspi_shared_function.o
LOAD lpspi_slave_driver.o
LOAD lpuart_driver.o
LOAD lpuart_hw_access.o
LOAD lpuart_irq.o
LOAD mbd_adc_irq.o
LOAD mbd_main.o
LOAD osif_baremetal.o
LOAD pdb0_params.o
LOAD pdb1_params.o
LOAD pdb_driver.o
LOAD pdb_hw_access.o
LOAD pins_driver.o
LOAD pins_port_hw_access.o
LOAD power_manager.o
LOAD power_manager_S32K1xx.o
LOAD power_smc_hw_access.o
LOAD profile_buffer.o
LOAD rtGetInf.o
LOAD rtGetNaN.o
LOAD rt_nonfinite.o
LOAD rtmodel.o
LOAD s32k_clock_init.o
LOAD spi_aml.o
LOAD startup.o
LOAD system_S32K144.o
LOAD tpp.o
LOAD tpp_ic_init.o
LOAD trgmux_driver.o
LOAD trgmux_hw_access.o
LOAD wait_aml.o
LOAD C:/Users/diego/AppData/Roaming/MathWorks/MATLAB Add-Ons/Toolboxes/NXP_MBDToolbox_S32K1xx(2)/tools/gcc-6.3-arm32-eabi/arm-none-eabi/newlib/lib/thumb/v7e-m/fpv4-sp/hard\libm.a
LOAD S32K14x_AMMCLIB.a
START GROUP
LOAD c:/users/diego/appdata/roaming/mathworks/matlab add-ons/toolboxes/nxp_mbdtoolbox_s32k1xx(2)/tools/gcc-6.3-arm32-eabi/bin/../lib/gcc/arm-none-eabi/6.3.1/thumb/v7e-m/fpv4-sp/hard\libgcc.a
LOAD C:/Users/diego/AppData/Roaming/MathWorks/MATLAB Add-Ons/Toolboxes/NXP_MBDToolbox_S32K1xx(2)/tools/gcc-6.3-arm32-eabi/arm-none-eabi/newlib/lib/thumb/v7e-m/fpv4-sp/hard\libc.a
END GROUP
START GROUP
LOAD c:/users/diego/appdata/roaming/mathworks/matlab add-ons/toolboxes/nxp_mbdtoolbox_s32k1xx(2)/tools/gcc-6.3-arm32-eabi/bin/../lib/gcc/arm-none-eabi/6.3.1/thumb/v7e-m/fpv4-sp/hard\libgcc.a
LOAD C:/Users/diego/AppData/Roaming/MathWorks/MATLAB Add-Ons/Toolboxes/NXP_MBDToolbox_S32K1xx(2)/tools/gcc-6.3-arm32-eabi/arm-none-eabi/newlib/lib/thumb/v7e-m/fpv4-sp/hard\libc.a
LOAD C:/Users/diego/AppData/Roaming/MathWorks/MATLAB Add-Ons/Toolboxes/NXP_MBDToolbox_S32K1xx(2)/tools/gcc-6.3-arm32-eabi/arm-none-eabi/newlib/lib/thumb/v7e-m/fpv4-sp/hard\libnosys.a
END GROUP
LOAD c:/users/diego/appdata/roaming/mathworks/matlab add-ons/toolboxes/nxp_mbdtoolbox_s32k1xx(2)/tools/gcc-6.3-arm32-eabi/bin/../lib/gcc/arm-none-eabi/6.3.1/thumb/v7e-m/fpv4-sp/hard/crtend.o
LOAD c:/users/diego/appdata/roaming/mathworks/matlab add-ons/toolboxes/nxp_mbdtoolbox_s32k1xx(2)/tools/gcc-6.3-arm32-eabi/bin/../lib/gcc/arm-none-eabi/6.3.1/thumb/v7e-m/fpv4-sp/hard/crtn.o
                0x00000400                HEAP_SIZE = DEFINED (__heap_size__)?__heap_size__:0x400
                0x00000400                STACK_SIZE = DEFINED (__stack_size__)?__stack_size__:0x400
                0x00000400                M_VECTOR_RAM_SIZE = DEFINED (__flash_vector_table__)?0x0:0x400

.interrupts     0x00000000      0x400
                0x00000000                __VECTOR_TABLE = .
                0x00000000                __interrupts_start__ = .
                0x00000000                . = ALIGN (0x4)
 *(.isr_vector)
 .isr_vector    0x00000000      0x400 startup_S32K144.o
                0x00000000                __isr_vector
                0x00000400                __interrupts_end__ = .
                0x00000400                . = ALIGN (0x4)

.flash_config   0x00000400       0x10
                0x00000400                . = ALIGN (0x4)
 *(.FlashConfig)
 .FlashConfig   0x00000400       0x10 startup_S32K144.o
                0x00000410                . = ALIGN (0x4)

.text           0x00000410     0xeca8
                0x00000410                . = ALIGN (0x4)
 *(.text)
 .text          0x00000410       0xa4 c:/users/diego/appdata/roaming/mathworks/matlab add-ons/toolboxes/nxp_mbdtoolbox_s32k1xx(2)/tools/gcc-6.3-arm32-eabi/bin/../lib/gcc/arm-none-eabi/6.3.1/thumb/v7e-m/fpv4-sp/hard/crtbegin.o
 .text          0x000004b4       0x6c startup_S32K144.o
                0x000004b4                Reset_Handler
                0x0000051c                DebugMon_Handler
                0x0000051c                Reserved88_IRQHandler
                0x0000051c                CAN0_ORed_IRQHandler
                0x0000051c                HardFault_Handler
                0x0000051c                Reserved86_IRQHandler
                0x0000051c                Reserved103_IRQHandler
                0x0000051c                FTM2_Ovf_Reload_IRQHandler
                0x0000051c                Reserved50_IRQHandler
                0x0000051c                FTFC_Fault_IRQHandler
                0x0000051c                Reserved114_IRQHandler
                0x0000051c                PendSV_Handler
                0x0000051c                NMI_Handler
                0x0000051c                Reserved89_IRQHandler
                0x0000051c                ERM_double_fault_IRQHandler
                0x0000051c                Reserved59_IRQHandler
                0x0000051c                Reserved99_IRQHandler
                0x0000051c                CAN2_ORed_0_15_MB_IRQHandler
                0x0000051c                LPIT0_Ch3_IRQHandler
                0x0000051c                Reserved92_IRQHandler
                0x0000051c                CAN1_Error_IRQHandler
                0x0000051c                SWI_IRQHandler
                0x0000051c                UsageFault_Handler
                0x0000051c                FTM0_Ovf_Reload_IRQHandler
                0x0000051c                DefaultISR
                0x0000051c                Reserved58_IRQHandler
                0x0000051c                CAN1_ORed_0_15_MB_IRQHandler
                0x0000051c                Reserved82_IRQHandler
                0x0000051c                CAN0_ORed_16_31_MB_IRQHandler
                0x0000051c                LPI2C0_Slave_IRQHandler
                0x0000051c                Reserved71_IRQHandler
                0x0000051c                Reserved69_IRQHandler
                0x0000051c                Reserved70_IRQHandler
                0x0000051c                Reserved53_IRQHandler
                0x0000051c                RTC_IRQHandler
                0x0000051c                PDB0_IRQHandler
                0x0000051c                Reserved54_IRQHandler
                0x0000051c                LPUART1_RxTx_IRQHandler
                0x0000051c                RTC_Seconds_IRQHandler
                0x0000051c                CAN2_ORed_IRQHandler
                0x0000051c                Reserved72_IRQHandler
                0x0000051c                Reserved110_IRQHandler
                0x0000051c                Reserved107_IRQHandler
                0x0000051c                Read_Collision_IRQHandler
                0x0000051c                CAN2_Error_IRQHandler
                0x0000051c                FTFC_IRQHandler
                0x0000051c                Reserved105_IRQHandler
                0x0000051c                LPIT0_Ch1_IRQHandler
                0x0000051c                FTM3_Ovf_Reload_IRQHandler
                0x0000051c                LPUART2_RxTx_IRQHandler
                0x0000051c                WDOG_EWM_IRQHandler
                0x0000051c                MemManage_Handler
                0x0000051c                Reserved90_IRQHandler
                0x0000051c                Reserved83_IRQHandler
                0x0000051c                Reserved48_IRQHandler
                0x0000051c                SVC_Handler
                0x0000051c                ERM_single_fault_IRQHandler
                0x0000051c                RCM_IRQHandler
                0x0000051c                Reserved100_IRQHandler
                0x0000051c                Reserved91_IRQHandler
                0x0000051c                CAN1_ORed_IRQHandler
                0x0000051c                SCG_IRQHandler
                0x0000051c                PDB1_IRQHandler
                0x0000051c                Reserved81_IRQHandler
                0x0000051c                Reserved46_IRQHandler
                0x0000051c                Reserved45_IRQHandler
                0x0000051c                CAN0_Error_IRQHandler
                0x0000051c                Reserved112_IRQHandler
                0x0000051c                LPI2C0_Master_IRQHandler
                0x0000051c                Reserved106_IRQHandler
                0x0000051c                LVD_LVW_IRQHandler
                0x0000051c                LPIT0_Ch2_IRQHandler
                0x0000051c                MCM_IRQHandler
                0x0000051c                CAN0_ORed_0_15_MB_IRQHandler
                0x0000051c                LPUART0_RxTx_IRQHandler
                0x0000051c                LPTMR0_IRQHandler
                0x0000051c                BusFault_Handler
                0x0000051c                Reserved87_IRQHandler
                0x0000051c                FTM1_Ovf_Reload_IRQHandler
                0x0000051c                Reserved93_IRQHandler
                0x0000051c                CAN0_Wake_Up_IRQHandler
                0x0000051c                CMP0_IRQHandler
                0x0000051c                Reserved52_IRQHandler
                0x0000051c                FLEXIO_IRQHandler
                0x0000051c                Reserved113_IRQHandler
 .text          0x00000520     0x17e8 Foc_model_Matlab.o
                0x00000520                pdb0_isr
                0x00000590                GPIPORTE10_callback
                0x000005bc                Foc_model_Matlab_SetEventsForThisBaseStep
                0x000005e4                Foc_model_Ma_FaultDetection
                0x00000684                Foc_model_Matl_HallValueof1
                0x00000690                Foc_model_Matl_HallValueof2
                0x0000069c                Foc_model_Matl_HallValueof3
                0x000006a4                Foc_model_Matl_HallValueof4
                0x000006b0                Foc_model_Matl_HallValueof5
                0x000006bc                Foc_model_Matl_HallValueof7
                0x000006c2                Foc_mod_CurrentControl_Init
                0x000007ec                Foc_mo_CurrentControl_Reset
                0x0000080c                Foc_model_Ma_CurrentControl
                0x00001288                ADC1_SC1reg2U_callback
                0x00001354                Foc_model_Matl_SpeedControl
                0x0000156c                Foc_model_Matlab_step0
                0x000015bc                Foc_model_Matlab_step1
                0x000016cc                Foc_model_Matlab_step2
                0x00001734                Foc_model_Matlab_step3
                0x00001758                Foc_model_Matlab_initialize
                0x00001d04                Foc_model_Matlab_terminate
 .text          0x00001d08      0x788 adc_driver.o
                0x00001d08                ADC_DRV_InitConverterStruct
                0x00001d24                ADC_DRV_ConfigConverter
                0x00001eac                ADC_DRV_GetConverterConfig
                0x00001f98                ADC_DRV_InitHwCompareStruct
                0x00001fa6                ADC_DRV_ConfigHwCompare
                0x00002008                ADC_DRV_GetHwCompareConfig
                0x00002040                ADC_DRV_InitHwAverageStruct
                0x00002048                ADC_DRV_ConfigHwAverage
                0x00002080                ADC_DRV_GetHwAverageConfig
                0x000020a0                ADC_DRV_InitChanStruct
                0x000020aa                ADC_DRV_ConfigChan
                0x00002100                ADC_DRV_GetChanConfig
                0x00002140                ADC_DRV_SetSwPretrigger
                0x00002184                ADC_DRV_Reset
                0x0000221c                ADC_DRV_WaitConvDone
                0x00002234                ADC_DRV_GetConvCompleteFlag
                0x00002248                ADC_DRV_GetChanResult
                0x00002260                ADC_DRV_AutoCalibration
                0x000023b8                ADC_DRV_InitUserCalibrationStruct
                0x000023c2                ADC_DRV_ConfigUserCalibration
                0x00002410                ADC_DRV_GetUserCalibration
                0x00002430                ADC_DRV_GetInterruptNumber
                0x00002440                ADC_DRV_ClearLatchedTriggers
                0x00002464                ADC_DRV_ClearTriggerErrors
                0x0000247c                ADC_DRV_GetTriggerErrorFlags
 .text          0x00002490     0x1c88 clock_S32K1xx.o
                0x00003206                CLOCK_DRV_Init
                0x00003834                CLOCK_DRV_GetFreq
                0x00003a3c                CLOCK_DRV_SetModuleClock
                0x00003ba8                CLOCK_DRV_SetSystemClock
                0x00003cd0                CLOCK_DRV_GetSystemClockSource
                0x00003d2c                CLOCK_DRV_SetClockSource
                0x00003fdc                CLOCK_SYS_Init
                0x00003ff8                CLOCK_SYS_UpdateConfiguration
                0x000040e0                CLOCK_SYS_GetCurrentConfiguration
                0x000040ec                CLOCK_SYS_GetErrorCallback
                0x00004108                CLOCK_SYS_GetFreq
                0x00004110                CLOCK_SYS_SetConfiguration
 .text          0x00004118      0xae4 edma_driver.o
                0x00004128                EDMA_DRV_InstallCallback
                0x00004148                EDMA_DRV_ReleaseChannel
                0x0000417c                EDMA_DRV_Deinit
                0x000041cc                EDMA_DRV_IRQHandler
                0x000041f8                EDMA_DRV_ErrorIRQHandler
                0x00004234                EDMA_DRV_ConfigSingleBlockTransfer
                0x0000437c                EDMA_DRV_ConfigMultiBlockTransfer
                0x000043e0                EDMA_DRV_StartChannel
                0x000043f8                EDMA_DRV_StopChannel
                0x00004410                EDMA_DRV_SetChannelRequestAndTrigger
                0x00004454                EDMA_DRV_ChannelInit
                0x000044f4                EDMA_DRV_Init
                0x000045a4                EDMA_DRV_ClearTCD
                0x000045b8                EDMA_DRV_SetSrcAddr
                0x000045cc                EDMA_DRV_SetSrcOffset
                0x000045e0                EDMA_DRV_SetSrcReadChunkSize
                0x00004606                EDMA_DRV_SetSrcLastAddrAdjustment
                0x0000461c                EDMA_DRV_SetDestLastAddrAdjustment
                0x00004632                EDMA_DRV_SetDestAddr
                0x00004648                EDMA_DRV_SetDestOffset
                0x00004660                EDMA_DRV_SetDestWriteChunkSize
                0x00004684                EDMA_DRV_SetMinorLoopBlockSize
                0x00004698                EDMA_DRV_SetMajorLoopIterationCount
                0x000046ac                EDMA_DRV_GetRemainingMajorIterationsCount
                0x000046c0                EDMA_DRV_SetScatterGatherLink
                0x000046d4                EDMA_DRV_DisableRequestsOnTransferComplete
                0x0000470c                EDMA_DRV_ConfigureInterrupt
                0x0000478c                EDMA_DRV_CancelTransfer
                0x000047a4                EDMA_DRV_TriggerSwRequest
                0x000047b4                EDMA_DRV_PushConfigToSTCD
                0x00004842                EDMA_DRV_PushConfigToReg
                0x00004a1c                EDMA_DRV_ConfigLoopTransfer
                0x00004a44                EDMA_DRV_ConfigScatterGatherTransfer
                0x00004be4                EDMA_DRV_GetChannelStatus
                0x00004bf4                EDMA_DRV_GetDmaRegBaseAddr
 .text          0x00004bfc      0x284 edma_hw_access.o
                0x00004bfc                EDMA_CancelTransfer
                0x00004c0e                EDMA_CancelTransferWithError
                0x00004c20                EDMA_SetErrorIntCmd
                0x00004c2a                EDMA_SetDmaRequestCmd
                0x00004c34                EDMA_TCDClearReg
                0x00004c7e                EDMA_Init
                0x00004ca0                EDMA_TCDSetAttribute
                0x00004cd0                EDMA_TCDSetNbytes
                0x00004d2c                EDMA_TCDSetMinorLoopOffset
                0x00004d70                EDMA_TCDSetScatterGatherLink
                0x00004d7c                EDMA_TCDSetChannelMinorLink
                0x00004de6                EDMA_TCDSetMajorCount
                0x00004e44                EDMA_TCDGetCurrentMajorCount
                0x00004e70                DMAMUX_Init
 .text          0x00004e80       0xc8 edma_irq.o
                0x00004e80                DMA0_IRQHandler
                0x00004e8a                DMA1_IRQHandler
                0x00004e94                DMA2_IRQHandler
                0x00004e9e                DMA3_IRQHandler
                0x00004ea8                DMA4_IRQHandler
                0x00004eb2                DMA5_IRQHandler
                0x00004ebc                DMA6_IRQHandler
                0x00004ec6                DMA7_IRQHandler
                0x00004ed0                DMA8_IRQHandler
                0x00004eda                DMA9_IRQHandler
                0x00004ee4                DMA10_IRQHandler
                0x00004eee                DMA11_IRQHandler
                0x00004ef8                DMA12_IRQHandler
                0x00004f02                DMA13_IRQHandler
                0x00004f0c                DMA14_IRQHandler
                0x00004f16                DMA15_IRQHandler
                0x00004f20                DMA_Error_IRQHandler
 .text          0x00004f48      0x130 freemaster_S32K1xx.o
                0x00004f48                FMSTR_Isr
                0x00004f50                FMSTR_CopyMemory
                0x00004f6e                FMSTR_CopyToBuffer
                0x00004f8e                FMSTR_CopyFromBuffer
                0x00004fb4                FMSTR_ValueFromBuffer16
                0x00004fbe                FMSTR_ValueFromBuffer32
                0x00004fc8                FMSTR_ValueToBuffer16
                0x00004fe0                FMSTR_ValueToBuffer32
                0x00004ff8                FMSTR_CopyFromBufferWithMask
                0x00005024                FMSTR_SetExAddr
                0x00005030                FMSTR_AddressToBuffer
                0x0000505c                FMSTR_AddressFromBuffer
 .text          0x00005078       0xc0 freemaster_interface_init.o
                0x00005078                freemaster_interface_init
                0x00005118                freemaster_interface_isr_init
 .text          0x00005138      0x284 freemaster_protocol.o
                0x00005138                FMSTR_Init
                0x0000514e                FMSTR_GetBoardInfo
                0x000051a0                FMSTR_ReadMem
                0x000051d2                FMSTR_ReadVar
                0x000051f6                FMSTR_WriteMem
                0x0000521c                FMSTR_WriteVar
                0x00005242                FMSTR_WriteMemMask
                0x00005268                FMSTR_ProtocolDecoder
                0x0000537a                FMSTR_WriteVarMask
                0x000053a0                FMSTR_StrLen
 .text          0x000053bc      0x4e4 freemaster_rec.o
                0x00005454                FMSTR_InitRec
                0x00005470                FMSTR_AbortRec
                0x0000547c                FMSTR_SetUpRecBuff
                0x0000547e                FMSTR_SetUpRec
                0x00005608                FMSTR_TriggerRec
                0x00005634                FMSTR_StartRec
                0x000056a0                FMSTR_StopRec
                0x000056d4                FMSTR_GetRecStatus
                0x000056fc                FMSTR_GetRecBuffSize
                0x00005702                FMSTR_IsInRecBuffer
                0x00005724                FMSTR_GetRecBuff
                0x0000577c                FMSTR_Recorder
 .text          0x000058a0       0xb4 freemaster_scope.o
                0x000058a0                FMSTR_InitScope
                0x000058a2                FMSTR_SetUpScope
                0x0000591c                FMSTR_ReadScope
 .text          0x00005954      0x32c freemaster_serial.o
                0x00005988                FMSTR_SendResponse
                0x00005a04                FMSTR_Tx
                0x00005a54                FMSTR_ProcessSCI
                0x00005adc                FMSTR_Rx
                0x00005c1c                FMSTR_InitSerial
                0x00005c3c                FMSTR_Poll
 .text          0x00005c80      0x1a0 ftm2_ch1_hall_sensor_isr.o
                0x00005c80                FTM2_Ch1_Hall_Sensor_isr
 .text          0x00005e20      0x440 ftm_chn_irq.o
                0x00005e20                FTM0_Ch0_1_IRQHandler
                0x00005e60                FTM0_Ch2_3_IRQHandler
                0x00005ea0                FTM0_Ch4_5_IRQHandler
                0x00005ee0                FTM0_Ch6_7_IRQHandler
                0x00005f20                FTM1_Ch0_1_IRQHandler
                0x00005f64                FTM1_Ch2_3_IRQHandler
                0x00005fa8                FTM1_Ch4_5_IRQHandler
                0x00005fec                FTM1_Ch6_7_IRQHandler
                0x00006030                FTM2_Ch0_1_IRQHandler
                0x00006074                FTM2_Ch2_3_IRQHandler
                0x000060b8                FTM2_Ch4_5_IRQHandler
                0x000060fc                FTM2_Ch6_7_IRQHandler
                0x00006140                FTM3_Ch0_1_IRQHandler
                0x00006184                FTM3_Ch2_3_IRQHandler
                0x000061c8                FTM3_Ch4_5_IRQHandler
                0x0000620c                FTM3_Ch6_7_IRQHandler
                0x00006250                FTM_CHR_DRV_InstallCallback
 .text          0x00006260      0x798 ftm_common.o
                0x00006260                FTM_DRV_Deinit
                0x00006280                FTM_DRV_GetDefaultConfig
                0x000062ac                FTM_DRV_MaskOutputChannels
                0x000062cc                FTM_DRV_SetInitialCounterValue
                0x000062f4                FTM_DRV_SetHalfCycleReloadPoint
                0x00006314                FTM_DRV_SetSoftOutChnValue
                0x0000634c                FTM_DRV_SetSoftwareOutputChannelControl
                0x00006378                FTM_DRV_SetAllChnSoftwareOutputControl
                0x000063a8                FTM_DRV_SetInvertingControl
                0x000063c8                FTM_DRV_SetModuloCounterValue
                0x000063f0                FTM_DRV_SetOutputlevel
                0x00006424                FTM_DRV_SetSync
                0x000065e0                FTM_DRV_GenerateHardwareTrigger
                0x000065fc                FTM_DRV_EnableInterrupts
                0x0000669c                FTM_DRV_DisableInterrupts
                0x00006738                FTM_DRV_GetEnabledInterrupts
                0x00006794                FTM_DRV_GetStatusFlags
                0x000067f0                FTM_DRV_ClearStatusFlags
                0x0000687c                FTM_DRV_GetFrequency
                0x000068e0                FTM_DRV_Init
                0x000069c0                FTM_DRV_ConvertFreqToPeriodTicks
                0x000069d4                FTM_DRV_CounterReset
 .text          0x000069f8      0x110 ftm_fault_irq.o
                0x000069f8                FTM0_Fault_IRQHandler
                0x00006a38                FTM1_Fault_IRQHandler
                0x00006a78                FTM2_Fault_IRQHandler
                0x00006ab8                FTM3_Fault_IRQHandler
                0x00006af8                FTM_FAULT_DRV_InstallCallback
 .text          0x00006b08       0xfe ftm_hw_access.o
                0x00006b08                FTM_DRV_InitModule
                0x00006b20                FTM_DRV_Reset
                0x00006b86                FTM_DRV_SetChnTriggerCmd
                0x00006bb8                FTM_DRV_SetChnInputCaptureFilter
 *fill*         0x00006c06        0x2 
 .text          0x00006c08      0x6dc ftm_ic_driver.o
                0x00006cc0                FTM_DRV_InitInputCapture
                0x00006f90                FTM_DRV_DeinitInputCapture
                0x00007060                FTM_DRV_GetInputCaptureMeasurement
                0x00007078                FTM_DRV_StartNewSignalMeasurement
                0x000070e0                FTM_IC_DRV_SetChannelMode
                0x00007224                FTM0_Ch0_Ch1_IRQHandler
                0x00007230                FTM0_Ch2_Ch3_IRQHandler
                0x0000723c                FTM0_Ch4_Ch5_IRQHandler
                0x00007248                FTM0_Ch6_Ch7_IRQHandler
                0x00007254                FTM1_Ch0_Ch1_IRQHandler
                0x00007260                FTM1_Ch2_Ch3_IRQHandler
                0x0000726c                FTM1_Ch4_Ch5_IRQHandler
                0x00007278                FTM1_Ch6_Ch7_IRQHandler
                0x00007284                FTM2_Ch0_Ch1_IRQHandler
                0x00007290                FTM2_Ch2_Ch3_IRQHandler
                0x0000729c                FTM2_Ch4_Ch5_IRQHandler
                0x000072a8                FTM2_Ch6_Ch7_IRQHandler
                0x000072b4                FTM3_Ch0_Ch1_IRQHandler
                0x000072c0                FTM3_Ch2_Ch3_IRQHandler
                0x000072cc                FTM3_Ch4_Ch5_IRQHandler
                0x000072d8                FTM3_Ch6_Ch7_IRQHandler
 .text          0x000072e4      0x9b4 ftm_pwm_driver.o
                0x000072e4                FTM_DRV_DeinitPwm
                0x000073f0                FTM_DRV_UpdatePwmChannel
                0x000074f4                FTM_DRV_InitPwm
                0x00007b2c                FTM_DRV_UpdatePwmPeriod
                0x00007b88                FTM_DRV_FastUpdatePwmChannels
                0x00007bc8                FTM_DRV_ControlChannelOutput
                0x00007bf8                FTM_PWM_DRV_IrqHandler
 .text          0x00007c98      0x128 gpio_irq.o
                0x00007c98                PORTA_IRQHandler
                0x00007cd0                PORTB_IRQHandler
                0x00007d08                PORTC_IRQHandler
                0x00007d40                PORTD_IRQHandler
                0x00007d78                PORTE_IRQHandler
                0x00007db0                GPI_DRV_InstallCallback
 .text          0x00007dc0       0x3c gt_pf.o
                0x00007dc0                profiler_init
                0x00007df0                gt_pf
 .text          0x00007dfc      0x1ac interrupt_manager.o
                0x00007dfc                INT_SYS_InstallHandler
                0x00007e3c                INT_SYS_EnableIRQ
                0x00007e54                INT_SYS_DisableIRQ
                0x00007e70                INT_SYS_EnableIRQGlobal
                0x00007e8c                INT_SYS_DisableIRQGlobal
                0x00007e9c                INT_SYS_SetPriority
                0x00007ef4                INT_SYS_GetPriority
                0x00007f38                INT_SYS_ClearPending
                0x00007f54                INT_SYS_SetPending
                0x00007f70                INT_SYS_GetPending
                0x00007f8c                INT_SYS_GetActive
 .text          0x00007fa8      0x62c lpit_driver.o
                0x00007fa8                LPIT_DRV_GetDefaultConfig
                0x00007fb0                LPIT_DRV_GetDefaultChanConfig
                0x00007fd0                LPIT_DRV_Init
                0x0000807c                LPIT_DRV_Deinit
                0x0000808c                LPIT_DRV_StartTimerChannels
                0x0000809c                LPIT_DRV_StopTimerChannels
                0x000080ac                LPIT_DRV_SetTimerPeriodByUs
                0x00008158                LPIT_DRV_InitChannel
                0x000082e0                LPIT_DRV_SetTimerPeriodInDual16ModeByUs
                0x00008364                LPIT_DRV_GetTimerPeriodByUs
                0x00008478                LPIT_DRV_GetCurrentTimerUs
                0x00008530                LPIT_DRV_SetTimerPeriodByCount
                0x00008540                LPIT_DRV_SetTimerPeriodInDual16ModeByCount
                0x00008554                LPIT_DRV_GetTimerPeriodByCount
                0x00008578                LPIT_DRV_GetCurrentTimerCount
                0x0000859c                LPIT_DRV_EnableTimerChannelInterrupt
                0x000085ac                LPIT_DRV_DisableTimerChannelInterrupt
                0x000085bc                LPIT_DRV_GetInterruptFlagTimerChannels
                0x000085c8                LPIT_DRV_ClearInterruptFlagTimerChannels
 .text          0x000085d4      0x20c lpspi_hw_access.o
                0x000085d4                LPSPI_Init
                0x000085de                LPSPI_Disable
                0x000085f6                LPSPI_SetMasterSlaveMode
                0x00008604                LPSPI_SetFlushFifoCmd
                0x00008612                LPSPI_ClearStatusFlag
                0x00008632                LPSPI_SetPcsPolarityMode
                0x0000864e                LPSPI_SetPinConfigMode
                0x00008670                LPSPI_SetBaudRateDivisor
                0x00008680                LPSPI_SetBaudRate
                0x00008788                LPSPI_SetTxCommandReg
                0x000087d2                LPSPI_SetPcs
 .text          0x000087e0       0x1e lpspi_irq.o
                0x000087e0                LPSPI0_IRQHandler
                0x000087ea                LPSPI1_IRQHandler
                0x000087f4                LPSPI2_IRQHandler
 *fill*         0x000087fe        0x2 
 .text          0x00008800      0x744 lpspi_master_driver.o
                0x00008a78                LPSPI_DRV_MasterGetDefaultConfig
                0x00008aa8                LPSPI_DRV_MasterDeinit
                0x00008ae0                LPSPI_DRV_MasterSetDelay
                0x00008b30                LPSPI_DRV_MasterConfigureBus
                0x00008c44                LPSPI_DRV_MasterInit
                0x00008cc4                LPSPI_DRV_MasterTransferBlocking
                0x00008d84                LPSPI_DRV_MasterTransfer
                0x00008d92                LPSPI_DRV_MasterGetTransferStatus
                0x00008dc0                LPSPI_DRV_MasterAbortTransfer
                0x00008e4c                LPSPI_DRV_SetPcs
                0x00008e90                LPSPI_DRV_MasterIRQHandler
 .text          0x00008f44      0x198 lpspi_shared_function.o
                0x00008f44                LPSPI_DRV_IRQHandler
                0x00008f6c                LPSPI_DRV_FillupTxBuffer
                0x00009020                LPSPI_DRV_ReadRXBuffer
                0x000090ac                LPSPI_DRV_DisableTEIEInterrupts
 .text          0x000090dc      0x5d0 lpspi_slave_driver.o
                0x000090dc                LPSPI_DRV_SlaveGetDefaultConfig
                0x000090fa                LPSPI_DRV_SlaveInit
                0x000091f8                LPSPI_DRV_SlaveDeinit
                0x00009234                LPSPI_DRV_SlaveTransfer
                0x0000946c                LPSPI_DRV_SlaveAbortTransfer
                0x000094e0                LPSPI_DRV_SlaveTransferBlocking
                0x000095ac                LPSPI_DRV_SlaveIRQHandler
                0x00009680                LPSPI_DRV_SlaveGetTransferStatus
 .text          0x000096ac      0xdf4 lpuart_driver.o
                0x00009bb0                LPUART_DRV_GetDefaultConfig
                0x00009bc8                LPUART_DRV_Deinit
                0x00009c38                LPUART_DRV_InstallRxCallback
                0x00009c4c                LPUART_DRV_InstallTxCallback
                0x00009c60                LPUART_DRV_SendDataBlocking
                0x00009cbc                LPUART_DRV_SendDataPolling
                0x00009d40                LPUART_DRV_SendData
                0x00009d64                LPUART_DRV_GetTransmitStatus
                0x00009d9c                LPUART_DRV_AbortSendingData
                0x00009dc8                LPUART_DRV_ReceiveDataBlocking
                0x00009e24                LPUART_DRV_ReceiveDataPolling
                0x00009f6c                LPUART_DRV_ReceiveData
                0x00009f90                LPUART_DRV_GetReceiveStatus
                0x00009fc8                LPUART_DRV_AbortReceivingData
                0x00009ff4                LPUART_DRV_SetBaudRate
                0x0000a0e0                LPUART_DRV_Init
                0x0000a1bc                LPUART_DRV_GetBaudRate
                0x0000a1f4                LPUART_DRV_SetTxBuffer
                0x0000a208                LPUART_DRV_SetRxBuffer
                0x0000a21c                LPUART_DRV_IRQHandler
 .text          0x0000a4a0      0x34c lpuart_hw_access.o
                0x0000a4a0                LPUART_Init
                0x0000a4c4                LPUART_SetBitCountPerChar
                0x0000a4f4                LPUART_SetParityMode
                0x0000a512                LPUART_Putchar9
                0x0000a528                LPUART_Putchar10
                0x0000a54a                LPUART_Getchar9
                0x0000a55c                LPUART_Getchar10
                0x0000a57a                LPUART_SetIntMode
                0x0000a5ea                LPUART_GetIntMode
                0x0000a634                LPUART_GetStatusFlag
                0x0000a67c                LPUART_ClearStatusFlag
                0x0000a7ac                LPUART_SetErrorInterrupts
 .text          0x0000a7ec       0x1e lpuart_irq.o
                0x0000a7ec                LPUART0_IrqHandler
                0x0000a7f6                LPUART1_IrqHandler
                0x0000a800                LPUART2_IrqHandler
 *fill*         0x0000a80a        0x2 
 .text          0x0000a80c       0x74 mbd_adc_irq.o
                0x0000a80c                ADC_CommonIRQHandler
                0x0000a85c                ADC_InstallCallback
                0x0000a86c                ADC0_IRQHandler
                0x0000a876                ADC1_IRQHandler
 .text          0x0000a880       0xc8 mbd_main.o
                0x0000a880                TPP_InitializeOutputs
                0x0000a882                SYSTEM_INIT_TASK
                0x0000a88a                SYSTEM_TASK
                0x0000a8d0                LPIT0_Ch0_IRQHandler
                0x0000a8e0                lpit0_init
                0x0000a8e2                lpit0_init_step_timer
                0x0000a91c                main
 .text          0x0000a948      0x150 osif_baremetal.o
                0x0000a948                SysTick_Handler
                0x0000a958                OSIF_TimeDelay
                0x0000a9b8                OSIF_GetMilliseconds
                0x0000a9c4                OSIF_MutexLock
                0x0000a9c8                OSIF_MutexUnlock
                0x0000a9cc                OSIF_MutexCreate
                0x0000a9d0                OSIF_MutexDestroy
                0x0000a9d4                OSIF_SemaWait
                0x0000aa58                OSIF_SemaPost
                0x0000aa7e                OSIF_SemaCreate
                0x0000aa92                OSIF_SemaDestroy
 .text          0x0000aa98      0x284 pdb_driver.o
                0x0000aa98                PDB_DRV_Init
                0x0000ab04                PDB_DRV_Deinit
                0x0000ab34                PDB_DRV_GetDefaultConfig
                0x0000ab4a                PDB_DRV_Enable
                0x0000ab60                PDB_DRV_Disable
                0x0000ab74                PDB_DRV_SoftTriggerCmd
                0x0000ab88                PDB_DRV_GetTimerValue
                0x0000ab98                PDB_DRV_GetTimerIntFlag
                0x0000abac                PDB_DRV_ClearTimerIntFlag
                0x0000abcc                PDB_DRV_LoadValuesCmd
                0x0000abe0                PDB_DRV_SetTimerModulusValue
                0x0000abf8                PDB_DRV_SetValueForTimerInterrupt
                0x0000ac10                PDB_DRV_ConfigAdcPreTrigger
                0x0000ac54                PDB_DRV_GetAdcPreTriggerFlags
                0x0000ac70                PDB_DRV_ClearAdcPreTriggerFlags
                0x0000ac84                PDB_DRV_GetAdcPreTriggerSeqErrFlags
                0x0000aca0                PDB_DRV_ClearAdcPreTriggerSeqErrFlags
                0x0000acb4                PDB_DRV_SetAdcPreTriggerDelayValue
                0x0000acd8                PDB_DRV_SetCmpPulseOutEnable
                0x0000acec                PDB_DRV_SetCmpPulseOutDelayForHigh
                0x0000ad04                PDB_DRV_SetCmpPulseOutDelayForLow
 .text          0x0000ad1c      0x19c pdb_hw_access.o
                0x0000ad1c                PDB_Init
                0x0000ad74                PDB_ConfigTimer
                0x0000add0                PDB_SetAdcPreTriggerBackToBackEnable
                0x0000ae02                PDB_SetAdcPreTriggerOutputEnable
                0x0000ae30                PDB_SetAdcPreTriggerEnable
                0x0000ae5a                PDB_ClearAdcPreTriggerFlags
                0x0000ae7e                PDB_ClearAdcPreTriggerSeqErrFlags
                0x0000aea0                PDB_SetCmpPulseOutEnable
 .text          0x0000aeb8      0x144 pins_driver.o
                0x0000aeb8                PINS_DRV_Init
                0x0000aed8                PINS_DRV_SetPullSel
                0x0000af12                PINS_DRV_SetMuxModeSel
                0x0000af1a                PINS_DRV_SetPinIntSel
                0x0000af30                PINS_DRV_GetPinIntSel
                0x0000af3a                PINS_DRV_ClearPinIntFlagCmd
                0x0000af48                PINS_DRV_EnableDigitalFilter
                0x0000af5a                PINS_DRV_DisableDigitalFilter
                0x0000af6e                PINS_DRV_ConfigDigitalFilter
                0x0000af84                PINS_DRV_GetPortIntFlag
                0x0000af8a                PINS_DRV_ClearPortIntFlagCmd
                0x0000af94                PINS_DRV_GetPinsDirection
                0x0000af98                PINS_DRV_SetPinDirection
                0x0000afb0                PINS_DRV_SetPinsDirection
                0x0000afb4                PINS_DRV_SetPortInputDisable
                0x0000afb8                PINS_DRV_GetPortInputDisable
                0x0000afbc                PINS_DRV_SetGlobalPinControl
                0x0000afc4                PINS_DRV_SetGlobalIntControl
                0x0000afcc                PINS_DRV_WritePin
                0x0000afe4                PINS_DRV_WritePins
                0x0000afe8                PINS_DRV_GetPinsOutput
                0x0000afec                PINS_DRV_SetPins
                0x0000aff0                PINS_DRV_ClearPins
                0x0000aff4                PINS_DRV_TogglePins
                0x0000aff8                PINS_DRV_ReadPins
 .text          0x0000affc      0x224 pins_port_hw_access.o
                0x0000b06c                PINS_Init
                0x0000b180                PINS_SetMuxModeSel
                0x0000b1d0                PINS_SetGlobalPinControl
                0x0000b1fc                PINS_SetGlobalIntControl
 .text          0x0000b220      0x1d0 power_manager.o
                0x0000b2c4                POWER_SYS_Init
                0x0000b2f0                POWER_SYS_Deinit
                0x0000b308                POWER_SYS_GetLastMode
                0x0000b320                POWER_SYS_GetLastModeConfig
                0x0000b33c                POWER_SYS_GetErrorCallbackIndex
                0x0000b348                POWER_SYS_GetErrorCallback
                0x0000b364                POWER_SYS_SetMode
                0x0000b3e4                POWER_SYS_GetDefaultConfig
 .text          0x0000b3f0      0x504 power_manager_S32K1xx.o
                0x0000b4bc                POWER_SYS_DoInit
                0x0000b554                POWER_SYS_DoDeinit
                0x0000b568                POWER_SYS_GetCurrentMode
                0x0000b58c                POWER_SYS_DoSetMode
                0x0000b892                POWER_SYS_GetResetSrcStatusCmd
 .text          0x0000b8f4      0x184 power_smc_hw_access.o
                0x0000b964                SMC_SetPowerMode
                0x0000ba60                SMC_SetProtectionMode
 .text          0x0000ba78       0x3c rtGetInf.o
                0x0000ba78                rtGetInf
                0x0000ba88                rtGetInfF
                0x0000ba94                rtGetMinusInf
                0x0000baa8                rtGetMinusInfF
 *fill*         0x0000bab4        0x4 
 .text          0x0000bab8       0x1c rtGetNaN.o
                0x0000bab8                rtGetNaN
                0x0000bac8                rtGetNaNF
 .text          0x0000bad4      0x114 rt_nonfinite.o
                0x0000bad4                rt_InitInfAndNaN
                0x0000bb2c                rtIsInf
                0x0000bb6c                rtIsInfF
                0x0000bba0                rtIsNaN
                0x0000bbc8                rtIsNaNF
 .text          0x0000bbe8       0x26 rtmodel.o
                0x0000bbe8                Foc_model_Matlab_step
 *fill*         0x0000bc0e        0x2 
 .text          0x0000bc10      0x118 s32k_clock_init.o
                0x0000bc10                Clock_Setup
                0x0000bd10                UpdateSystickConfig
 .text          0x0000bd28      0x170 spi_aml.o
                0x0000bd28                SPI_AML_MasterInit
                0x0000bd38                SPI_AML_SlaveInit
                0x0000bd48                SPI_AML_MasterDeinit
                0x0000bd50                SPI_AML_SlaveDeinit
                0x0000bd58                SPI_AML_MasterGetDefaultConfig
                0x0000bd88                SPI_AML_SlaveGetDefaultConfig
                0x0000bda4                SPI_AML_MasterFillSdkConfig
                0x0000bde8                SPI_AML_SlaveFillSdkConfig
                0x0000be0a                SPI_AML_MasterSelectDevice
                0x0000be28                SPI_AML_MasterUnselectDevice
                0x0000be44                SPI_AML_MasterTransfer
                0x0000be72                SPI_AML_SlaveTransfer
 .text          0x0000be98       0xd8 startup.o
                0x0000be98                init_data_bss
 .text          0x0000bf70       0xd4 system_S32K144.o
                0x0000bf70                SystemInit
                0x0000bfac                SystemCoreClockUpdate
                0x0000c02c                SystemSoftwareReset
 .text          0x0000c044      0x55c tpp.o
                0x0000c044                TPP_ConfigureGpio
                0x0000c0a8                TPP_ConfigureSpi
                0x0000c134                TPP_SendCommand
                0x0000c178                TPP_GetStatusRegister
                0x0000c1b4                TPP_SetInterruptMasks
                0x0000c228                TPP_ClearInterrupts
                0x0000c284                TPP_SetModeRegister
                0x0000c2ea                TPP_SetDeadtime
                0x0000c414                TPP_SetOperationalMode
                0x0000c558                TPP_Init
                0x0000c594                TPP_Deinit
 .text          0x0000c5a0      0x4e4 tpp_ic_init.o
                0x0000c5a0                TPP_tppDrvConfig
                0x0000c5f8                TPP_init_pins
                0x0000c7ac                TPP_reconfig_pwm_pins
                0x0000c878                toggle_restoreTppPwmPins
                0x0000ca18                TPP_IC_Init
                0x0000ca40                tpp_interrupt_enable
                0x0000ca70                tpp_interrupt_disable
 .text          0x0000ca84       0xdc trgmux_driver.o
                0x0000ca84                TRGMUX_DRV_Init
                0x0000cae8                TRGMUX_DRV_Deinit
                0x0000caf8                TRGMUX_DRV_SetTrigSourceForTargetModule
                0x0000cb20                TRGMUX_DRV_GetTrigSourceForTargetModule
                0x0000cb30                TRGMUX_DRV_SetLockForTargetModule
                0x0000cb40                TRGMUX_DRV_GetLockForTargetModule
                0x0000cb50                TRGMUX_DRV_GenSWTrigger
 .text          0x0000cb60       0xb0 trgmux_hw_access.o
                0x0000cb60                TRGMUX_Init
                0x0000cbbc                TRGMUX_SetTrigSourceForTargetModule
                0x0000cbe2                TRGMUX_GetTrigSourceForTargetModule
                0x0000cbf6                TRGMUX_SetLockForTargetModule
                0x0000cc06                TRGMUX_GetLockForTargetModule
 .text          0x0000cc10       0xb8 wait_aml.o
                0x0000cc10                WAIT_AML_GetSysFreq
                0x0000cc24                WAIT_AML_WaitCycles
                0x0000cc36                WAIT_AML_WaitMs
                0x0000cc70                WAIT_AML_WaitSec
                0x0000cc8c                WAIT_AML_WaitUs
 .text          0x0000ccc8      0x378 c:/users/diego/appdata/roaming/mathworks/matlab add-ons/toolboxes/nxp_mbdtoolbox_s32k1xx(2)/tools/gcc-6.3-arm32-eabi/bin/../lib/gcc/arm-none-eabi/6.3.1/thumb/v7e-m/fpv4-sp/hard\libgcc.a(_arm_addsubdf3.o)
                0x0000ccc8                __aeabi_drsub
                0x0000ccd0                __aeabi_dsub
                0x0000ccd0                __subdf3
                0x0000ccd4                __aeabi_dadd
                0x0000ccd4                __adddf3
                0x0000cf4c                __floatunsidf
                0x0000cf4c                __aeabi_ui2d
                0x0000cf6c                __floatsidf
                0x0000cf6c                __aeabi_i2d
                0x0000cf90                __aeabi_f2d
                0x0000cf90                __extendsfdf2
                0x0000cfd4                __floatundidf
                0x0000cfd4                __aeabi_ul2d
                0x0000cfe4                __floatdidf
                0x0000cfe4                __aeabi_l2d
 .text          0x0000d040      0x424 c:/users/diego/appdata/roaming/mathworks/matlab add-ons/toolboxes/nxp_mbdtoolbox_s32k1xx(2)/tools/gcc-6.3-arm32-eabi/bin/../lib/gcc/arm-none-eabi/6.3.1/thumb/v7e-m/fpv4-sp/hard\libgcc.a(_arm_muldivdf3.o)
                0x0000d040                __aeabi_dmul
                0x0000d040                __muldf3
                0x0000d294                __divdf3
                0x0000d294                __aeabi_ddiv
 .text          0x0000d464      0x110 c:/users/diego/appdata/roaming/mathworks/matlab add-ons/toolboxes/nxp_mbdtoolbox_s32k1xx(2)/tools/gcc-6.3-arm32-eabi/bin/../lib/gcc/arm-none-eabi/6.3.1/thumb/v7e-m/fpv4-sp/hard\libgcc.a(_arm_cmpdf2.o)
                0x0000d464                __gtdf2
                0x0000d464                __gedf2
                0x0000d46c                __ltdf2
                0x0000d46c                __ledf2
                0x0000d474                __nedf2
                0x0000d474                __eqdf2
                0x0000d474                __cmpdf2
                0x0000d4f0                __aeabi_cdrcmple
                0x0000d500                __aeabi_cdcmpeq
                0x0000d500                __aeabi_cdcmple
                0x0000d510                __aeabi_dcmpeq
                0x0000d524                __aeabi_dcmplt
                0x0000d538                __aeabi_dcmple
                0x0000d54c                __aeabi_dcmpge
                0x0000d560                __aeabi_dcmpgt
 .text          0x0000d574       0x2c c:/users/diego/appdata/roaming/mathworks/matlab add-ons/toolboxes/nxp_mbdtoolbox_s32k1xx(2)/tools/gcc-6.3-arm32-eabi/bin/../lib/gcc/arm-none-eabi/6.3.1/thumb/v7e-m/fpv4-sp/hard\libgcc.a(_arm_unorddf2.o)
                0x0000d574                __unorddf2
                0x0000d574                __aeabi_dcmpun
 .text          0x0000d5a0       0xa0 c:/users/diego/appdata/roaming/mathworks/matlab add-ons/toolboxes/nxp_mbdtoolbox_s32k1xx(2)/tools/gcc-6.3-arm32-eabi/bin/../lib/gcc/arm-none-eabi/6.3.1/thumb/v7e-m/fpv4-sp/hard\libgcc.a(_arm_truncdfsf2.o)
                0x0000d5a0                __truncdfsf2
                0x0000d5a0                __aeabi_d2f
 .text          0x0000d640       0x30 c:/users/diego/appdata/roaming/mathworks/matlab add-ons/toolboxes/nxp_mbdtoolbox_s32k1xx(2)/tools/gcc-6.3-arm32-eabi/bin/../lib/gcc/arm-none-eabi/6.3.1/thumb/v7e-m/fpv4-sp/hard\libgcc.a(_aeabi_uldivmod.o)
                0x0000d640                __aeabi_uldivmod
 .text          0x0000d670      0x2e4 c:/users/diego/appdata/roaming/mathworks/matlab add-ons/toolboxes/nxp_mbdtoolbox_s32k1xx(2)/tools/gcc-6.3-arm32-eabi/bin/../lib/gcc/arm-none-eabi/6.3.1/thumb/v7e-m/fpv4-sp/hard\libgcc.a(_udivmoddi4.o)
                0x0000d670                __udivmoddi4
 .text          0x0000d954        0x4 c:/users/diego/appdata/roaming/mathworks/matlab add-ons/toolboxes/nxp_mbdtoolbox_s32k1xx(2)/tools/gcc-6.3-arm32-eabi/bin/../lib/gcc/arm-none-eabi/6.3.1/thumb/v7e-m/fpv4-sp/hard\libgcc.a(_dvmd_tls.o)
                0x0000d954                __aeabi_idiv0
                0x0000d954                __aeabi_ldiv0
 *(.text*)
 .text.floor    0x0000d958      0x108 C:/Users/diego/AppData/Roaming/MathWorks/MATLAB Add-Ons/Toolboxes/NXP_MBDToolbox_S32K1xx(2)/tools/gcc-6.3-arm32-eabi/arm-none-eabi/newlib/lib/thumb/v7e-m/fpv4-sp/hard\libm.a(lib_a-s_floor.o)
                0x0000d958                floor
 .text.sqrt     0x0000da60       0xb4 C:/Users/diego/AppData/Roaming/MathWorks/MATLAB Add-Ons/Toolboxes/NXP_MBDToolbox_S32K1xx(2)/tools/gcc-6.3-arm32-eabi/arm-none-eabi/newlib/lib/thumb/v7e-m/fpv4-sp/hard\libm.a(lib_a-w_sqrt.o)
                0x0000da60                sqrt
 .text.__ieee754_sqrt
                0x0000db14      0x160 C:/Users/diego/AppData/Roaming/MathWorks/MATLAB Add-Ons/Toolboxes/NXP_MBDToolbox_S32K1xx(2)/tools/gcc-6.3-arm32-eabi/arm-none-eabi/newlib/lib/thumb/v7e-m/fpv4-sp/hard\libm.a(lib_a-e_sqrt.o)
                0x0000db14                __ieee754_sqrt
 .text.matherr  0x0000dc74        0x4 C:/Users/diego/AppData/Roaming/MathWorks/MATLAB Add-Ons/Toolboxes/NXP_MBDToolbox_S32K1xx(2)/tools/gcc-6.3-arm32-eabi/arm-none-eabi/newlib/lib/thumb/v7e-m/fpv4-sp/hard\libm.a(lib_a-s_matherr.o)
                0x0000dc74                matherr
 .text.__errno  0x0000dc78        0xc C:/Users/diego/AppData/Roaming/MathWorks/MATLAB Add-Ons/Toolboxes/NXP_MBDToolbox_S32K1xx(2)/tools/gcc-6.3-arm32-eabi/arm-none-eabi/newlib/lib/thumb/v7e-m/fpv4-sp/hard\libc.a(lib_a-errno.o)
                0x0000dc78                __errno
 .text.memset   0x0000dc84       0x10 C:/Users/diego/AppData/Roaming/MathWorks/MATLAB Add-Ons/Toolboxes/NXP_MBDToolbox_S32K1xx(2)/tools/gcc-6.3-arm32-eabi/arm-none-eabi/newlib/lib/thumb/v7e-m/fpv4-sp/hard\libc.a(lib_a-memset.o)
                0x0000dc84                memset
 .text.startup.register_fini
                0x0000dc94       0x14 C:/Users/diego/AppData/Roaming/MathWorks/MATLAB Add-Ons/Toolboxes/NXP_MBDToolbox_S32K1xx(2)/tools/gcc-6.3-arm32-eabi/arm-none-eabi/newlib/lib/thumb/v7e-m/fpv4-sp/hard\libc.a(lib_a-__call_atexit.o)
 .text.__libc_fini_array
                0x0000dca8       0x28 C:/Users/diego/AppData/Roaming/MathWorks/MATLAB Add-Ons/Toolboxes/NXP_MBDToolbox_S32K1xx(2)/tools/gcc-6.3-arm32-eabi/arm-none-eabi/newlib/lib/thumb/v7e-m/fpv4-sp/hard\libc.a(lib_a-fini.o)
                0x0000dca8                __libc_fini_array
 .text.atexit   0x0000dcd0        0xc C:/Users/diego/AppData/Roaming/MathWorks/MATLAB Add-Ons/Toolboxes/NXP_MBDToolbox_S32K1xx(2)/tools/gcc-6.3-arm32-eabi/arm-none-eabi/newlib/lib/thumb/v7e-m/fpv4-sp/hard\libc.a(lib_a-atexit.o)
                0x0000dcd0                atexit
 .text.__register_exitproc
                0x0000dcdc       0x98 C:/Users/diego/AppData/Roaming/MathWorks/MATLAB Add-Ons/Toolboxes/NXP_MBDToolbox_S32K1xx(2)/tools/gcc-6.3-arm32-eabi/arm-none-eabi/newlib/lib/thumb/v7e-m/fpv4-sp/hard\libc.a(lib_a-__atexit.o)
                0x0000dcdc                __register_exitproc
 *(.rodata)
 .rodata        0x0000dd74       0x1c Foc_model_Matlab.o
                0x0000dd74                pdbTrgmuxUserConfig
                0x0000dd8c                Foc_model_Matlab_M
 .rodata        0x0000dd90      0xfac Foc_model_Matlab_data.o
                0x0000dd90                Foc_model_Matlab_ConstP
                0x0000ed38                Foc_model_Matlab_ConstB
 .rodata        0x0000ed3c        0xa adc_driver.o
 *fill*         0x0000ed46        0x2 
 .rodata        0x0000ed48      0x20d clock_S32K1xx.o
                0x0000ee44                clockNameMappings
                0x0000eef4                peripheralFeaturesList
 *fill*         0x0000ef55        0x3 
 .rodata        0x0000ef58       0x10 edma_driver.o
 .rodata        0x0000ef68       0x40 ftm_common.o
                0x0000ef68                g_ftmBase
                0x0000ef78                g_ftmOverflowIrqId
                0x0000ef7c                g_ftmFaultIrqId
                0x0000ef80                g_ftmReloadIrqId
                0x0000ef84                g_ftmIrqId
 .rodata        0x0000efa8       0x1c gt_pf.o
 .rodata        0x0000efc4       0x20 lpspi_hw_access.o
 .rodata        0x0000efe4       0x13 lpuart_driver.o
 *fill*         0x0000eff7        0x1 
 .rodata        0x0000eff8       0x18 mbd_main.o
 .rodata        0x0000f010        0xe pdb_driver.o
 *fill*         0x0000f01e        0x2 
 .rodata        0x0000f020       0x14 spi_aml.o
 .rodata        0x0000f034       0x14 tpp.o
 .rodata        0x0000f048       0x35 trgmux_hw_access.o
 *(.rodata*)
 *fill*         0x0000f07d        0x3 
 .rodata.str1.4
                0x0000f080       0x14 freemaster_protocol.o
                                 0x13 (size before relaxing)
 .rodata.sqrt.str1.1
                0x0000f094        0x5 C:/Users/diego/AppData/Roaming/MathWorks/MATLAB Add-Ons/Toolboxes/NXP_MBDToolbox_S32K1xx(2)/tools/gcc-6.3-arm32-eabi/arm-none-eabi/newlib/lib/thumb/v7e-m/fpv4-sp/hard\libm.a(lib_a-w_sqrt.o)
 *fill*         0x0000f099        0x3 
 .rodata._global_impure_ptr
                0x0000f09c        0x4 C:/Users/diego/AppData/Roaming/MathWorks/MATLAB Add-Ons/Toolboxes/NXP_MBDToolbox_S32K1xx(2)/tools/gcc-6.3-arm32-eabi/arm-none-eabi/newlib/lib/thumb/v7e-m/fpv4-sp/hard\libc.a(lib_a-impure.o)
                0x0000f09c                _global_impure_ptr
 *(.glue_7)
 .glue_7        0x0000f0a0        0x0 linker stubs
 *(.glue_7t)
 .glue_7t       0x0000f0a0        0x0 linker stubs
 *(.eh_frame)
 .eh_frame      0x0000f0a0        0x0 c:/users/diego/appdata/roaming/mathworks/matlab add-ons/toolboxes/nxp_mbdtoolbox_s32k1xx(2)/tools/gcc-6.3-arm32-eabi/bin/../lib/gcc/arm-none-eabi/6.3.1/thumb/v7e-m/fpv4-sp/hard/crtbegin.o
 *(.init)
 .init          0x0000f0a0        0x4 c:/users/diego/appdata/roaming/mathworks/matlab add-ons/toolboxes/nxp_mbdtoolbox_s32k1xx(2)/tools/gcc-6.3-arm32-eabi/bin/../lib/gcc/arm-none-eabi/6.3.1/thumb/v7e-m/fpv4-sp/hard/crti.o
                0x0000f0a0                _init
 .init          0x0000f0a4        0x8 c:/users/diego/appdata/roaming/mathworks/matlab add-ons/toolboxes/nxp_mbdtoolbox_s32k1xx(2)/tools/gcc-6.3-arm32-eabi/bin/../lib/gcc/arm-none-eabi/6.3.1/thumb/v7e-m/fpv4-sp/hard/crtn.o
 *(.fini)
 .fini          0x0000f0ac        0x4 c:/users/diego/appdata/roaming/mathworks/matlab add-ons/toolboxes/nxp_mbdtoolbox_s32k1xx(2)/tools/gcc-6.3-arm32-eabi/bin/../lib/gcc/arm-none-eabi/6.3.1/thumb/v7e-m/fpv4-sp/hard/crti.o
                0x0000f0ac                _fini
 .fini          0x0000f0b0        0x8 c:/users/diego/appdata/roaming/mathworks/matlab add-ons/toolboxes/nxp_mbdtoolbox_s32k1xx(2)/tools/gcc-6.3-arm32-eabi/bin/../lib/gcc/arm-none-eabi/6.3.1/thumb/v7e-m/fpv4-sp/hard/crtn.o
                0x0000f0b8                . = ALIGN (0x4)

.vfp11_veneer   0x0000f0b8        0x0
 .vfp11_veneer  0x0000f0b8        0x0 linker stubs

.v4_bx          0x0000f0b8        0x0
 .v4_bx         0x0000f0b8        0x0 linker stubs

.iplt           0x0000f0b8        0x0
 .iplt          0x0000f0b8        0x0 c:/users/diego/appdata/roaming/mathworks/matlab add-ons/toolboxes/nxp_mbdtoolbox_s32k1xx(2)/tools/gcc-6.3-arm32-eabi/bin/../lib/gcc/arm-none-eabi/6.3.1/thumb/v7e-m/fpv4-sp/hard/crtbegin.o

.ARM.extab
 *(.ARM.extab* .gnu.linkonce.armextab.*)

.ARM            0x0000f0b8        0x8
                0x0000f0b8                __exidx_start = .
 *(.ARM.exidx*)
 .ARM.exidx     0x0000f0b8        0x8 c:/users/diego/appdata/roaming/mathworks/matlab add-ons/toolboxes/nxp_mbdtoolbox_s32k1xx(2)/tools/gcc-6.3-arm32-eabi/bin/../lib/gcc/arm-none-eabi/6.3.1/thumb/v7e-m/fpv4-sp/hard\libgcc.a(_udivmoddi4.o)
                0x0000f0c0                __exidx_end = .

.rel.dyn        0x0000f0c0        0x0
 .rel.iplt      0x0000f0c0        0x0 c:/users/diego/appdata/roaming/mathworks/matlab add-ons/toolboxes/nxp_mbdtoolbox_s32k1xx(2)/tools/gcc-6.3-arm32-eabi/bin/../lib/gcc/arm-none-eabi/6.3.1/thumb/v7e-m/fpv4-sp/hard/crtbegin.o

.ctors          0x0000f0c0        0x0
                0x0000f0c0                __CTOR_LIST__ = .
 *crtbegin.o(.ctors)
 *crtbegin?.o(.ctors)
 *(EXCLUDE_FILE(*crtend.o *crtend?.o) .ctors)
 *(SORT(.ctors.*))
 *(.ctors)
                0x0000f0c0                __CTOR_END__ = .

.dtors          0x0000f0c0        0x0
                0x0000f0c0                __DTOR_LIST__ = .
 *crtbegin.o(.dtors)
 *crtbegin?.o(.dtors)
 *(EXCLUDE_FILE(*crtend.o *crtend?.o) .dtors)
 *(SORT(.dtors.*))
 *(.dtors)
                0x0000f0c0                __DTOR_END__ = .

.preinit_array  0x0000f0c0        0x0
                0x0000f0c0                PROVIDE (__preinit_array_start, .)
 *(.preinit_array*)
                0x0000f0c0                PROVIDE (__preinit_array_end, .)

.init_array     0x0000f0c0        0x8
                0x0000f0c0                PROVIDE (__init_array_start, .)
 *(SORT(.init_array.*))
 .init_array.00000
                0x0000f0c0        0x4 C:/Users/diego/AppData/Roaming/MathWorks/MATLAB Add-Ons/Toolboxes/NXP_MBDToolbox_S32K1xx(2)/tools/gcc-6.3-arm32-eabi/arm-none-eabi/newlib/lib/thumb/v7e-m/fpv4-sp/hard\libc.a(lib_a-__call_atexit.o)
 *(.init_array*)
 .init_array    0x0000f0c4        0x4 c:/users/diego/appdata/roaming/mathworks/matlab add-ons/toolboxes/nxp_mbdtoolbox_s32k1xx(2)/tools/gcc-6.3-arm32-eabi/bin/../lib/gcc/arm-none-eabi/6.3.1/thumb/v7e-m/fpv4-sp/hard/crtbegin.o
                0x0000f0c8                PROVIDE (__init_array_end, .)

.fini_array     0x0000f0c8        0x4
                0x0000f0c8                PROVIDE (__fini_array_start, .)
 *(SORT(.fini_array.*))
 *(.fini_array*)
 .fini_array    0x0000f0c8        0x4 c:/users/diego/appdata/roaming/mathworks/matlab add-ons/toolboxes/nxp_mbdtoolbox_s32k1xx(2)/tools/gcc-6.3-arm32-eabi/bin/../lib/gcc/arm-none-eabi/6.3.1/thumb/v7e-m/fpv4-sp/hard/crtbegin.o
                0x0000f0cc                PROVIDE (__fini_array_end, .)
                0x0000f0cc                __etext = .
                0x0000f0cc                __DATA_ROM = .

.interrupts_ram
                0x1fff8000      0x400
                0x1fff8000                . = ALIGN (0x4)
                0x1fff8000                __VECTOR_RAM__ = .
                0x1fff8000                __RAM_START = .
                0x1fff8000                __interrupts_ram_start__ = .
 *(.m_interrupts_ram)
                0x1fff8400                . = (. + M_VECTOR_RAM_SIZE)
 *fill*         0x1fff8000      0x400 
                0x1fff8400                . = ALIGN (0x4)
                0x1fff8400                __interrupts_ram_end__ = .
                0x1fff8000                __VECTOR_RAM = DEFINED (__flash_vector_table__)?ORIGIN (m_interrupts):__VECTOR_RAM__
                0x00000400                __RAM_VECTOR_TABLE_SIZE = DEFINED (__flash_vector_table__)?0x0:(__interrupts_ram_end__ - __interrupts_ram_start__)

.data           0x1fff8400      0x59c load address 0x0000f0cc
                0x1fff8400                . = ALIGN (0x4)
                0x1fff8400                __DATA_RAM = .
                0x1fff8400                __data_start__ = .
 *(.data)
 .data          0x1fff8400       0xa0 clock_S32K1xx.o
 .data          0x1fff84a0       0x2c ftm2_input_params_config.o
                0x1fff84a0                flexTimer_ic2_InitConfig
                0x1fff84b4                flexTimer_ic2_InputCaptureConfig
                0x1fff84bc                ftm2input_ch_param
 .data          0x1fff84cc       0x5c ftm3_pwm_params.o
                0x1fff84cc                flexTimer_pwm3_InitConfig
                0x1fff84e0                flexTimer_pwm3_PwmConfig
                0x1fff84f8                flexTimer_pwm3_IndependentChannelsConfig
                0x1fff8518                flexTimer_pwm3_FaultConfig
 .data          0x1fff8528        0xf lpspi_shared_function.o
                0x1fff8528                g_lpspiBase
                0x1fff8534                g_lpspiIrqId
 *fill*         0x1fff8537        0x1 
 .data          0x1fff8538        0xc lpuart_irq.o
                0x1fff8538                g_lpuartIsr
 .data          0x1fff8544        0x1 mbd_main.o
 .data          0x1fff8545        0x1 osif_baremetal.o
 *fill*         0x1fff8546        0x2 
 .data          0x1fff8548        0xb pdb0_params.o
                0x1fff8548                pdb0Ch0UPreTrigConfig0U
                0x1fff8550                pdb0MappingConfig
 *fill*         0x1fff8553        0x1 
 .data          0x1fff8554       0x1b pdb1_params.o
                0x1fff8554                pdb1Ch0UPreTrigConfig2U
                0x1fff855c                pdb1Ch0UPreTrigConfig1U
                0x1fff8564                pdb1Ch0UPreTrigConfig0U
                0x1fff856c                pdb1MappingConfig
 *fill*         0x1fff856f        0x1 
 .data          0x1fff8570        0x4 system_S32K144.o
                0x1fff8570                SystemCoreClock
 *(.data*)
 .data.__fdlib_version
                0x1fff8574        0x1 C:/Users/diego/AppData/Roaming/MathWorks/MATLAB Add-Ons/Toolboxes/NXP_MBDToolbox_S32K1xx(2)/tools/gcc-6.3-arm32-eabi/arm-none-eabi/newlib/lib/thumb/v7e-m/fpv4-sp/hard\libm.a(lib_a-s_lib_ver.o)
                0x1fff8574                __fdlib_version
 *fill*         0x1fff8575        0x3 
 .data._impure_ptr
                0x1fff8578        0x4 C:/Users/diego/AppData/Roaming/MathWorks/MATLAB Add-Ons/Toolboxes/NXP_MBDToolbox_S32K1xx(2)/tools/gcc-6.3-arm32-eabi/arm-none-eabi/newlib/lib/thumb/v7e-m/fpv4-sp/hard\libc.a(lib_a-impure.o)
                0x1fff8578                _impure_ptr
 *fill*         0x1fff857c        0x4 
 .data.impure_data
                0x1fff8580      0x418 C:/Users/diego/AppData/Roaming/MathWorks/MATLAB Add-Ons/Toolboxes/NXP_MBDToolbox_S32K1xx(2)/tools/gcc-6.3-arm32-eabi/arm-none-eabi/newlib/lib/thumb/v7e-m/fpv4-sp/hard\libc.a(lib_a-impure.o)
 *(.jcr*)
 .jcr           0x1fff8998        0x0 c:/users/diego/appdata/roaming/mathworks/matlab add-ons/toolboxes/nxp_mbdtoolbox_s32k1xx(2)/tools/gcc-6.3-arm32-eabi/bin/../lib/gcc/arm-none-eabi/6.3.1/thumb/v7e-m/fpv4-sp/hard/crtbegin.o
 .jcr           0x1fff8998        0x4 c:/users/diego/appdata/roaming/mathworks/matlab add-ons/toolboxes/nxp_mbdtoolbox_s32k1xx(2)/tools/gcc-6.3-arm32-eabi/bin/../lib/gcc/arm-none-eabi/6.3.1/thumb/v7e-m/fpv4-sp/hard/crtend.o
                0x1fff899c                . = ALIGN (0x4)
                0x1fff899c                __data_end__ = .
                0x0000f668                __DATA_END = (__DATA_ROM + (__data_end__ - __data_start__))
                0x0000f668                __CODE_ROM = __DATA_END

.tm_clone_table
                0x1fff899c        0x0 load address 0x0000f668
 .tm_clone_table
                0x1fff899c        0x0 c:/users/diego/appdata/roaming/mathworks/matlab add-ons/toolboxes/nxp_mbdtoolbox_s32k1xx(2)/tools/gcc-6.3-arm32-eabi/bin/../lib/gcc/arm-none-eabi/6.3.1/thumb/v7e-m/fpv4-sp/hard/crtbegin.o
 .tm_clone_table
                0x1fff899c        0x0 c:/users/diego/appdata/roaming/mathworks/matlab add-ons/toolboxes/nxp_mbdtoolbox_s32k1xx(2)/tools/gcc-6.3-arm32-eabi/bin/../lib/gcc/arm-none-eabi/6.3.1/thumb/v7e-m/fpv4-sp/hard/crtend.o

.igot.plt       0x1fff899c        0x0 load address 0x0000f668
 .igot.plt      0x1fff899c        0x0 c:/users/diego/appdata/roaming/mathworks/matlab add-ons/toolboxes/nxp_mbdtoolbox_s32k1xx(2)/tools/gcc-6.3-arm32-eabi/bin/../lib/gcc/arm-none-eabi/6.3.1/thumb/v7e-m/fpv4-sp/hard/crtbegin.o

.code           0x1fff899c        0x0 load address 0x0000f668
                0x1fff899c                . = ALIGN (0x4)
                0x1fff899c                __CODE_RAM = .
                0x1fff899c                __code_start__ = .
                0x1fff899c                __code_ram_start__ = .
 *(.code_ram)
                0x1fff899c                . = ALIGN (0x4)
                0x1fff899c                __code_end__ = .
                0x1fff899c                __code_ram_end__ = .
                0x0000f668                __CODE_END = (__CODE_ROM + (__code_end__ - __code_start__))
                0x0000f668                __CUSTOM_ROM = __CODE_END

.customSectionBlock
                0x20000000        0x0 load address 0x0000f668
                0x20000000                __customSection_start__ = .
 *(.customSection)
                0x20000000                __customSection_end__ = .
                0x0000f668                __CUSTOM_END = (__CUSTOM_ROM + (__customSection_end__ - __customSection_start__))

.bss            0x20000000     0x2934
                0x20000000                . = ALIGN (0x4)
                0x20000000                __BSS_START = .
                0x20000000                __bss_start__ = .
 *(.bss)
 .bss           0x20000000       0x1c c:/users/diego/appdata/roaming/mathworks/matlab add-ons/toolboxes/nxp_mbdtoolbox_s32k1xx(2)/tools/gcc-6.3-arm32-eabi/bin/../lib/gcc/arm-none-eabi/6.3.1/thumb/v7e-m/fpv4-sp/hard/crtbegin.o
 .bss           0x2000001c       0x6c Foc_model_Matlab.o
 .bss           0x20000088       0x10 clock_S32K1xx.o
 .bss           0x20000098        0x4 edma_driver.o
 .bss           0x2000009c        0x1 freemaster_S32K1xx.o
 *fill*         0x2000009d        0x3 
 .bss           0x200000a0     0x2014 freemaster_rec.o
 .bss           0x200020b4       0x2c freemaster_scope.o
 .bss           0x200020e0       0x7a freemaster_serial.o
 *fill*         0x2000215a        0x2 
 .bss           0x2000215c      0x100 ftm_chn_irq.o
 .bss           0x2000225c       0x11 ftm_common.o
                0x2000225c                ftmStatePtr
                0x2000226c                faultDetection
 *fill*         0x2000226d        0x3 
 .bss           0x20002270       0x80 ftm_fault_irq.o
 .bss           0x200022f0      0x280 gpio_irq.o
 .bss           0x20002570        0x4 interrupt_manager.o
 .bss           0x20002574        0x4 lpit_driver.o
 .bss           0x20002578        0xc lpspi_shared_function.o
                0x20002578                g_lpspiStatePtr
 .bss           0x20002584        0xc lpuart_driver.o
 .bss           0x20002590       0x80 mbd_adc_irq.o
 .bss           0x20002610        0x4 osif_baremetal.o
 .bss           0x20002614        0x9 pdb0_params.o
                0x20002614                pdb0TimerConfig
 *fill*         0x2000261d        0x3 
 .bss           0x20002620        0x9 pdb1_params.o
                0x20002620                pdb1TimerConfig
 *fill*         0x20002629        0x3 
 .bss           0x2000262c        0xc power_manager_S32K1xx.o
 *(.bss*)
 *(COMMON)
 COMMON         0x20002638      0x200 Foc_model_Matlab.o
                0x20002638                FAULT
                0x2000263c                HALL_B
                0x20002640                Foc_model_Matlab_DW
                0x20002670                GlobalSpeedCount
                0x20002674                IaOffset
                0x20002678                Vd_ref_beforeLimiter
                0x2000267c                HALL_C
                0x20002680                Lambda
                0x20002684                SIN
                0x20002688                COS
                0x2000268c                Idc_afterOffset
                0x20002690                ADC_IA
                0x20002694                ADC_IDC
                0x20002698                CntHallDecoder
                0x2000269c                Id_err
                0x200026a0                I_ab_afterOffset
                0x200026a8                Idq_ref_PU
                0x200026b0                Foc_model_Matlab_B
                0x200026d4                Vq_ref_beforeLimiter
                0x200026d8                HALL_C_controller
                0x200026dc                Speed_Ref_PU
                0x200026e0                GlobalDirection
                0x200026e4                Speed_Ref
                0x200026e8                trgmuxAllMappingConfig
                0x200026f0                PWM_Enable
                0x200026f4                ADC_B
                0x200026f8                SpeedMeasured
                0x200026fc                Pos_PU
                0x20002700                ADC_A
                0x20002704                g_lpspiState
                0x20002738                CntHallValidityIn
                0x2000273c                ADC_IB
                0x20002740                HallStateChangeFlag
                0x20002744                HallVal
                0x20002748                Iq_err
                0x2000274c                Enable
                0x20002750                CH1S_ERR
                0x20002754                Theta
                0x20002758                HALL_A
                0x2000275c                IbOffset
                0x20002760                CH0S_ERR
                0x20002764                GlobalSpeedValidity
                0x20002768                PWM_Duty_Cycles
                0x20002774                Iq_fb
                0x20002778                SC_PDBIF
                0x2000277c                DesiredSpeed
                0x20002780                Epsilon
                0x20002784                PWM
                0x20002790                ThetaHalls
                0x20002794                lpspiMasterState0
                0x200027c8                HallValididyInvalid
                0x200027cc                Gamma
                0x200027d0                HALL_B_controller
                0x200027d4                tppDrvConfig
                0x2000280c                Iab_fb
                0x20002814                tppStatus
                0x20002818                GlobalHallState
                0x2000281c                Speed_fb
                0x20002820                SpeedError
                0x20002824                HallCntPrev
                0x20002826                HallCntActual
                0x20002828                ADC_VDC
                0x2000282c                HALL_A_controller
                0x20002830                CntHall
                0x20002834                Id_fb
 COMMON         0x20002838       0x14 clock_S32K1xx.o
                0x20002838                g_xtal0ClkFreq
                0x2000283c                g_RtcClkInFreq
                0x20002840                g_TClkFreq
 COMMON         0x2000284c       0x48 freemaster_rec.o
                0x2000284c                pcm_pRecVarAddr
                0x2000286c                pcm_wRecBuffStartIx
                0x20002870                pcm_dwRecEndBuffPtr
                0x20002874                pcm_pRecVarSize
                0x2000287c                pcm_wRecTotalSmps
                0x2000287e                pcm_nRecVarCount
                0x20002880                pcm_wRecTimeDivCtr
                0x20002882                pcm_wStoprecCountDown
                0x20002884                pcm_nRecTriggerMode
                0x20002888                pcm_wRecFlags
                0x2000288c                pcm_wRecTimeDiv
                0x2000288e                pcm_wRecPostTrigger
                0x20002890                pcm_dwRecWritePtr
 COMMON         0x20002894       0x60 ftm3_pwm_params.o
                0x20002894                ftmStateStruct3
 COMMON         0x200028f4       0x10 power_manager_S32K1xx.o
                0x200028f4                gPowerManagerState
 COMMON         0x20002904        0xc profile_buffer.o
                0x20002904                profile_buffer
 COMMON         0x20002910       0x24 rt_nonfinite.o
                0x20002910                rtNaNF
                0x20002914                rtInfF
                0x20002918                rtInf
                0x20002920                rtNaN
                0x20002928                rtMinusInf
                0x20002930                rtMinusInfF
                0x20002934                . = ALIGN (0x4)
                0x20002934                __bss_end__ = .
                0x20002934                __BSS_END = .

.heap           0x20002934      0x404
                0x20002938                . = ALIGN (0x8)
 *fill*         0x20002934        0x4 
                0x20002938                __end__ = .
                0x20002938                __heap_start__ = .
                [!provide]                PROVIDE (end, .)
                [!provide]                PROVIDE (_end, .)
                [!provide]                PROVIDE (__end, .)
                0x20002938                __HeapBase = .
                0x20002d38                . = (. + HEAP_SIZE)
 *fill*         0x20002938      0x400 
                0x20002d38                __HeapLimit = .
                0x20002d38                __heap_limit = .
                0x20002d38                __heap_end__ = .
                0x20007000                __StackTop = (ORIGIN (m_data_2) + LENGTH (m_data_2))
                0x20006c00                __StackLimit = (__StackTop - STACK_SIZE)
                0x20007000                PROVIDE (__stack, __StackTop)
                0x20007000                __RAM_END = __StackTop

.stack          0x20006c00      0x400
                0x20006c00                . = ALIGN (0x8)
                0x20006c00                __stack_start__ = .
                0x20007000                . = (. + STACK_SIZE)
 *fill*         0x20006c00      0x400 
                0x20007000                __stack_end__ = .

.ARM.attributes
                0x00000000       0x30
 *(.ARM.attributes)
 .ARM.attributes
                0x00000000       0x22 c:/users/diego/appdata/roaming/mathworks/matlab add-ons/toolboxes/nxp_mbdtoolbox_s32k1xx(2)/tools/gcc-6.3-arm32-eabi/bin/../lib/gcc/arm-none-eabi/6.3.1/thumb/v7e-m/fpv4-sp/hard/crti.o
 .ARM.attributes
                0x00000022       0x34 c:/users/diego/appdata/roaming/mathworks/matlab add-ons/toolboxes/nxp_mbdtoolbox_s32k1xx(2)/tools/gcc-6.3-arm32-eabi/bin/../lib/gcc/arm-none-eabi/6.3.1/thumb/v7e-m/fpv4-sp/hard/crtbegin.o
 .ARM.attributes
                0x00000056       0x1f startup_S32K144.o
 .ARM.attributes
                0x00000075       0x39 Foc_model_Matlab.o
 .ARM.attributes
                0x000000ae       0x39 Foc_model_Matlab_data.o
 .ARM.attributes
                0x000000e7       0x39 adc_driver.o
 .ARM.attributes
                0x00000120       0x39 clock_S32K1xx.o
 .ARM.attributes
                0x00000159       0x39 edma_driver.o
 .ARM.attributes
                0x00000192       0x39 edma_hw_access.o
 .ARM.attributes
                0x000001cb       0x39 edma_irq.o
 .ARM.attributes
                0x00000204       0x39 freemaster_S32K1xx.o
 .ARM.attributes
                0x0000023d       0x39 freemaster_interface_init.o
 .ARM.attributes
                0x00000276       0x39 freemaster_protocol.o
 .ARM.attributes
                0x000002af       0x39 freemaster_rec.o
 .ARM.attributes
                0x000002e8       0x39 freemaster_scope.o
 .ARM.attributes
                0x00000321       0x39 freemaster_serial.o
 .ARM.attributes
                0x0000035a       0x39 ftm2_ch1_hall_sensor_isr.o
 .ARM.attributes
                0x00000393       0x39 ftm2_input_params_config.o
 .ARM.attributes
                0x000003cc       0x39 ftm3_pwm_params.o
 .ARM.attributes
                0x00000405       0x39 ftm_chn_irq.o
 .ARM.attributes
                0x0000043e       0x39 ftm_common.o
 .ARM.attributes
                0x00000477       0x39 ftm_fault_irq.o
 .ARM.attributes
                0x000004b0       0x39 ftm_hw_access.o
 .ARM.attributes
                0x000004e9       0x39 ftm_ic_driver.o
 .ARM.attributes
                0x00000522       0x39 ftm_pwm_driver.o
 .ARM.attributes
                0x0000055b       0x39 gpio_irq.o
 .ARM.attributes
                0x00000594       0x39 gt_pf.o
 .ARM.attributes
                0x000005cd       0x39 interrupt_manager.o
 .ARM.attributes
                0x00000606       0x39 lpit_driver.o
 .ARM.attributes
                0x0000063f       0x39 lpspi_hw_access.o
 .ARM.attributes
                0x00000678       0x39 lpspi_irq.o
 .ARM.attributes
                0x000006b1       0x39 lpspi_master_driver.o
 .ARM.attributes
                0x000006ea       0x39 lpspi_shared_function.o
 .ARM.attributes
                0x00000723       0x39 lpspi_slave_driver.o
 .ARM.attributes
                0x0000075c       0x39 lpuart_driver.o
 .ARM.attributes
                0x00000795       0x39 lpuart_hw_access.o
 .ARM.attributes
                0x000007ce       0x39 lpuart_irq.o
 .ARM.attributes
                0x00000807       0x39 mbd_adc_irq.o
 .ARM.attributes
                0x00000840       0x39 mbd_main.o
 .ARM.attributes
                0x00000879       0x39 osif_baremetal.o
 .ARM.attributes
                0x000008b2       0x39 pdb0_params.o
 .ARM.attributes
                0x000008eb       0x39 pdb1_params.o
 .ARM.attributes
                0x00000924       0x39 pdb_driver.o
 .ARM.attributes
                0x0000095d       0x39 pdb_hw_access.o
 .ARM.attributes
                0x00000996       0x39 pins_driver.o
 .ARM.attributes
                0x000009cf       0x39 pins_port_hw_access.o
 .ARM.attributes
                0x00000a08       0x39 power_manager.o
 .ARM.attributes
                0x00000a41       0x39 power_manager_S32K1xx.o
 .ARM.attributes
                0x00000a7a       0x39 power_smc_hw_access.o
 .ARM.attributes
                0x00000ab3       0x39 profile_buffer.o
 .ARM.attributes
                0x00000aec       0x39 rtGetInf.o
 .ARM.attributes
                0x00000b25       0x39 rtGetNaN.o
 .ARM.attributes
                0x00000b5e       0x39 rt_nonfinite.o
 .ARM.attributes
                0x00000b97       0x39 rtmodel.o
 .ARM.attributes
                0x00000bd0       0x39 s32k_clock_init.o
 .ARM.attributes
                0x00000c09       0x39 spi_aml.o
 .ARM.attributes
                0x00000c42       0x39 startup.o
 .ARM.attributes
                0x00000c7b       0x39 system_S32K144.o
 .ARM.attributes
                0x00000cb4       0x39 tpp.o
 .ARM.attributes
                0x00000ced       0x39 tpp_ic_init.o
 .ARM.attributes
                0x00000d26       0x39 trgmux_driver.o
 .ARM.attributes
                0x00000d5f       0x39 trgmux_hw_access.o
 .ARM.attributes
                0x00000d98       0x39 wait_aml.o
 .ARM.attributes
                0x00000dd1       0x34 C:/Users/diego/AppData/Roaming/MathWorks/MATLAB Add-Ons/Toolboxes/NXP_MBDToolbox_S32K1xx(2)/tools/gcc-6.3-arm32-eabi/arm-none-eabi/newlib/lib/thumb/v7e-m/fpv4-sp/hard\libm.a(lib_a-s_floor.o)
 .ARM.attributes
                0x00000e05       0x34 C:/Users/diego/AppData/Roaming/MathWorks/MATLAB Add-Ons/Toolboxes/NXP_MBDToolbox_S32K1xx(2)/tools/gcc-6.3-arm32-eabi/arm-none-eabi/newlib/lib/thumb/v7e-m/fpv4-sp/hard\libm.a(lib_a-w_sqrt.o)
 .ARM.attributes
                0x00000e39       0x34 C:/Users/diego/AppData/Roaming/MathWorks/MATLAB Add-Ons/Toolboxes/NXP_MBDToolbox_S32K1xx(2)/tools/gcc-6.3-arm32-eabi/arm-none-eabi/newlib/lib/thumb/v7e-m/fpv4-sp/hard\libm.a(lib_a-e_sqrt.o)
 .ARM.attributes
                0x00000e6d       0x34 C:/Users/diego/AppData/Roaming/MathWorks/MATLAB Add-Ons/Toolboxes/NXP_MBDToolbox_S32K1xx(2)/tools/gcc-6.3-arm32-eabi/arm-none-eabi/newlib/lib/thumb/v7e-m/fpv4-sp/hard\libm.a(lib_a-s_lib_ver.o)
 .ARM.attributes
                0x00000ea1       0x34 C:/Users/diego/AppData/Roaming/MathWorks/MATLAB Add-Ons/Toolboxes/NXP_MBDToolbox_S32K1xx(2)/tools/gcc-6.3-arm32-eabi/arm-none-eabi/newlib/lib/thumb/v7e-m/fpv4-sp/hard\libm.a(lib_a-s_matherr.o)
 .ARM.attributes
                0x00000ed5       0x22 c:/users/diego/appdata/roaming/mathworks/matlab add-ons/toolboxes/nxp_mbdtoolbox_s32k1xx(2)/tools/gcc-6.3-arm32-eabi/bin/../lib/gcc/arm-none-eabi/6.3.1/thumb/v7e-m/fpv4-sp/hard\libgcc.a(_arm_addsubdf3.o)
 .ARM.attributes
                0x00000ef7       0x22 c:/users/diego/appdata/roaming/mathworks/matlab add-ons/toolboxes/nxp_mbdtoolbox_s32k1xx(2)/tools/gcc-6.3-arm32-eabi/bin/../lib/gcc/arm-none-eabi/6.3.1/thumb/v7e-m/fpv4-sp/hard\libgcc.a(_arm_muldivdf3.o)
 .ARM.attributes
                0x00000f19       0x22 c:/users/diego/appdata/roaming/mathworks/matlab add-ons/toolboxes/nxp_mbdtoolbox_s32k1xx(2)/tools/gcc-6.3-arm32-eabi/bin/../lib/gcc/arm-none-eabi/6.3.1/thumb/v7e-m/fpv4-sp/hard\libgcc.a(_arm_cmpdf2.o)
 .ARM.attributes
                0x00000f3b       0x22 c:/users/diego/appdata/roaming/mathworks/matlab add-ons/toolboxes/nxp_mbdtoolbox_s32k1xx(2)/tools/gcc-6.3-arm32-eabi/bin/../lib/gcc/arm-none-eabi/6.3.1/thumb/v7e-m/fpv4-sp/hard\libgcc.a(_arm_unorddf2.o)
 .ARM.attributes
                0x00000f5d       0x22 c:/users/diego/appdata/roaming/mathworks/matlab add-ons/toolboxes/nxp_mbdtoolbox_s32k1xx(2)/tools/gcc-6.3-arm32-eabi/bin/../lib/gcc/arm-none-eabi/6.3.1/thumb/v7e-m/fpv4-sp/hard\libgcc.a(_arm_truncdfsf2.o)
 .ARM.attributes
                0x00000f7f       0x22 c:/users/diego/appdata/roaming/mathworks/matlab add-ons/toolboxes/nxp_mbdtoolbox_s32k1xx(2)/tools/gcc-6.3-arm32-eabi/bin/../lib/gcc/arm-none-eabi/6.3.1/thumb/v7e-m/fpv4-sp/hard\libgcc.a(_aeabi_uldivmod.o)
 .ARM.attributes
                0x00000fa1       0x34 c:/users/diego/appdata/roaming/mathworks/matlab add-ons/toolboxes/nxp_mbdtoolbox_s32k1xx(2)/tools/gcc-6.3-arm32-eabi/bin/../lib/gcc/arm-none-eabi/6.3.1/thumb/v7e-m/fpv4-sp/hard\libgcc.a(_udivmoddi4.o)
 .ARM.attributes
                0x00000fd5       0x22 c:/users/diego/appdata/roaming/mathworks/matlab add-ons/toolboxes/nxp_mbdtoolbox_s32k1xx(2)/tools/gcc-6.3-arm32-eabi/bin/../lib/gcc/arm-none-eabi/6.3.1/thumb/v7e-m/fpv4-sp/hard\libgcc.a(_dvmd_tls.o)
 .ARM.attributes
                0x00000ff7       0x34 C:/Users/diego/AppData/Roaming/MathWorks/MATLAB Add-Ons/Toolboxes/NXP_MBDToolbox_S32K1xx(2)/tools/gcc-6.3-arm32-eabi/arm-none-eabi/newlib/lib/thumb/v7e-m/fpv4-sp/hard\libc.a(lib_a-errno.o)
 .ARM.attributes
                0x0000102b       0x34 C:/Users/diego/AppData/Roaming/MathWorks/MATLAB Add-Ons/Toolboxes/NXP_MBDToolbox_S32K1xx(2)/tools/gcc-6.3-arm32-eabi/arm-none-eabi/newlib/lib/thumb/v7e-m/fpv4-sp/hard\libc.a(lib_a-impure.o)
 .ARM.attributes
                0x0000105f       0x34 C:/Users/diego/AppData/Roaming/MathWorks/MATLAB Add-Ons/Toolboxes/NXP_MBDToolbox_S32K1xx(2)/tools/gcc-6.3-arm32-eabi/arm-none-eabi/newlib/lib/thumb/v7e-m/fpv4-sp/hard\libc.a(lib_a-memset.o)
 .ARM.attributes
                0x00001093       0x34 C:/Users/diego/AppData/Roaming/MathWorks/MATLAB Add-Ons/Toolboxes/NXP_MBDToolbox_S32K1xx(2)/tools/gcc-6.3-arm32-eabi/arm-none-eabi/newlib/lib/thumb/v7e-m/fpv4-sp/hard\libc.a(lib_a-__call_atexit.o)
 .ARM.attributes
                0x000010c7       0x34 C:/Users/diego/AppData/Roaming/MathWorks/MATLAB Add-Ons/Toolboxes/NXP_MBDToolbox_S32K1xx(2)/tools/gcc-6.3-arm32-eabi/arm-none-eabi/newlib/lib/thumb/v7e-m/fpv4-sp/hard\libc.a(lib_a-fini.o)
 .ARM.attributes
                0x000010fb       0x34 C:/Users/diego/AppData/Roaming/MathWorks/MATLAB Add-Ons/Toolboxes/NXP_MBDToolbox_S32K1xx(2)/tools/gcc-6.3-arm32-eabi/arm-none-eabi/newlib/lib/thumb/v7e-m/fpv4-sp/hard\libc.a(lib_a-atexit.o)
 .ARM.attributes
                0x0000112f       0x34 C:/Users/diego/AppData/Roaming/MathWorks/MATLAB Add-Ons/Toolboxes/NXP_MBDToolbox_S32K1xx(2)/tools/gcc-6.3-arm32-eabi/arm-none-eabi/newlib/lib/thumb/v7e-m/fpv4-sp/hard\libc.a(lib_a-__atexit.o)
 .ARM.attributes
                0x00001163       0x34 c:/users/diego/appdata/roaming/mathworks/matlab add-ons/toolboxes/nxp_mbdtoolbox_s32k1xx(2)/tools/gcc-6.3-arm32-eabi/bin/../lib/gcc/arm-none-eabi/6.3.1/thumb/v7e-m/fpv4-sp/hard/crtend.o
 .ARM.attributes
                0x00001197       0x22 c:/users/diego/appdata/roaming/mathworks/matlab add-ons/toolboxes/nxp_mbdtoolbox_s32k1xx(2)/tools/gcc-6.3-arm32-eabi/bin/../lib/gcc/arm-none-eabi/6.3.1/thumb/v7e-m/fpv4-sp/hard/crtn.o
                0x00000001                ASSERT ((__StackLimit >= __HeapLimit), region m_data_2 overflowed with stack and heap)
OUTPUT(Foc_model_Matlab.elf elf32-littlearm)

.comment        0x00000000       0xa0
 .comment       0x00000000       0xa0 c:/users/diego/appdata/roaming/mathworks/matlab add-ons/toolboxes/nxp_mbdtoolbox_s32k1xx(2)/tools/gcc-6.3-arm32-eabi/bin/../lib/gcc/arm-none-eabi/6.3.1/thumb/v7e-m/fpv4-sp/hard/crtbegin.o
                                 0xa1 (size before relaxing)
 .comment       0x000000a0       0xa1 Foc_model_Matlab.o
 .comment       0x000000a0       0xa1 Foc_model_Matlab_data.o
 .comment       0x000000a0       0xa1 adc_driver.o
 .comment       0x000000a0       0xa1 clock_S32K1xx.o
 .comment       0x000000a0       0xa1 edma_driver.o
 .comment       0x000000a0       0xa1 edma_hw_access.o
 .comment       0x000000a0       0xa1 edma_irq.o
 .comment       0x000000a0       0xa1 freemaster_S32K1xx.o
 .comment       0x000000a0       0xa1 freemaster_interface_init.o
 .comment       0x000000a0       0xa1 freemaster_protocol.o
 .comment       0x000000a0       0xa1 freemaster_rec.o
 .comment       0x000000a0       0xa1 freemaster_scope.o
 .comment       0x000000a0       0xa1 freemaster_serial.o
 .comment       0x000000a0       0xa1 ftm2_ch1_hall_sensor_isr.o
 .comment       0x000000a0       0xa1 ftm2_input_params_config.o
 .comment       0x000000a0       0xa1 ftm3_pwm_params.o
 .comment       0x000000a0       0xa1 ftm_chn_irq.o
 .comment       0x000000a0       0xa1 ftm_common.o
 .comment       0x000000a0       0xa1 ftm_fault_irq.o
 .comment       0x000000a0       0xa1 ftm_hw_access.o
 .comment       0x000000a0       0xa1 ftm_ic_driver.o
 .comment       0x000000a0       0xa1 ftm_pwm_driver.o
 .comment       0x000000a0       0xa1 gpio_irq.o
 .comment       0x000000a0       0xa1 gt_pf.o
 .comment       0x000000a0       0xa1 interrupt_manager.o
 .comment       0x000000a0       0xa1 lpit_driver.o
 .comment       0x000000a0       0xa1 lpspi_hw_access.o
 .comment       0x000000a0       0xa1 lpspi_irq.o
 .comment       0x000000a0       0xa1 lpspi_master_driver.o
 .comment       0x000000a0       0xa1 lpspi_shared_function.o
 .comment       0x000000a0       0xa1 lpspi_slave_driver.o
 .comment       0x000000a0       0xa1 lpuart_driver.o
 .comment       0x000000a0       0xa1 lpuart_hw_access.o
 .comment       0x000000a0       0xa1 lpuart_irq.o
 .comment       0x000000a0       0xa1 mbd_adc_irq.o
 .comment       0x000000a0       0xa1 mbd_main.o
 .comment       0x000000a0       0xa1 osif_baremetal.o
 .comment       0x000000a0       0xa1 pdb0_params.o
 .comment       0x000000a0       0xa1 pdb1_params.o
 .comment       0x000000a0       0xa1 pdb_driver.o
 .comment       0x000000a0       0xa1 pdb_hw_access.o
 .comment       0x000000a0       0xa1 pins_driver.o
 .comment       0x000000a0       0xa1 pins_port_hw_access.o
 .comment       0x000000a0       0xa1 power_manager.o
 .comment       0x000000a0       0xa1 power_manager_S32K1xx.o
 .comment       0x000000a0       0xa1 power_smc_hw_access.o
 .comment       0x000000a0       0xa1 profile_buffer.o
 .comment       0x000000a0       0xa1 rtGetInf.o
 .comment       0x000000a0       0xa1 rtGetNaN.o
 .comment       0x000000a0       0xa1 rt_nonfinite.o
 .comment       0x000000a0       0xa1 rtmodel.o
 .comment       0x000000a0       0xa1 s32k_clock_init.o
 .comment       0x000000a0       0xa1 spi_aml.o
 .comment       0x000000a0       0xa1 startup.o
 .comment       0x000000a0       0xa1 system_S32K144.o
 .comment       0x000000a0       0xa1 tpp.o
 .comment       0x000000a0       0xa1 tpp_ic_init.o
 .comment       0x000000a0       0xa1 trgmux_driver.o
 .comment       0x000000a0       0xa1 trgmux_hw_access.o
 .comment       0x000000a0       0xa1 wait_aml.o
 .comment       0x000000a0       0xa1 c:/users/diego/appdata/roaming/mathworks/matlab add-ons/toolboxes/nxp_mbdtoolbox_s32k1xx(2)/tools/gcc-6.3-arm32-eabi/bin/../lib/gcc/arm-none-eabi/6.3.1/thumb/v7e-m/fpv4-sp/hard/crtend.o

.debug_line     0x00000000     0xccdf
 .debug_line    0x00000000       0x6e startup_S32K144.o
 .debug_line    0x0000006e      0xa62 Foc_model_Matlab.o
 .debug_line    0x00000ad0      0x4f0 Foc_model_Matlab_data.o
 .debug_line    0x00000fc0      0x5b3 adc_driver.o
 .debug_line    0x00001573      0xee4 clock_S32K1xx.o
 .debug_line    0x00002457      0x672 edma_driver.o
 .debug_line    0x00002ac9      0x27e edma_hw_access.o
 .debug_line    0x00002d47      0x1e7 edma_irq.o
 .debug_line    0x00002f2e       0xbe freemaster_S32K1xx.o
 .debug_line    0x00002fec      0x2c9 freemaster_interface_init.o
 .debug_line    0x000032b5      0x134 freemaster_protocol.o
 .debug_line    0x000033e9      0x18c freemaster_rec.o
 .debug_line    0x00003575       0xa7 freemaster_scope.o
 .debug_line    0x0000361c      0x15d freemaster_serial.o
 .debug_line    0x00003779      0x563 ftm2_ch1_hall_sensor_isr.o
 .debug_line    0x00003cdc      0x4f3 ftm2_input_params_config.o
 .debug_line    0x000041cf      0x1da ftm3_pwm_params.o
 .debug_line    0x000043a9      0x508 ftm_chn_irq.o
 .debug_line    0x000048b1      0x582 ftm_common.o
 .debug_line    0x00004e33      0x288 ftm_fault_irq.o
 .debug_line    0x000050bb      0x258 ftm_hw_access.o
 .debug_line    0x00005313      0x515 ftm_ic_driver.o
 .debug_line    0x00005828      0x699 ftm_pwm_driver.o
 .debug_line    0x00005ec1      0x1e3 gpio_irq.o
 .debug_line    0x000060a4      0x1b8 gt_pf.o
 .debug_line    0x0000625c      0x25a interrupt_manager.o
 .debug_line    0x000064b6      0x461 lpit_driver.o
 .debug_line    0x00006917      0x308 lpspi_hw_access.o
 .debug_line    0x00006c1f      0x207 lpspi_irq.o
 .debug_line    0x00006e26      0x5d1 lpspi_master_driver.o
 .debug_line    0x000073f7      0x2d6 lpspi_shared_function.o
 .debug_line    0x000076cd      0x516 lpspi_slave_driver.o
 .debug_line    0x00007be3      0x724 lpuart_driver.o
 .debug_line    0x00008307      0x2b0 lpuart_hw_access.o
 .debug_line    0x000085b7       0x6e lpuart_irq.o
 .debug_line    0x00008625      0x31f mbd_adc_irq.o
 .debug_line    0x00008944      0x555 mbd_main.o
 .debug_line    0x00008e99      0x2a6 osif_baremetal.o
 .debug_line    0x0000913f      0x1fb pdb0_params.o
 .debug_line    0x0000933a      0x1fb pdb1_params.o
 .debug_line    0x00009535      0x330 pdb_driver.o
 .debug_line    0x00009865      0x289 pdb_hw_access.o
 .debug_line    0x00009aee      0x32c pins_driver.o
 .debug_line    0x00009e1a      0x279 pins_port_hw_access.o
 .debug_line    0x0000a093      0x27f power_manager.o
 .debug_line    0x0000a312      0x521 power_manager_S32K1xx.o
 .debug_line    0x0000a833      0x2d5 power_smc_hw_access.o
 .debug_line    0x0000ab08      0x174 profile_buffer.o
 .debug_line    0x0000ac7c      0x10a rtGetInf.o
 .debug_line    0x0000ad86      0x104 rtGetNaN.o
 .debug_line    0x0000ae8a      0x13e rt_nonfinite.o
 .debug_line    0x0000afc8      0x4f9 rtmodel.o
 .debug_line    0x0000b4c1      0x258 s32k_clock_init.o
 .debug_line    0x0000b719      0x3dc spi_aml.o
 .debug_line    0x0000baf5      0x1c1 startup.o
 .debug_line    0x0000bcb6      0x1dc system_S32K144.o
 .debug_line    0x0000be92      0x4a8 tpp.o
 .debug_line    0x0000c33a      0x32a tpp_ic_init.o
 .debug_line    0x0000c664      0x222 trgmux_driver.o
 .debug_line    0x0000c886      0x223 trgmux_hw_access.o
 .debug_line    0x0000caa9      0x236 wait_aml.o

.debug_info     0x00000000    0x47b4c
 .debug_info    0x00000000       0x26 startup_S32K144.o
 .debug_info    0x00000026     0x4d0d Foc_model_Matlab.o
 .debug_info    0x00004d33     0x2a0f Foc_model_Matlab_data.o
 .debug_info    0x00007742     0x2e60 adc_driver.o