Archive member included to satisfy reference by file (symbol)

C:/Users/diego/AppData/Roaming/MathWorks/MATLAB Add-Ons/Toolboxes/NXP_MBDToolbox_S32K1xx(2)/tools/gcc-6.3-arm32-eabi/arm-none-eabi/newlib/lib/thumb/v7e-m/fpv4-sp/hard\libm.a(lib_a-s_cos.o)
                              Foc_model_Matlab_ultimo.o (cos)
C:/Users/diego/AppData/Roaming/MathWorks/MATLAB Add-Ons/Toolboxes/NXP_MBDToolbox_S32K1xx(2)/tools/gcc-6.3-arm32-eabi/arm-none-eabi/newlib/lib/thumb/v7e-m/fpv4-sp/hard\libm.a(lib_a-s_floor.o)
                              Foc_model_Matlab_ultimo.o (floor)
C:/Users/diego/AppData/Roaming/MathWorks/MATLAB Add-Ons/Toolboxes/NXP_MBDToolbox_S32K1xx(2)/tools/gcc-6.3-arm32-eabi/arm-none-eabi/newlib/lib/thumb/v7e-m/fpv4-sp/hard\libm.a(lib_a-s_sin.o)
                              Foc_model_Matlab_ultimo.o (sin)
C:/Users/diego/AppData/Roaming/MathWorks/MATLAB Add-Ons/Toolboxes/NXP_MBDToolbox_S32K1xx(2)/tools/gcc-6.3-arm32-eabi/arm-none-eabi/newlib/lib/thumb/v7e-m/fpv4-sp/hard\libm.a(lib_a-w_fmod.o)
                              Foc_model_Matlab_ultimo.o (fmod)
C:/Users/diego/AppData/Roaming/MathWorks/MATLAB Add-Ons/Toolboxes/NXP_MBDToolbox_S32K1xx(2)/tools/gcc-6.3-arm32-eabi/arm-none-eabi/newlib/lib/thumb/v7e-m/fpv4-sp/hard\libm.a(lib_a-w_sqrt.o)
                              Foc_model_Matlab_ultimo.o (sqrt)
C:/Users/diego/AppData/Roaming/MathWorks/MATLAB Add-Ons/Toolboxes/NXP_MBDToolbox_S32K1xx(2)/tools/gcc-6.3-arm32-eabi/arm-none-eabi/newlib/lib/thumb/v7e-m/fpv4-sp/hard\libm.a(lib_a-e_fmod.o)
                              C:/Users/diego/AppData/Roaming/MathWorks/MATLAB Add-Ons/Toolboxes/NXP_MBDToolbox_S32K1xx(2)/tools/gcc-6.3-arm32-eabi/arm-none-eabi/newlib/lib/thumb/v7e-m/fpv4-sp/hard\libm.a(lib_a-w_fmod.o) (__ieee754_fmod)
C:/Users/diego/AppData/Roaming/MathWorks/MATLAB Add-Ons/Toolboxes/NXP_MBDToolbox_S32K1xx(2)/tools/gcc-6.3-arm32-eabi/arm-none-eabi/newlib/lib/thumb/v7e-m/fpv4-sp/hard\libm.a(lib_a-e_rem_pio2.o)
                              C:/Users/diego/AppData/Roaming/MathWorks/MATLAB Add-Ons/Toolboxes/NXP_MBDToolbox_S32K1xx(2)/tools/gcc-6.3-arm32-eabi/arm-none-eabi/newlib/lib/thumb/v7e-m/fpv4-sp/hard\libm.a(lib_a-s_cos.o) (__ieee754_rem_pio2)
C:/Users/diego/AppData/Roaming/MathWorks/MATLAB Add-Ons/Toolboxes/NXP_MBDToolbox_S32K1xx(2)/tools/gcc-6.3-arm32-eabi/arm-none-eabi/newlib/lib/thumb/v7e-m/fpv4-sp/hard\libm.a(lib_a-e_sqrt.o)
                              C:/Users/diego/AppData/Roaming/MathWorks/MATLAB Add-Ons/Toolboxes/NXP_MBDToolbox_S32K1xx(2)/tools/gcc-6.3-arm32-eabi/arm-none-eabi/newlib/lib/thumb/v7e-m/fpv4-sp/hard\libm.a(lib_a-w_sqrt.o) (__ieee754_sqrt)
C:/Users/diego/AppData/Roaming/MathWorks/MATLAB Add-Ons/Toolboxes/NXP_MBDToolbox_S32K1xx(2)/tools/gcc-6.3-arm32-eabi/arm-none-eabi/newlib/lib/thumb/v7e-m/fpv4-sp/hard\libm.a(lib_a-k_cos.o)
                              C:/Users/diego/AppData/Roaming/MathWorks/MATLAB Add-Ons/Toolboxes/NXP_MBDToolbox_S32K1xx(2)/tools/gcc-6.3-arm32-eabi/arm-none-eabi/newlib/lib/thumb/v7e-m/fpv4-sp/hard\libm.a(lib_a-s_cos.o) (__kernel_cos)
C:/Users/diego/AppData/Roaming/MathWorks/MATLAB Add-Ons/Toolboxes/NXP_MBDToolbox_S32K1xx(2)/tools/gcc-6.3-arm32-eabi/arm-none-eabi/newlib/lib/thumb/v7e-m/fpv4-sp/hard\libm.a(lib_a-k_rem_pio2.o)
                              C:/Users/diego/AppData/Roaming/MathWorks/MATLAB Add-Ons/Toolboxes/NXP_MBDToolbox_S32K1xx(2)/tools/gcc-6.3-arm32-eabi/arm-none-eabi/newlib/lib/thumb/v7e-m/fpv4-sp/hard\libm.a(lib_a-e_rem_pio2.o) (__kernel_rem_pio2)
C:/Users/diego/AppData/Roaming/MathWorks/MATLAB Add-Ons/Toolboxes/NXP_MBDToolbox_S32K1xx(2)/tools/gcc-6.3-arm32-eabi/arm-none-eabi/newlib/lib/thumb/v7e-m/fpv4-sp/hard\libm.a(lib_a-k_sin.o)
                              C:/Users/diego/AppData/Roaming/MathWorks/MATLAB Add-Ons/Toolboxes/NXP_MBDToolbox_S32K1xx(2)/tools/gcc-6.3-arm32-eabi/arm-none-eabi/newlib/lib/thumb/v7e-m/fpv4-sp/hard\libm.a(lib_a-s_cos.o) (__kernel_sin)
C:/Users/diego/AppData/Roaming/MathWorks/MATLAB Add-Ons/Toolboxes/NXP_MBDToolbox_S32K1xx(2)/tools/gcc-6.3-arm32-eabi/arm-none-eabi/newlib/lib/thumb/v7e-m/fpv4-sp/hard\libm.a(lib_a-s_fabs.o)
                              C:/Users/diego/AppData/Roaming/MathWorks/MATLAB Add-Ons/Toolboxes/NXP_MBDToolbox_S32K1xx(2)/tools/gcc-6.3-arm32-eabi/arm-none-eabi/newlib/lib/thumb/v7e-m/fpv4-sp/hard\libm.a(lib_a-e_rem_pio2.o) (fabs)
C:/Users/diego/AppData/Roaming/MathWorks/MATLAB Add-Ons/Toolboxes/NXP_MBDToolbox_S32K1xx(2)/tools/gcc-6.3-arm32-eabi/arm-none-eabi/newlib/lib/thumb/v7e-m/fpv4-sp/hard\libm.a(lib_a-s_lib_ver.o)
                              C:/Users/diego/AppData/Roaming/MathWorks/MATLAB Add-Ons/Toolboxes/NXP_MBDToolbox_S32K1xx(2)/tools/gcc-6.3-arm32-eabi/arm-none-eabi/newlib/lib/thumb/v7e-m/fpv4-sp/hard\libm.a(lib_a-w_fmod.o) (__fdlib_version)
C:/Users/diego/AppData/Roaming/MathWorks/MATLAB Add-Ons/Toolboxes/NXP_MBDToolbox_S32K1xx(2)/tools/gcc-6.3-arm32-eabi/arm-none-eabi/newlib/lib/thumb/v7e-m/fpv4-sp/hard\libm.a(lib_a-s_matherr.o)
[...]
Memory Configuration

Name             Origin             Length             Attributes
m_interrupts     0x00000000         0x00000400         xr
m_flash_config   0x00000400         0x00000010         xr
m_text           0x00000410         0x0007fbf0         xr
m_data           0x1fff8000         0x00008000         rw
m_data_2         0x20000000         0x00007000         rw
*default*        0x00000000         0xffffffff

Linker script and memory map

LOAD c:/users/diego/appdata/roaming/mathworks/matlab add-ons/toolboxes/nxp_mbdtoolbox_s32k1xx(2)/tools/gcc-6.3-arm32-eabi/bin/../lib/gcc/arm-none-eabi/6.3.1/thumb/v7e-m/fpv4-sp/hard/crti.o
LOAD c:/users/diego/appdata/roaming/mathworks/matlab add-ons/toolboxes/nxp_mbdtoolbox_s32k1xx(2)/tools/gcc-6.3-arm32-eabi/bin/../lib/gcc/arm-none-eabi/6.3.1/thumb/v7e-m/fpv4-sp/hard/crtbegin.o
LOAD C:/Users/diego/AppData/Roaming/MathWorks/MATLAB Add-Ons/Toolboxes/NXP_MBDToolbox_S32K1xx(2)/tools/gcc-6.3-arm32-eabi/arm-none-eabi/newlib/lib/thumb/v7e-m/fpv4-sp/hard/crt0.o
                0x00000001                __ram_vector_table__ = 0x1
LOAD startup_S32K144.o
LOAD Foc_model_Matlab_ultimo.o
LOAD Foc_model_Matlab_ultimo_data.o
LOAD adc_driver.o
LOAD clock_S32K1xx.o
LOAD edma_driver.o
LOAD edma_hw_access.o
LOAD edma_irq.o
LOAD freemaster_S32K1xx.o
LOAD freemaster_appcmd.o
LOAD freemaster_interface_init.o
LOAD freemaster_protocol.o
LOAD freemaster_rec.o
LOAD freemaster_scope.o
LOAD freemaster_serial.o
LOAD freemaster_sfio.o
LOAD freemaster_tsa.o
LOAD ftm2_ch1_hall_sensor_isr.o
LOAD ftm2_input_params_config.o
LOAD ftm3_pwm_params.o
LOAD ftm_chn_irq.o
LOAD ftm_common.o
LOAD ftm_fault_irq.o
LOAD ftm_hw_access.o
LOAD ftm_ic_driver.o
LOAD ftm_mc_driver.o
LOAD ftm_oc_driver.o
LOAD ftm_pwm_driver.o
LOAD ftm_qd_driver.o
LOAD gpio_irq.o
LOAD gt_pf.o
LOAD interrupt_manager.o
LOAD lin_common.o
LOAD lin_driver.o
LOAD lin_irq.o
LOAD lin_lpuart_driver.o
LOAD lpit_driver.o
LOAD lpspi_hw_access.o
LOAD lpspi_irq.o
LOAD lpspi_master_driver.o
LOAD lpspi_shared_function.o
LOAD lpspi_slave_driver.o
LOAD lpuart_driver.o
LOAD lpuart_hw_access.o
LOAD lpuart_irq.o
LOAD mbd_adc_irq.o
LOAD mbd_main.o
LOAD osif_baremetal.o
LOAD pdb0_params.o
LOAD pdb1_params.o
LOAD pdb_driver.o
LOAD pdb_hw_access.o
LOAD pins_driver.o
LOAD pins_port_hw_access.o
LOAD power_manager.o
LOAD power_manager_S32K1xx.o
LOAD power_smc_hw_access.o
LOAD profile_buffer.o
LOAD rtGetInf.o
LOAD rtGetNaN.o
LOAD rt_nonfinite.o
LOAD rtmodel.o
LOAD s32k_clock_init.o
LOAD spi_aml.o
LOAD startup.o
LOAD system_S32K144.o
LOAD tpp.o
LOAD tpp_ic_init.o
LOAD trgmux_driver.o
LOAD trgmux_hw_access.o
LOAD wait_aml.o
LOAD C:/Users/diego/AppData/Roaming/MathWorks/MATLAB Add-Ons/Toolboxes/NXP_MBDToolbox_S32K1xx(2)/tools/gcc-6.3-arm32-eabi/arm-none-eabi/newlib/lib/thumb/v7e-m/fpv4-sp/hard\libm.a
LOAD S32K14x_AMMCLIB.a
START GROUP
LOAD c:/users/diego/appdata/roaming/mathworks/matlab add-ons/toolboxes/nxp_mbdtoolbox_s32k1xx(2)/tools/gcc-6.3-arm32-eabi/bin/../lib/gcc/arm-none-eabi/6.3.1/thumb/v7e-m/fpv4-sp/hard\libgcc.a
LOAD C:/Users/diego/AppData/Roaming/MathWorks/MATLAB Add-Ons/Toolboxes/NXP_MBDToolbox_S32K1xx(2)/tools/gcc-6.3-arm32-eabi/arm-none-eabi/newlib/lib/thumb/v7e-m/fpv4-sp/hard\libc.a
END GROUP
START GROUP
LOAD c:/users/diego/appdata/roaming/mathworks/matlab add-ons/toolboxes/nxp_mbdtoolbox_s32k1xx(2)/tools/gcc-6.3-arm32-eabi/bin/../lib/gcc/arm-none-eabi/6.3.1/thumb/v7e-m/fpv4-sp/hard\libgcc.a
LOAD C:/Users/diego/AppData/Roaming/MathWorks/MATLAB Add-Ons/Toolboxes/NXP_MBDToolbox_S32K1xx(2)/tools/gcc-6.3-arm32-eabi/arm-none-eabi/newlib/lib/thumb/v7e-m/fpv4-sp/hard\libc.a
LOAD C:/Users/diego/AppData/Roaming/MathWorks/MATLAB Add-Ons/Toolboxes/NXP_MBDToolbox_S32K1xx(2)/tools/gcc-6.3-arm32-eabi/arm-none-eabi/newlib/lib/thumb/v7e-m/fpv4-sp/hard\libnosys.a
END GROUP
LOAD c:/users/diego/appdata/roaming/mathworks/matlab add-ons/toolboxes/nxp_mbdtoolbox_s32k1xx(2)/tools/gcc-6.3-arm32-eabi/bin/../lib/gcc/arm-none-eabi/6.3.1/thumb/v7e-m/fpv4-sp/hard/crtend.o
LOAD c:/users/diego/appdata/roaming/mathworks/matlab add-ons/toolboxes/nxp_mbdtoolbox_s32k1xx(2)/tools/gcc-6.3-arm32-eabi/bin/../lib/gcc/arm-none-eabi/6.3.1/thumb/v7e-m/fpv4-sp/hard/crtn.o
                0x00000400                HEAP_SIZE = DEFINED (__heap_size__)?__heap_size__:0x400
                0x00000400                STACK_SIZE = DEFINED (__stack_size__)?__stack_size__:0x400
                0x00000400                M_VECTOR_RAM_SIZE = DEFINED (__flash_vector_table__)?0x0:0x400

.interrupts     0x00000000      0x400
                0x00000000                __VECTOR_TABLE = .
                0x00000000                __interrupts_start__ = .
                0x00000000                . = ALIGN (0x4)
 *(.isr_vector)
 .isr_vector    0x00000000      0x400 startup_S32K144.o
                0x00000000                __isr_vector
                0x00000400                __interrupts_end__ = .
                0x00000400                . = ALIGN (0x4)

.flash_config   0x00000400       0x10
                0x00000400                . = ALIGN (0x4)
 *(.FlashConfig)
 .FlashConfig   0x00000400       0x10 startup_S32K144.o
                0x00000410                . = ALIGN (0x4)

.text           0x00000410    0x108f4
                0x00000410                . = ALIGN (0x4)
 *(.text)
 .text          0x00000410       0xa4 c:/users/diego/appdata/roaming/mathworks/matlab add-ons/toolboxes/nxp_mbdtoolbox_s32k1xx(2)/tools/gcc-6.3-arm32-eabi/bin/../lib/gcc/arm-none-eabi/6.3.1/thumb/v7e-m/fpv4-sp/hard/crtbegin.o
 .text          0x000004b4       0x6c startup_S32K144.o
                0x000004b4                Reset_Handler
                0x0000051c                DebugMon_Handler
                0x0000051c                Reserved88_IRQHandler
                0x0000051c                CAN0_ORed_IRQHandler
                0x0000051c                HardFault_Handler
                0x0000051c                Reserved86_IRQHandler
                0x0000051c                Reserved103_IRQHandler
                0x0000051c                FTM2_Ovf_Reload_IRQHandler
                0x0000051c                Reserved50_IRQHandler
                0x0000051c                FTFC_Fault_IRQHandler
                0x0000051c                Reserved114_IRQHandler
                0x0000051c                PendSV_Handler
                0x0000051c                NMI_Handler
                0x0000051c                Reserved89_IRQHandler
                0x0000051c                ERM_double_fault_IRQHandler
                0x0000051c                Reserved59_IRQHandler
                0x0000051c                Reserved99_IRQHandler
                0x0000051c                CAN2_ORed_0_15_MB_IRQHandler
                0x0000051c                LPIT0_Ch3_IRQHandler
                0x0000051c                Reserved92_IRQHandler
                0x0000051c                CAN1_Error_IRQHandler
                0x0000051c                SWI_IRQHandler
                0x0000051c                UsageFault_Handler
                0x0000051c                FTM0_Ovf_Reload_IRQHandler
                0x0000051c                DefaultISR
                0x0000051c                Reserved58_IRQHandler
                0x0000051c                CAN1_ORed_0_15_MB_IRQHandler
                0x0000051c                Reserved82_IRQHandler
                0x0000051c                CAN0_ORed_16_31_MB_IRQHandler
                0x0000051c                LPI2C0_Slave_IRQHandler
                0x0000051c                Reserved71_IRQHandler
                0x0000051c                Reserved69_IRQHandler
                0x0000051c                Reserved70_IRQHandler
                0x0000051c                Reserved53_IRQHandler
                0x0000051c                RTC_IRQHandler
                0x0000051c                PDB0_IRQHandler
                0x0000051c                Reserved54_IRQHandler
                0x0000051c                LPUART1_RxTx_IRQHandler
                0x0000051c                RTC_Seconds_IRQHandler
                0x0000051c                CAN2_ORed_IRQHandler
                0x0000051c                Reserved72_IRQHandler
                0x0000051c                Reserved110_IRQHandler
                0x0000051c                Reserved107_IRQHandler
                0x0000051c                Read_Collision_IRQHandler
                0x0000051c                CAN2_Error_IRQHandler
                0x0000051c                FTFC_IRQHandler
                0x0000051c                Reserved105_IRQHandler
                0x0000051c                LPIT0_Ch1_IRQHandler
                0x0000051c                FTM3_Ovf_Reload_IRQHandler
                0x0000051c                LPUART2_RxTx_IRQHandler
                0x0000051c                WDOG_EWM_IRQHandler
                0x0000051c                MemManage_Handler
                0x0000051c                Reserved90_IRQHandler
                0x0000051c                Reserved83_IRQHandler
                0x0000051c                Reserved48_IRQHandler
                0x0000051c                SVC_Handler
                0x0000051c                ERM_single_fault_IRQHandler
                0x0000051c                RCM_IRQHandler
                0x0000051c                Reserved100_IRQHandler
                0x0000051c                Reserved91_IRQHandler
                0x0000051c                CAN1_ORed_IRQHandler
                0x0000051c                SCG_IRQHandler
                0x0000051c                PDB1_IRQHandler
                0x0000051c                Reserved81_IRQHandler
                0x0000051c                Reserved46_IRQHandler
                0x0000051c                Reserved45_IRQHandler
                0x0000051c                CAN0_Error_IRQHandler
                0x0000051c                Reserved112_IRQHandler
                0x0000051c                LPI2C0_Master_IRQHandler
                0x0000051c                Reserved106_IRQHandler
                0x0000051c                LVD_LVW_IRQHandler
                0x0000051c                LPIT0_Ch2_IRQHandler
                0x0000051c                MCM_IRQHandler
                0x0000051c                CAN0_ORed_0_15_MB_IRQHandler
                0x0000051c                LPUART0_RxTx_IRQHandler
                0x0000051c                LPTMR0_IRQHandler
                0x0000051c                BusFault_Handler
                0x0000051c                Reserved87_IRQHandler
                0x0000051c                FTM1_Ovf_Reload_IRQHandler
                0x0000051c                Reserved93_IRQHandler
                0x0000051c                CAN0_Wake_Up_IRQHandler
                0x0000051c                CMP0_IRQHandler
                0x0000051c                Reserved52_IRQHandler
                0x0000051c                FLEXIO_IRQHandler
                0x0000051c                Reserved113_IRQHandler
 .text          0x00000520     0x1ee8 Foc_model_Matlab_ultimo.o
                0x00000520                pdb0_isr
                0x00000590                GPIPORTE10_callback
                0x000005bc                Foc_model_Matlab_ultimo_SetEventsForThisBaseStep
                0x000005e4                Foc_model_Ma_FaultDetection
                0x00000684                Foc_model_Matl_HallValueof1
                0x00000690                Foc_model_Matl_HallValueof2
                0x0000069c                Foc_model_Matl_HallValueof3
                0x000006a4                Foc_model_Matl_HallValueof4
                0x000006b0                Foc_model_Matl_HallValueof5
                0x000006bc                Foc_model_Matl_HallValueof7
                0x000006c2                rt_modf_snf
                0x00000854                Foc_mod_CurrentControl_Init
                0x00000988                Foc_mo_CurrentControl_Reset
                0x000009c8                Foc_m_CurrentControl_Enable
                0x000009ec                Foc_model_Ma_CurrentControl
                0x000019c0                ADC1_SC1reg2U_callback
                0x00001a8c                Foc_model_Matl_SpeedControl
                0x00001c3c                Foc_model_Matlab_ultimo_step0
                0x00001c8c                Foc_model_Matlab_ultimo_step1
                0x00001db0                Foc_model_Matlab_ultimo_step2
                0x00001e2c                Foc_model_Matlab_ultimo_step3
                0x00001e50                Foc_model_Matlab_ultimo_initialize
                0x00002404                Foc_model_Matlab_ultimo_terminate
 .text          0x00002408      0x788 adc_driver.o
                0x00002408                ADC_DRV_InitConverterStruct
                0x00002424                ADC_DRV_ConfigConverter
                0x000025ac                ADC_DRV_GetConverterConfig
                0x00002698                ADC_DRV_InitHwCompareStruct
                0x000026a6                ADC_DRV_ConfigHwCompare
                0x00002708                ADC_DRV_GetHwCompareConfig
                0x00002740                ADC_DRV_InitHwAverageStruct
                0x00002748                ADC_DRV_ConfigHwAverage
                0x00002780                ADC_DRV_GetHwAverageConfig
                0x000027a0                ADC_DRV_InitChanStruct
                0x000027aa                ADC_DRV_ConfigChan
                0x00002800                ADC_DRV_GetChanConfig
                0x00002840                ADC_DRV_SetSwPretrigger
                0x00002884                ADC_DRV_Reset
                0x0000291c                ADC_DRV_WaitConvDone
                0x00002934                ADC_DRV_GetConvCompleteFlag
                0x00002948                ADC_DRV_GetChanResult
                0x00002960                ADC_DRV_AutoCalibration
                0x00002ab8                ADC_DRV_InitUserCalibrationStruct
                0x00002ac2                ADC_DRV_ConfigUserCalibration
                0x00002b10                ADC_DRV_GetUserCalibration
                0x00002b30                ADC_DRV_GetInterruptNumber
                0x00002b40                ADC_DRV_ClearLatchedTriggers
                0x00002b64                ADC_DRV_ClearTriggerErrors
                0x00002b7c                ADC_DRV_GetTriggerErrorFlags
 .text          0x00002b90     0x1c88 clock_S32K1xx.o
                0x00003906                CLOCK_DRV_Init
                0x00003f34                CLOCK_DRV_GetFreq
                0x0000413c                CLOCK_DRV_SetModuleClock
                0x000042a8                CLOCK_DRV_SetSystemClock
                0x000043d0                CLOCK_DRV_GetSystemClockSource
                0x0000442c                CLOCK_DRV_SetClockSource
                0x000046dc                CLOCK_SYS_Init
                0x000046f8                CLOCK_SYS_UpdateConfiguration
                0x000047e0                CLOCK_SYS_GetCurrentConfiguration
                0x000047ec                CLOCK_SYS_GetErrorCallback
                0x00004808                CLOCK_SYS_GetFreq
                0x00004810                CLOCK_SYS_SetConfiguration
 .text          0x00004818      0xae4 edma_driver.o
                0x00004828                EDMA_DRV_InstallCallback
                0x00004848                EDMA_DRV_ReleaseChannel
                0x0000487c                EDMA_DRV_Deinit
                0x000048cc                EDMA_DRV_IRQHandler
                0x000048f8                EDMA_DRV_ErrorIRQHandler
                0x00004934                EDMA_DRV_ConfigSingleBlockTransfer
                0x00004a7c                EDMA_DRV_ConfigMultiBlockTransfer
                0x00004ae0                EDMA_DRV_StartChannel
                0x00004af8                EDMA_DRV_StopChannel
                0x00004b10                EDMA_DRV_SetChannelRequestAndTrigger
                0x00004b54                EDMA_DRV_ChannelInit
                0x00004bf4                EDMA_DRV_Init
                0x00004ca4                EDMA_DRV_ClearTCD
                0x00004cb8                EDMA_DRV_SetSrcAddr
                0x00004ccc                EDMA_DRV_SetSrcOffset
                0x00004ce0                EDMA_DRV_SetSrcReadChunkSize
                0x00004d06                EDMA_DRV_SetSrcLastAddrAdjustment
                0x00004d1c                EDMA_DRV_SetDestLastAddrAdjustment
                0x00004d32                EDMA_DRV_SetDestAddr
                0x00004d48                EDMA_DRV_SetDestOffset
                0x00004d60                EDMA_DRV_SetDestWriteChunkSize
                0x00004d84                EDMA_DRV_SetMinorLoopBlockSize
                0x00004d98                EDMA_DRV_SetMajorLoopIterationCount
                0x00004dac                EDMA_DRV_GetRemainingMajorIterationsCount
                0x00004dc0                EDMA_DRV_SetScatterGatherLink
                0x00004dd4                EDMA_DRV_DisableRequestsOnTransferComplete
                0x00004e0c                EDMA_DRV_ConfigureInterrupt
                0x00004e8c                EDMA_DRV_CancelTransfer
                0x00004ea4                EDMA_DRV_TriggerSwRequest
                0x00004eb4                EDMA_DRV_PushConfigToSTCD
                0x00004f42                EDMA_DRV_PushConfigToReg
                0x0000511c                EDMA_DRV_ConfigLoopTransfer
                0x00005144                EDMA_DRV_ConfigScatterGatherTransfer
                0x000052e4                EDMA_DRV_GetChannelStatus
                0x000052f4                EDMA_DRV_GetDmaRegBaseAddr
 .text          0x000052fc      0x284 edma_hw_access.o
                0x000052fc                EDMA_CancelTransfer
                0x0000530e                EDMA_CancelTransferWithError
                0x00005320                EDMA_SetErrorIntCmd
                0x0000532a                EDMA_SetDmaRequestCmd
                0x00005334                EDMA_TCDClearReg
                0x0000537e                EDMA_Init
                0x000053a0                EDMA_TCDSetAttribute
                0x000053d0                EDMA_TCDSetNbytes
                0x0000542c                EDMA_TCDSetMinorLoopOffset
                0x00005470                EDMA_TCDSetScatterGatherLink
                0x0000547c                EDMA_TCDSetChannelMinorLink
                0x000054e6                EDMA_TCDSetMajorCount
                0x00005544                EDMA_TCDGetCurrentMajorCount
                0x00005570                DMAMUX_Init
 .text          0x00005580       0xc8 edma_irq.o
                0x00005580                DMA0_IRQHandler
                0x0000558a                DMA1_IRQHandler
                0x00005594                DMA2_IRQHandler
                0x0000559e                DMA3_IRQHandler
                0x000055a8                DMA4_IRQHandler
                0x000055b2                DMA5_IRQHandler
                0x000055bc                DMA6_IRQHandler
                0x000055c6                DMA7_IRQHandler
                0x000055d0                DMA8_IRQHandler
                0x000055da                DMA9_IRQHandler
                0x000055e4                DMA10_IRQHandler
                0x000055ee                DMA11_IRQHandler
                0x000055f8                DMA12_IRQHandler
                0x00005602                DMA13_IRQHandler
                0x0000560c                DMA14_IRQHandler
                0x00005616                DMA15_IRQHandler
                0x00005620                DMA_Error_IRQHandler
 .text          0x00005648      0x130 freemaster_S32K1xx.o
                0x00005648                FMSTR_Isr
                0x00005650                FMSTR_CopyMemory
                0x0000566e                FMSTR_CopyToBuffer
                0x0000568e                FMSTR_CopyFromBuffer
                0x000056b4                FMSTR_ValueFromBuffer16
                0x000056be                FMSTR_ValueFromBuffer32
                0x000056c8                FMSTR_ValueToBuffer16
                0x000056e0                FMSTR_ValueToBuffer32
                0x000056f8                FMSTR_CopyFromBufferWithMask
                0x00005724                FMSTR_SetExAddr
                0x00005730                FMSTR_AddressToBuffer
                0x0000575c                FMSTR_AddressFromBuffer
 .text          0x00005778       0xc0 freemaster_interface_init.o
                0x00005778                freemaster_interface_init
                0x00005818                freemaster_interface_isr_init
 .text          0x00005838      0x284 freemaster_protocol.o
                0x00005838                FMSTR_Init
                0x0000584e                FMSTR_GetBoardInfo
                0x000058a0                FMSTR_ReadMem
                0x000058d2                FMSTR_ReadVar
                0x000058f6                FMSTR_WriteMem
                0x0000591c                FMSTR_WriteVar
                0x00005942                FMSTR_WriteMemMask
                0x00005968                FMSTR_ProtocolDecoder
                0x00005a7a                FMSTR_WriteVarMask
                0x00005aa0                FMSTR_StrLen
 .text          0x00005abc      0x4e4 freemaster_rec.o
                0x00005b54                FMSTR_InitRec
                0x00005b70                FMSTR_AbortRec
                0x00005b7c                FMSTR_SetUpRecBuff
                0x00005b7e                FMSTR_SetUpRec
                0x00005d08                FMSTR_TriggerRec
                0x00005d34                FMSTR_StartRec
                0x00005da0                FMSTR_StopRec
                0x00005dd4                FMSTR_GetRecStatus
                0x00005dfc                FMSTR_GetRecBuffSize
                0x00005e02                FMSTR_IsInRecBuffer
                0x00005e24                FMSTR_GetRecBuff
                0x00005e7c                FMSTR_Recorder
 .text          0x00005fa0       0xb4 freemaster_scope.o
                0x00005fa0                FMSTR_InitScope
                0x00005fa2                FMSTR_SetUpScope
                0x0000601c                FMSTR_ReadScope
 .text          0x00006054      0x32c freemaster_serial.o
                0x00006088                FMSTR_SendResponse
                0x00006104                FMSTR_Tx
                0x00006154                FMSTR_ProcessSCI
                0x000061dc                FMSTR_Rx
                0x0000631c                FMSTR_InitSerial
                0x0000633c                FMSTR_Poll
 .text          0x00006380      0x1a0 ftm2_ch1_hall_sensor_isr.o
                0x00006380                FTM2_Ch1_Hall_Sensor_isr
 .text          0x00006520      0x440 ftm_chn_irq.o
                0x00006520                FTM0_Ch0_1_IRQHandler
                0x00006560                FTM0_Ch2_3_IRQHandler
                0x000065a0                FTM0_Ch4_5_IRQHandler
                0x000065e0                FTM0_Ch6_7_IRQHandler
                0x00006620                FTM1_Ch0_1_IRQHandler
                0x00006664                FTM1_Ch2_3_IRQHandler
                0x000066a8                FTM1_Ch4_5_IRQHandler
                0x000066ec                FTM1_Ch6_7_IRQHandler
                0x00006730                FTM2_Ch0_1_IRQHandler
                0x00006774                FTM2_Ch2_3_IRQHandler
                0x000067b8                FTM2_Ch4_5_IRQHandler
                0x000067fc                FTM2_Ch6_7_IRQHandler
                0x00006840                FTM3_Ch0_1_IRQHandler
                0x00006884                FTM3_Ch2_3_IRQHandler
                0x000068c8                FTM3_Ch4_5_IRQHandler
                0x0000690c                FTM3_Ch6_7_IRQHandler
                0x00006950                FTM_CHR_DRV_InstallCallback
 .text          0x00006960      0x798 ftm_common.o
                0x00006960                FTM_DRV_Deinit
                0x00006980                FTM_DRV_GetDefaultConfig
                0x000069ac                FTM_DRV_MaskOutputChannels
                0x000069cc                FTM_DRV_SetInitialCounterValue
                0x000069f4                FTM_DRV_SetHalfCycleReloadPoint
                0x00006a14                FTM_DRV_SetSoftOutChnValue
                0x00006a4c                FTM_DRV_SetSoftwareOutputChannelControl
                0x00006a78                FTM_DRV_SetAllChnSoftwareOutputControl
                0x00006aa8                FTM_DRV_SetInvertingControl
                0x00006ac8                FTM_DRV_SetModuloCounterValue
                0x00006af0                FTM_DRV_SetOutputlevel
                0x00006b24                FTM_DRV_SetSync
                0x00006ce0                FTM_DRV_GenerateHardwareTrigger
                0x00006cfc                FTM_DRV_EnableInterrupts
                0x00006d9c                FTM_DRV_DisableInterrupts
                0x00006e38                FTM_DRV_GetEnabledInterrupts
                0x00006e94                FTM_DRV_GetStatusFlags
                0x00006ef0                FTM_DRV_ClearStatusFlags
                0x00006f7c                FTM_DRV_GetFrequency
                0x00006fe0                FTM_DRV_Init
                0x000070c0                FTM_DRV_ConvertFreqToPeriodTicks
                0x000070d4                FTM_DRV_CounterReset
 .text          0x000070f8      0x110 ftm_fault_irq.o
                0x000070f8                FTM0_Fault_IRQHandler
                0x00007138                FTM1_Fault_IRQHandler
                0x00007178                FTM2_Fault_IRQHandler
                0x000071b8                FTM3_Fault_IRQHandler
                0x000071f8                FTM_FAULT_DRV_InstallCallback
 .text          0x00007208       0xfe ftm_hw_access.o
                0x00007208                FTM_DRV_InitModule
                0x00007220                FTM_DRV_Reset
                0x00007286                FTM_DRV_SetChnTriggerCmd
                0x000072b8                FTM_DRV_SetChnInputCaptureFilter
 *fill*         0x00007306        0x2 
 .text          0x00007308      0x6dc ftm_ic_driver.o
                0x000073c0                FTM_DRV_InitInputCapture
                0x00007690                FTM_DRV_DeinitInputCapture
                0x00007760                FTM_DRV_GetInputCaptureMeasurement
                0x00007778                FTM_DRV_StartNewSignalMeasurement
                0x000077e0                FTM_IC_DRV_SetChannelMode
                0x00007924                FTM0_Ch0_Ch1_IRQHandler
                0x00007930                FTM0_Ch2_Ch3_IRQHandler
                0x0000793c                FTM0_Ch4_Ch5_IRQHandler
                0x00007948                FTM0_Ch6_Ch7_IRQHandler
                0x00007954                FTM1_Ch0_Ch1_IRQHandler
                0x00007960                FTM1_Ch2_Ch3_IRQHandler
                0x0000796c                FTM1_Ch4_Ch5_IRQHandler
                0x00007978                FTM1_Ch6_Ch7_IRQHandler
                0x00007984                FTM2_Ch0_Ch1_IRQHandler
                0x00007990                FTM2_Ch2_Ch3_IRQHandler
                0x0000799c                FTM2_Ch4_Ch5_IRQHandler
                0x000079a8                FTM2_Ch6_Ch7_IRQHandler
                0x000079b4                FTM3_Ch0_Ch1_IRQHandler
                0x000079c0                FTM3_Ch2_Ch3_IRQHandler
                0x000079cc                FTM3_Ch4_Ch5_IRQHandler
                0x000079d8                FTM3_Ch6_Ch7_IRQHandler
 .text          0x000079e4      0x9b4 ftm_pwm_driver.o
                0x000079e4                FTM_DRV_DeinitPwm
                0x00007af0                FTM_DRV_UpdatePwmChannel
                0x00007bf4                FTM_DRV_InitPwm
                0x0000822c                FTM_DRV_UpdatePwmPeriod
                0x00008288                FTM_DRV_FastUpdatePwmChannels
                0x000082c8                FTM_DRV_ControlChannelOutput
                0x000082f8                FTM_PWM_DRV_IrqHandler
 .text          0x00008398      0x128 gpio_irq.o
                0x00008398                PORTA_IRQHandler
                0x000083d0                PORTB_IRQHandler
                0x00008408                PORTC_IRQHandler
                0x00008440                PORTD_IRQHandler
                0x00008478                PORTE_IRQHandler
                0x000084b0                GPI_DRV_InstallCallback
 .text          0x000084c0       0x3c gt_pf.o
                0x000084c0                profiler_init
                0x000084f0                gt_pf
 .text          0x000084fc      0x1ac interrupt_manager.o
                0x000084fc                INT_SYS_InstallHandler
                0x0000853c                INT_SYS_EnableIRQ
                0x00008554                INT_SYS_DisableIRQ
                0x00008570                INT_SYS_EnableIRQGlobal
                0x0000858c                INT_SYS_DisableIRQGlobal
                0x0000859c                INT_SYS_SetPriority
                0x000085f4                INT_SYS_GetPriority
                0x00008638                INT_SYS_ClearPending
                0x00008654                INT_SYS_SetPending
                0x00008670                INT_SYS_GetPending
                0x0000868c                INT_SYS_GetActive
 .text          0x000086a8      0x62c lpit_driver.o
                0x000086a8                LPIT_DRV_GetDefaultConfig
                0x000086b0                LPIT_DRV_GetDefaultChanConfig
                0x000086d0                LPIT_DRV_Init
                0x0000877c                LPIT_DRV_Deinit
                0x0000878c                LPIT_DRV_StartTimerChannels
                0x0000879c                LPIT_DRV_StopTimerChannels
                0x000087ac                LPIT_DRV_SetTimerPeriodByUs
                0x00008858                LPIT_DRV_InitChannel
                0x000089e0                LPIT_DRV_SetTimerPeriodInDual16ModeByUs
                0x00008a64                LPIT_DRV_GetTimerPeriodByUs
                0x00008b78                LPIT_DRV_GetCurrentTimerUs
                0x00008c30                LPIT_DRV_SetTimerPeriodByCount
                0x00008c40                LPIT_DRV_SetTimerPeriodInDual16ModeByCount
                0x00008c54                LPIT_DRV_GetTimerPeriodByCount
                0x00008c78                LPIT_DRV_GetCurrentTimerCount
                0x00008c9c                LPIT_DRV_EnableTimerChannelInterrupt
                0x00008cac                LPIT_DRV_DisableTimerChannelInterrupt
                0x00008cbc                LPIT_DRV_GetInterruptFlagTimerChannels
                0x00008cc8                LPIT_DRV_ClearInterruptFlagTimerChannels
 .text          0x00008cd4      0x20c lpspi_hw_access.o
                0x00008cd4                LPSPI_Init
                0x00008cde                LPSPI_Disable
                0x00008cf6                LPSPI_SetMasterSlaveMode
                0x00008d04                LPSPI_SetFlushFifoCmd
                0x00008d12                LPSPI_ClearStatusFlag
                0x00008d32                LPSPI_SetPcsPolarityMode
                0x00008d4e                LPSPI_SetPinConfigMode
                0x00008d70                LPSPI_SetBaudRateDivisor
                0x00008d80                LPSPI_SetBaudRate
                0x00008e88                LPSPI_SetTxCommandReg
                0x00008ed2                LPSPI_SetPcs
 .text          0x00008ee0       0x1e lpspi_irq.o
                0x00008ee0                LPSPI0_IRQHandler
                0x00008eea                LPSPI1_IRQHandler
                0x00008ef4                LPSPI2_IRQHandler
 *fill*         0x00008efe        0x2 
 .text          0x00008f00      0x744 lpspi_master_driver.o
                0x00009178                LPSPI_DRV_MasterGetDefaultConfig
                0x000091a8                LPSPI_DRV_MasterDeinit
                0x000091e0                LPSPI_DRV_MasterSetDelay
                0x00009230                LPSPI_DRV_MasterConfigureBus
                0x00009344                LPSPI_DRV_MasterInit
                0x000093c4                LPSPI_DRV_MasterTransferBlocking
                0x00009484                LPSPI_DRV_MasterTransfer
                0x00009492                LPSPI_DRV_MasterGetTransferStatus
                0x000094c0                LPSPI_DRV_MasterAbortTransfer
                0x0000954c                LPSPI_DRV_SetPcs
                0x00009590                LPSPI_DRV_MasterIRQHandler
 .text          0x00009644      0x198 lpspi_shared_function.o
                0x00009644                LPSPI_DRV_IRQHandler
                0x0000966c                LPSPI_DRV_FillupTxBuffer
                0x00009720                LPSPI_DRV_ReadRXBuffer
                0x000097ac                LPSPI_DRV_DisableTEIEInterrupts
 .text          0x000097dc      0x5d0 lpspi_slave_driver.o
                0x000097dc                LPSPI_DRV_SlaveGetDefaultConfig
                0x000097fa                LPSPI_DRV_SlaveInit
                0x000098f8                LPSPI_DRV_SlaveDeinit
                0x00009934                LPSPI_DRV_SlaveTransfer
                0x00009b6c                LPSPI_DRV_SlaveAbortTransfer
                0x00009be0                LPSPI_DRV_SlaveTransferBlocking
                0x00009cac                LPSPI_DRV_SlaveIRQHandler
                0x00009d80                LPSPI_DRV_SlaveGetTransferStatus
 .text          0x00009dac      0xdf4 lpuart_driver.o
                0x0000a2b0                LPUART_DRV_GetDefaultConfig
                0x0000a2c8                LPUART_DRV_Deinit
                0x0000a338                LPUART_DRV_InstallRxCallback
                0x0000a34c                LPUART_DRV_InstallTxCallback
                0x0000a360                LPUART_DRV_SendDataBlocking
                0x0000a3bc                LPUART_DRV_SendDataPolling
                0x0000a440                LPUART_DRV_SendData
                0x0000a464                LPUART_DRV_GetTransmitStatus
                0x0000a49c                LPUART_DRV_AbortSendingData
                0x0000a4c8                LPUART_DRV_ReceiveDataBlocking
                0x0000a524                LPUART_DRV_ReceiveDataPolling
                0x0000a66c                LPUART_DRV_ReceiveData
                0x0000a690                LPUART_DRV_GetReceiveStatus
                0x0000a6c8                LPUART_DRV_AbortReceivingData
                0x0000a6f4                LPUART_DRV_SetBaudRate
                0x0000a7e0                LPUART_DRV_Init
                0x0000a8bc                LPUART_DRV_GetBaudRate
                0x0000a8f4                LPUART_DRV_SetTxBuffer
                0x0000a908                LPUART_DRV_SetRxBuffer
                0x0000a91c                LPUART_DRV_IRQHandler
 .text          0x0000aba0      0x34c lpuart_hw_access.o
                0x0000aba0                LPUART_Init
                0x0000abc4                LPUART_SetBitCountPerChar
                0x0000abf4                LPUART_SetParityMode
                0x0000ac12                LPUART_Putchar9
                0x0000ac28                LPUART_Putchar10
                0x0000ac4a                LPUART_Getchar9
                0x0000ac5c                LPUART_Getchar10
                0x0000ac7a                LPUART_SetIntMode
                0x0000acea                LPUART_GetIntMode
                0x0000ad34                LPUART_GetStatusFlag
                0x0000ad7c                LPUART_ClearStatusFlag
                0x0000aeac                LPUART_SetErrorInterrupts
 .text          0x0000aeec       0x1e lpuart_irq.o
                0x0000aeec                LPUART0_IrqHandler
                0x0000aef6                LPUART1_IrqHandler
                0x0000af00                LPUART2_IrqHandler
 *fill*         0x0000af0a        0x2 
 .text          0x0000af0c       0x74 mbd_adc_irq.o
                0x0000af0c                ADC_CommonIRQHandler
                0x0000af5c                ADC_InstallCallback
                0x0000af6c                ADC0_IRQHandler
                0x0000af76                ADC1_IRQHandler
 .text          0x0000af80       0xc8 mbd_main.o
                0x0000af80                TPP_InitializeOutputs
                0x0000af82                SYSTEM_INIT_TASK
                0x0000af8a                SYSTEM_TASK
                0x0000afd0                LPIT0_Ch0_IRQHandler
                0x0000afe0                lpit0_init
                0x0000afe2                lpit0_init_step_timer
                0x0000b01c                main
 .text          0x0000b048      0x150 osif_baremetal.o
                0x0000b048                SysTick_Handler
                0x0000b058                OSIF_TimeDelay
                0x0000b0b8                OSIF_GetMilliseconds
                0x0000b0c4                OSIF_MutexLock
                0x0000b0c8                OSIF_MutexUnlock
                0x0000b0cc                OSIF_MutexCreate
                0x0000b0d0                OSIF_MutexDestroy
                0x0000b0d4                OSIF_SemaWait
                0x0000b158                OSIF_SemaPost
                0x0000b17e                OSIF_SemaCreate
                0x0000b192                OSIF_SemaDestroy
 .text          0x0000b198      0x284 pdb_driver.o
                0x0000b198                PDB_DRV_Init
                0x0000b204                PDB_DRV_Deinit
                0x0000b234                PDB_DRV_GetDefaultConfig
                0x0000b24a                PDB_DRV_Enable
                0x0000b260                PDB_DRV_Disable
                0x0000b274                PDB_DRV_SoftTriggerCmd
                0x0000b288                PDB_DRV_GetTimerValue
                0x0000b298                PDB_DRV_GetTimerIntFlag
                0x0000b2ac                PDB_DRV_ClearTimerIntFlag
                0x0000b2cc                PDB_DRV_LoadValuesCmd
                0x0000b2e0                PDB_DRV_SetTimerModulusValue
                0x0000b2f8                PDB_DRV_SetValueForTimerInterrupt
                0x0000b310                PDB_DRV_ConfigAdcPreTrigger
                0x0000b354                PDB_DRV_GetAdcPreTriggerFlags
                0x0000b370                PDB_DRV_ClearAdcPreTriggerFlags
                0x0000b384                PDB_DRV_GetAdcPreTriggerSeqErrFlags
                0x0000b3a0                PDB_DRV_ClearAdcPreTriggerSeqErrFlags
                0x0000b3b4                PDB_DRV_SetAdcPreTriggerDelayValue
                0x0000b3d8                PDB_DRV_SetCmpPulseOutEnable
                0x0000b3ec                PDB_DRV_SetCmpPulseOutDelayForHigh
                0x0000b404                PDB_DRV_SetCmpPulseOutDelayForLow
 .text          0x0000b41c      0x19c pdb_hw_access.o
                0x0000b41c                PDB_Init
                0x0000b474                PDB_ConfigTimer
                0x0000b4d0                PDB_SetAdcPreTriggerBackToBackEnable
                0x0000b502                PDB_SetAdcPreTriggerOutputEnable
                0x0000b530                PDB_SetAdcPreTriggerEnable
                0x0000b55a                PDB_ClearAdcPreTriggerFlags
                0x0000b57e                PDB_ClearAdcPreTriggerSeqErrFlags
                0x0000b5a0                PDB_SetCmpPulseOutEnable
 .text          0x0000b5b8      0x144 pins_driver.o
                0x0000b5b8                PINS_DRV_Init
                0x0000b5d8                PINS_DRV_SetPullSel
                0x0000b612                PINS_DRV_SetMuxModeSel
                0x0000b61a                PINS_DRV_SetPinIntSel
                0x0000b630                PINS_DRV_GetPinIntSel
                0x0000b63a                PINS_DRV_ClearPinIntFlagCmd
                0x0000b648                PINS_DRV_EnableDigitalFilter
                0x0000b65a                PINS_DRV_DisableDigitalFilter
                0x0000b66e                PINS_DRV_ConfigDigitalFilter
                0x0000b684                PINS_DRV_GetPortIntFlag
                0x0000b68a                PINS_DRV_ClearPortIntFlagCmd
                0x0000b694                PINS_DRV_GetPinsDirection
                0x0000b698                PINS_DRV_SetPinDirection
                0x0000b6b0                PINS_DRV_SetPinsDirection
                0x0000b6b4                PINS_DRV_SetPortInputDisable
                0x0000b6b8                PINS_DRV_GetPortInputDisable
                0x0000b6bc                PINS_DRV_SetGlobalPinControl
                0x0000b6c4                PINS_DRV_SetGlobalIntControl
                0x0000b6cc                PINS_DRV_WritePin
                0x0000b6e4                PINS_DRV_WritePins
                0x0000b6e8                PINS_DRV_GetPinsOutput
                0x0000b6ec                PINS_DRV_SetPins
                0x0000b6f0                PINS_DRV_ClearPins
                0x0000b6f4                PINS_DRV_TogglePins
                0x0000b6f8                PINS_DRV_ReadPins
 .text          0x0000b6fc      0x224 pins_port_hw_access.o
                0x0000b76c                PINS_Init
                0x0000b880                PINS_SetMuxModeSel
                0x0000b8d0                PINS_SetGlobalPinControl
                0x0000b8fc                PINS_SetGlobalIntControl
 .text          0x0000b920      0x1d0 power_manager.o
                0x0000b9c4                POWER_SYS_Init
                0x0000b9f0                POWER_SYS_Deinit
                0x0000ba08                POWER_SYS_GetLastMode
                0x0000ba20                POWER_SYS_GetLastModeConfig
                0x0000ba3c                POWER_SYS_GetErrorCallbackIndex
                0x0000ba48                POWER_SYS_GetErrorCallback
                0x0000ba64                POWER_SYS_SetMode
                0x0000bae4                POWER_SYS_GetDefaultConfig
 .text          0x0000baf0      0x504 power_manager_S32K1xx.o
                0x0000bbbc                POWER_SYS_DoInit
                0x0000bc54                POWER_SYS_DoDeinit
                0x0000bc68                POWER_SYS_GetCurrentMode
                0x0000bc8c                POWER_SYS_DoSetMode
                0x0000bf92                POWER_SYS_GetResetSrcStatusCmd
 .text          0x0000bff4      0x184 power_smc_hw_access.o
                0x0000c064                SMC_SetPowerMode
                0x0000c160                SMC_SetProtectionMode
 .text          0x0000c178       0x3c rtGetInf.o
                0x0000c178                rtGetInf
                0x0000c188                rtGetInfF
                0x0000c194                rtGetMinusInf
                0x0000c1a8                rtGetMinusInfF
 *fill*         0x0000c1b4        0x4 
 .text          0x0000c1b8       0x1c rtGetNaN.o
                0x0000c1b8                rtGetNaN
                0x0000c1c8                rtGetNaNF
 .text          0x0000c1d4      0x114 rt_nonfinite.o
                0x0000c1d4                rt_InitInfAndNaN
                0x0000c22c                rtIsInf
                0x0000c26c                rtIsInfF
                0x0000c2a0                rtIsNaN
                0x0000c2c8                rtIsNaNF
 .text          0x0000c2e8       0x26 rtmodel.o
                0x0000c2e8                Foc_model_Matlab_ultimo_step
 *fill*         0x0000c30e        0x2 
 .text          0x0000c310      0x118 s32k_clock_init.o
                0x0000c310                Clock_Setup
                0x0000c410                UpdateSystickConfig
 .text          0x0000c428      0x170 spi_aml.o
                0x0000c428                SPI_AML_MasterInit
                0x0000c438                SPI_AML_SlaveInit
                0x0000c448                SPI_AML_MasterDeinit
                0x0000c450                SPI_AML_SlaveDeinit
                0x0000c458                SPI_AML_MasterGetDefaultConfig
                0x0000c488                SPI_AML_SlaveGetDefaultConfig
                0x0000c4a4                SPI_AML_MasterFillSdkConfig
                0x0000c4e8                SPI_AML_SlaveFillSdkConfig
                0x0000c50a                SPI_AML_MasterSelectDevice
                0x0000c528                SPI_AML_MasterUnselectDevice
                0x0000c544                SPI_AML_MasterTransfer
                0x0000c572                SPI_AML_SlaveTransfer
 .text          0x0000c598       0xd8 startup.o
                0x0000c598                init_data_bss
 .text          0x0000c670       0xd4 system_S32K144.o
                0x0000c670                SystemInit
                0x0000c6ac                SystemCoreClockUpdate
                0x0000c72c                SystemSoftwareReset
 .text          0x0000c744      0x55c tpp.o
                0x0000c744                TPP_ConfigureGpio
                0x0000c7a8                TPP_ConfigureSpi
                0x0000c834                TPP_SendCommand
                0x0000c878                TPP_GetStatusRegister
                0x0000c8b4                TPP_SetInterruptMasks
                0x0000c928                TPP_ClearInterrupts
                0x0000c984                TPP_SetModeRegister
                0x0000c9ea                TPP_SetDeadtime
                0x0000cb14                TPP_SetOperationalMode
                0x0000cc58                TPP_Init
                0x0000cc94                TPP_Deinit
 .text          0x0000cca0      0x4e4 tpp_ic_init.o
                0x0000cca0                TPP_tppDrvConfig
                0x0000ccf8                TPP_init_pins
                0x0000ceac                TPP_reconfig_pwm_pins
                0x0000cf78                toggle_restoreTppPwmPins
                0x0000d118                TPP_IC_Init
                0x0000d140                tpp_interrupt_enable
                0x0000d170                tpp_interrupt_disable
 .text          0x0000d184       0xdc trgmux_driver.o
                0x0000d184                TRGMUX_DRV_Init
                0x0000d1e8                TRGMUX_DRV_Deinit
                0x0000d1f8                TRGMUX_DRV_SetTrigSourceForTargetModule
                0x0000d220                TRGMUX_DRV_GetTrigSourceForTargetModule
                0x0000d230                TRGMUX_DRV_SetLockForTargetModule
                0x0000d240                TRGMUX_DRV_GetLockForTargetModule
                0x0000d250                TRGMUX_DRV_GenSWTrigger
 .text          0x0000d260       0xb0 trgmux_hw_access.o
                0x0000d260                TRGMUX_Init
                0x0000d2bc                TRGMUX_SetTrigSourceForTargetModule
                0x0000d2e2                TRGMUX_GetTrigSourceForTargetModule
                0x0000d2f6                TRGMUX_SetLockForTargetModule
                0x0000d306                TRGMUX_GetLockForTargetModule
 .text          0x0000d310       0xb8 wait_aml.o
                0x0000d310                WAIT_AML_GetSysFreq
                0x0000d324                WAIT_AML_WaitCycles
                0x0000d336                WAIT_AML_WaitMs
                0x0000d370                WAIT_AML_WaitSec
                0x0000d38c                WAIT_AML_WaitUs
 .text          0x0000d3c8      0x378 c:/users/diego/appdata/roaming/mathworks/matlab add-ons/toolboxes/nxp_mbdtoolbox_s32k1xx(2)/tools/gcc-6.3-arm32-eabi/bin/../lib/gcc/arm-none-eabi/6.3.1/thumb/v7e-m/fpv4-sp/hard\libgcc.a(_arm_addsubdf3.o)
                0x0000d3c8                __aeabi_drsub
                0x0000d3d0                __aeabi_dsub
                0x0000d3d0                __subdf3
                0x0000d3d4                __aeabi_dadd
                0x0000d3d4                __adddf3
                0x0000d64c                __floatunsidf
                0x0000d64c                __aeabi_ui2d
                0x0000d66c                __floatsidf
                0x0000d66c                __aeabi_i2d
                0x0000d690                __aeabi_f2d
                0x0000d690                __extendsfdf2
                0x0000d6d4                __floatundidf
                0x0000d6d4                __aeabi_ul2d
                0x0000d6e4                __floatdidf
                0x0000d6e4                __aeabi_l2d
 .text          0x0000d740      0x424 c:/users/diego/appdata/roaming/mathworks/matlab add-ons/toolboxes/nxp_mbdtoolbox_s32k1xx(2)/tools/gcc-6.3-arm32-eabi/bin/../lib/gcc/arm-none-eabi/6.3.1/thumb/v7e-m/fpv4-sp/hard\libgcc.a(_arm_muldivdf3.o)
                0x0000d740                __aeabi_dmul
                0x0000d740                __muldf3
                0x0000d994                __divdf3
                0x0000d994                __aeabi_ddiv
 .text          0x0000db64      0x110 c:/users/diego/appdata/roaming/mathworks/matlab add-ons/toolboxes/nxp_mbdtoolbox_s32k1xx(2)/tools/gcc-6.3-arm32-eabi/bin/../lib/gcc/arm-none-eabi/6.3.1/thumb/v7e-m/fpv4-sp/hard\libgcc.a(_arm_cmpdf2.o)
                0x0000db64                __gtdf2
                0x0000db64                __gedf2
                0x0000db6c                __ltdf2
                0x0000db6c                __ledf2
                0x0000db74                __nedf2
                0x0000db74                __eqdf2
                0x0000db74                __cmpdf2
                0x0000dbf0                __aeabi_cdrcmple
                0x0000dc00                __aeabi_cdcmpeq
                0x0000dc00                __aeabi_cdcmple
                0x0000dc10                __aeabi_dcmpeq
                0x0000dc24                __aeabi_dcmplt
                0x0000dc38                __aeabi_dcmple
                0x0000dc4c                __aeabi_dcmpge
                0x0000dc60                __aeabi_dcmpgt
 .text          0x0000dc74       0x2c c:/users/diego/appdata/roaming/mathworks/matlab add-ons/toolboxes/nxp_mbdtoolbox_s32k1xx(2)/tools/gcc-6.3-arm32-eabi/bin/../lib/gcc/arm-none-eabi/6.3.1/thumb/v7e-m/fpv4-sp/hard\libgcc.a(_arm_unorddf2.o)
                0x0000dc74                __unorddf2
                0x0000dc74                __aeabi_dcmpun
 .text          0x0000dca0       0x50 c:/users/diego/appdata/roaming/mathworks/matlab add-ons/toolboxes/nxp_mbdtoolbox_s32k1xx(2)/tools/gcc-6.3-arm32-eabi/bin/../lib/gcc/arm-none-eabi/6.3.1/thumb/v7e-m/fpv4-sp/hard\libgcc.a(_arm_fixdfsi.o)
                0x0000dca0                __aeabi_d2iz
                0x0000dca0                __fixdfsi
 .text          0x0000dcf0       0xa0 c:/users/diego/appdata/roaming/mathworks/matlab add-ons/toolboxes/nxp_mbdtoolbox_s32k1xx(2)/tools/gcc-6.3-arm32-eabi/bin/../lib/gcc/arm-none-eabi/6.3.1/thumb/v7e-m/fpv4-sp/hard\libgcc.a(_arm_truncdfsf2.o)
                0x0000dcf0                __truncdfsf2
                0x0000dcf0                __aeabi_d2f
 .text          0x0000dd90       0x30 c:/users/diego/appdata/roaming/mathworks/matlab add-ons/toolboxes/nxp_mbdtoolbox_s32k1xx(2)/tools/gcc-6.3-arm32-eabi/bin/../lib/gcc/arm-none-eabi/6.3.1/thumb/v7e-m/fpv4-sp/hard\libgcc.a(_aeabi_uldivmod.o)
                0x0000dd90                __aeabi_uldivmod
 .text          0x0000ddc0      0x2e4 c:/users/diego/appdata/roaming/mathworks/matlab add-ons/toolboxes/nxp_mbdtoolbox_s32k1xx(2)/tools/gcc-6.3-arm32-eabi/bin/../lib/gcc/arm-none-eabi/6.3.1/thumb/v7e-m/fpv4-sp/hard\libgcc.a(_udivmoddi4.o)
                0x0000ddc0                __udivmoddi4
 .text          0x0000e0a4        0x4 c:/users/diego/appdata/roaming/mathworks/matlab add-ons/toolboxes/nxp_mbdtoolbox_s32k1xx(2)/tools/gcc-6.3-arm32-eabi/bin/../lib/gcc/arm-none-eabi/6.3.1/thumb/v7e-m/fpv4-sp/hard\libgcc.a(_dvmd_tls.o)
                0x0000e0a4                __aeabi_idiv0
                0x0000e0a4                __aeabi_ldiv0
 *(.text*)
 .text.cos      0x0000e0a8       0x88 C:/Users/diego/AppData/Roaming/MathWorks/MATLAB Add-Ons/Toolboxes/NXP_MBDToolbox_S32K1xx(2)/tools/gcc-6.3-arm32-eabi/arm-none-eabi/newlib/lib/thumb/v7e-m/fpv4-sp/hard\libm.a(lib_a-s_cos.o)
                0x0000e0a8                cos
 .text.floor    0x0000e130      0x108 C:/Users/diego/AppData/Roaming/MathWorks/MATLAB Add-Ons/Toolboxes/NXP_MBDToolbox_S32K1xx(2)/tools/gcc-6.3-arm32-eabi/arm-none-eabi/newlib/lib/thumb/v7e-m/fpv4-sp/hard\libm.a(lib_a-s_floor.o)
                0x0000e130                floor
 .text.sin      0x0000e238       0x90 C:/Users/diego/AppData/Roaming/MathWorks/MATLAB Add-Ons/Toolboxes/NXP_MBDToolbox_S32K1xx(2)/tools/gcc-6.3-arm32-eabi/arm-none-eabi/newlib/lib/thumb/v7e-m/fpv4-sp/hard\libm.a(lib_a-s_sin.o)
                0x0000e238                sin
 .text.fmod     0x0000e2c8       0xc8 C:/Users/diego/AppData/Roaming/MathWorks/MATLAB Add-Ons/Toolboxes/NXP_MBDToolbox_S32K1xx(2)/tools/gcc-6.3-arm32-eabi/arm-none-eabi/newlib/lib/thumb/v7e-m/fpv4-sp/hard\libm.a(lib_a-w_fmod.o)
                0x0000e2c8                fmod
 .text.sqrt     0x0000e390       0xb4 C:/Users/diego/AppData/Roaming/MathWorks/MATLAB Add-Ons/Toolboxes/NXP_MBDToolbox_S32K1xx(2)/tools/gcc-6.3-arm32-eabi/arm-none-eabi/newlib/lib/thumb/v7e-m/fpv4-sp/hard\libm.a(lib_a-w_sqrt.o)
                0x0000e390                sqrt
 .text.__ieee754_fmod
                0x0000e444      0x230 C:/Users/diego/AppData/Roaming/MathWorks/MATLAB Add-Ons/Toolboxes/NXP_MBDToolbox_S32K1xx(2)/tools/gcc-6.3-arm32-eabi/arm-none-eabi/newlib/lib/thumb/v7e-m/fpv4-sp/hard\libm.a(lib_a-e_fmod.o)
                0x0000e444                __ieee754_fmod
 *fill*         0x0000e674        0x4 
 .text.__ieee754_rem_pio2
                0x0000e678      0x3e4 C:/Users/diego/AppData/Roaming/MathWorks/MATLAB Add-Ons/Toolboxes/NXP_MBDToolbox_S32K1xx(2)/tools/gcc-6.3-arm32-eabi/arm-none-eabi/newlib/lib/thumb/v7e-m/fpv4-sp/hard\libm.a(lib_a-e_rem_pio2.o)
                0x0000e678                __ieee754_rem_pio2
 .text.__ieee754_sqrt
                0x0000ea5c      0x160 C:/Users/diego/AppData/Roaming/MathWorks/MATLAB Add-Ons/Toolboxes/NXP_MBDToolbox_S32K1xx(2)/tools/gcc-6.3-arm32-eabi/arm-none-eabi/newlib/lib/thumb/v7e-m/fpv4-sp/hard\libm.a(lib_a-e_sqrt.o)
                0x0000ea5c                __ieee754_sqrt
 *fill*         0x0000ebbc        0x4 
 .text.__kernel_cos
                0x0000ebc0      0x1cc C:/Users/diego/AppData/Roaming/MathWorks/MATLAB Add-Ons/Toolboxes/NXP_MBDToolbox_S32K1xx(2)/tools/gcc-6.3-arm32-eabi/arm-none-eabi/newlib/lib/thumb/v7e-m/fpv4-sp/hard\libm.a(lib_a-k_cos.o)
                0x0000ebc0                __kernel_cos
 *fill*         0x0000ed8c        0x4 
 .text.__kernel_rem_pio2
                0x0000ed90      0x69c C:/Users/diego/AppData/Roaming/MathWorks/MATLAB Add-Ons/Toolboxes/NXP_MBDToolbox_S32K1xx(2)/tools/gcc-6.3-arm32-eabi/arm-none-eabi/newlib/lib/thumb/v7e-m/fpv4-sp/hard\libm.a(lib_a-k_rem_pio2.o)
                0x0000ed90                __kernel_rem_pio2
 *fill*         0x0000f42c        0x4 
 .text.__kernel_sin
                0x0000f430      0x174 C:/Users/diego/AppData/Roaming/MathWorks/MATLAB Add-Ons/Toolboxes/NXP_MBDToolbox_S32K1xx(2)/tools/gcc-6.3-arm32-eabi/arm-none-eabi/newlib/lib/thumb/v7e-m/fpv4-sp/hard\libm.a(lib_a-k_sin.o)
                0x0000f430                __kernel_sin
 .text.fabs     0x0000f5a4        0xe C:/Users/diego/AppData/Roaming/MathWorks/MATLAB Add-Ons/Toolboxes/NXP_MBDToolbox_S32K1xx(2)/tools/gcc-6.3-arm32-eabi/arm-none-eabi/newlib/lib/thumb/v7e-m/fpv4-sp/hard\libm.a(lib_a-s_fabs.o)
                0x0000f5a4                fabs
 .text.matherr  0x0000f5b2        0x4 C:/Users/diego/AppData/Roaming/MathWorks/MATLAB Add-Ons/Toolboxes/NXP_MBDToolbox_S32K1xx(2)/tools/gcc-6.3-arm32-eabi/arm-none-eabi/newlib/lib/thumb/v7e-m/fpv4-sp/hard\libm.a(lib_a-s_matherr.o)
                0x0000f5b2                matherr
 *fill*         0x0000f5b6        0x2 
 .text.scalbn   0x0000f5b8       0xf4 C:/Users/diego/AppData/Roaming/MathWorks/MATLAB Add-Ons/Toolboxes/NXP_MBDToolbox_S32K1xx(2)/tools/gcc-6.3-arm32-eabi/arm-none-eabi/newlib/lib/thumb/v7e-m/fpv4-sp/hard\libm.a(lib_a-s_scalbn.o)
                0x0000f5b8                scalbn
 .text.copysign
                0x0000f6ac       0x1a C:/Users/diego/AppData/Roaming/MathWorks/MATLAB Add-Ons/Toolboxes/NXP_MBDToolbox_S32K1xx(2)/tools/gcc-6.3-arm32-eabi/arm-none-eabi/newlib/lib/thumb/v7e-m/fpv4-sp/hard\libm.a(lib_a-s_copysign.o)
                0x0000f6ac                copysign
 *fill*         0x0000f6c6        0x2 
 .text.__errno  0x0000f6c8        0xc C:/Users/diego/AppData/Roaming/MathWorks/MATLAB Add-Ons/Toolboxes/NXP_MBDToolbox_S32K1xx(2)/tools/gcc-6.3-arm32-eabi/arm-none-eabi/newlib/lib/thumb/v7e-m/fpv4-sp/hard\libc.a(lib_a-errno.o)
                0x0000f6c8                __errno
 .text.memset   0x0000f6d4       0x10 C:/Users/diego/AppData/Roaming/MathWorks/MATLAB Add-Ons/Toolboxes/NXP_MBDToolbox_S32K1xx(2)/tools/gcc-6.3-arm32-eabi/arm-none-eabi/newlib/lib/thumb/v7e-m/fpv4-sp/hard\libc.a(lib_a-memset.o)
                0x0000f6d4                memset
 .text.startup.register_fini
                0x0000f6e4       0x14 C:/Users/diego/AppData/Roaming/MathWorks/MATLAB Add-Ons/Toolboxes/NXP_MBDToolbox_S32K1xx(2)/tools/gcc-6.3-arm32-eabi/arm-none-eabi/newlib/lib/thumb/v7e-m/fpv4-sp/hard\libc.a(lib_a-__call_atexit.o)
 .text.__libc_fini_array
                0x0000f6f8       0x28 C:/Users/diego/AppData/Roaming/MathWorks/MATLAB Add-Ons/Toolboxes/NXP_MBDToolbox_S32K1xx(2)/tools/gcc-6.3-arm32-eabi/arm-none-eabi/newlib/lib/thumb/v7e-m/fpv4-sp/hard\libc.a(lib_a-fini.o)
                0x0000f6f8                __libc_fini_array
 .text.atexit   0x0000f720        0xc C:/Users/diego/AppData/Roaming/MathWorks/MATLAB Add-Ons/Toolboxes/NXP_MBDToolbox_S32K1xx(2)/tools/gcc-6.3-arm32-eabi/arm-none-eabi/newlib/lib/thumb/v7e-m/fpv4-sp/hard\libc.a(lib_a-atexit.o)
                0x0000f720                atexit
 .text.__register_exitproc
                0x0000f72c       0x98 C:/Users/diego/AppData/Roaming/MathWorks/MATLAB Add-Ons/Toolboxes/NXP_MBDToolbox_S32K1xx(2)/tools/gcc-6.3-arm32-eabi/arm-none-eabi/newlib/lib/thumb/v7e-m/fpv4-sp/hard\libc.a(lib_a-__atexit.o)
                0x0000f72c                __register_exitproc
 *(.rodata)
 .rodata        0x0000f7c4       0x1c Foc_model_Matlab_ultimo.o
                0x0000f7c4                pdbTrgmuxUserConfig
                0x0000f7dc                Foc_model_Matlab_ultimo_M
 .rodata        0x0000f7e0      0xfbc Foc_model_Matlab_ultimo_data.o
                0x0000f7e0                Foc_model_Matlab_ultimo_ConstP
                0x00010788                Foc_model_Matlab_ultimo_ConstB
 .rodata        0x0001079c        0xa adc_driver.o
 *fill*         0x000107a6        0x2 
 .rodata        0x000107a8      0x20d clock_S32K1xx.o
                0x000108a4                clockNameMappings
                0x00010954                peripheralFeaturesList
 *fill*         0x000109b5        0x3 
 .rodata        0x000109b8       0x10 edma_driver.o
 .rodata        0x000109c8       0x40 ftm_common.o
                0x000109c8                g_ftmBase
                0x000109d8                g_ftmOverflowIrqId
                0x000109dc                g_ftmFaultIrqId
                0x000109e0                g_ftmReloadIrqId
                0x000109e4                g_ftmIrqId
 .rodata        0x00010a08       0x1c gt_pf.o
 .rodata        0x00010a24       0x20 lpspi_hw_access.o
 .rodata        0x00010a44       0x13 lpuart_driver.o
 *fill*         0x00010a57        0x1 
 .rodata        0x00010a58       0x18 mbd_main.o
 .rodata        0x00010a70        0xe pdb_driver.o
 *fill*         0x00010a7e        0x2 
 .rodata        0x00010a80       0x14 spi_aml.o
 .rodata        0x00010a94       0x14 tpp.o
 .rodata        0x00010aa8       0x35 trgmux_hw_access.o
 *(.rodata*)
 *fill*         0x00010add        0x3 
 .rodata.str1.4
                0x00010ae0       0x14 freemaster_protocol.o
                                 0x13 (size before relaxing)
 .rodata.fmod.str1.1
                0x00010af4        0x5 C:/Users/diego/AppData/Roaming/MathWorks/MATLAB Add-Ons/Toolboxes/NXP_MBDToolbox_S32K1xx(2)/tools/gcc-6.3-arm32-eabi/arm-none-eabi/newlib/lib/thumb/v7e-m/fpv4-sp/hard\libm.a(lib_a-w_fmod.o)
 .rodata.sqrt.str1.1
                0x00010af9        0x5 C:/Users/diego/AppData/Roaming/MathWorks/MATLAB Add-Ons/Toolboxes/NXP_MBDToolbox_S32K1xx(2)/tools/gcc-6.3-arm32-eabi/arm-none-eabi/newlib/lib/thumb/v7e-m/fpv4-sp/hard\libm.a(lib_a-w_sqrt.o)
 *fill*         0x00010afe        0x2 
 .rodata.Zero   0x00010b00       0x10 C:/Users/diego/AppData/Roaming/MathWorks/MATLAB Add-Ons/Toolboxes/NXP_MBDToolbox_S32K1xx(2)/tools/gcc-6.3-arm32-eabi/arm-none-eabi/newlib/lib/thumb/v7e-m/fpv4-sp/hard\libm.a(lib_a-e_fmod.o)
 .rodata.npio2_hw
                0x00010b10       0x80 C:/Users/diego/AppData/Roaming/MathWorks/MATLAB Add-Ons/Toolboxes/NXP_MBDToolbox_S32K1xx(2)/tools/gcc-6.3-arm32-eabi/arm-none-eabi/newlib/lib/thumb/v7e-m/fpv4-sp/hard\libm.a(lib_a-e_rem_pio2.o)
 .rodata.two_over_pi
                0x00010b90      0x108 C:/Users/diego/AppData/Roaming/MathWorks/MATLAB Add-Ons/Toolboxes/NXP_MBDToolbox_S32K1xx(2)/tools/gcc-6.3-arm32-eabi/arm-none-eabi/newlib/lib/thumb/v7e-m/fpv4-sp/hard\libm.a(lib_a-e_rem_pio2.o)
 .rodata.PIo2   0x00010c98       0x40 C:/Users/diego/AppData/Roaming/MathWorks/MATLAB Add-Ons/Toolboxes/NXP_MBDToolbox_S32K1xx(2)/tools/gcc-6.3-arm32-eabi/arm-none-eabi/newlib/lib/thumb/v7e-m/fpv4-sp/hard\libm.a(lib_a-k_rem_pio2.o)
 .rodata.init_jk
                0x00010cd8       0x10 C:/Users/diego/AppData/Roaming/MathWorks/MATLAB Add-Ons/Toolboxes/NXP_MBDToolbox_S32K1xx(2)/tools/gcc-6.3-arm32-eabi/arm-none-eabi/newlib/lib/thumb/v7e-m/fpv4-sp/hard\libm.a(lib_a-k_rem_pio2.o)
 .rodata._global_impure_ptr
                0x00010ce8        0x4 C:/Users/diego/AppData/Roaming/MathWorks/MATLAB Add-Ons/Toolboxes/NXP_MBDToolbox_S32K1xx(2)/tools/gcc-6.3-arm32-eabi/arm-none-eabi/newlib/lib/thumb/v7e-m/fpv4-sp/hard\libc.a(lib_a-impure.o)
                0x00010ce8                _global_impure_ptr
 *(.glue_7)
 .glue_7        0x00010cec        0x0 linker stubs
 *(.glue_7t)
 .glue_7t       0x00010cec        0x0 linker stubs
 *(.eh_frame)
 .eh_frame      0x00010cec        0x0 c:/users/diego/appdata/roaming/mathworks/matlab add-ons/toolboxes/nxp_mbdtoolbox_s32k1xx(2)/tools/gcc-6.3-arm32-eabi/bin/../lib/gcc/arm-none-eabi/6.3.1/thumb/v7e-m/fpv4-sp/hard/crtbegin.o
 *(.init)
 .init          0x00010cec        0x4 c:/users/diego/appdata/roaming/mathworks/matlab add-ons/toolboxes/nxp_mbdtoolbox_s32k1xx(2)/tools/gcc-6.3-arm32-eabi/bin/../lib/gcc/arm-none-eabi/6.3.1/thumb/v7e-m/fpv4-sp/hard/crti.o
                0x00010cec                _init
 .init          0x00010cf0        0x8 c:/users/diego/appdata/roaming/mathworks/matlab add-ons/toolboxes/nxp_mbdtoolbox_s32k1xx(2)/tools/gcc-6.3-arm32-eabi/bin/../lib/gcc/arm-none-eabi/6.3.1/thumb/v7e-m/fpv4-sp/hard/crtn.o
 *(.fini)
 .fini          0x00010cf8        0x4 c:/users/diego/appdata/roaming/mathworks/matlab add-ons/toolboxes/nxp_mbdtoolbox_s32k1xx(2)/tools/gcc-6.3-arm32-eabi/bin/../lib/gcc/arm-none-eabi/6.3.1/thumb/v7e-m/fpv4-sp/hard/crti.o
                0x00010cf8                _fini
 .fini          0x00010cfc        0x8 c:/users/diego/appdata/roaming/mathworks/matlab add-ons/toolboxes/nxp_mbdtoolbox_s32k1xx(2)/tools/gcc-6.3-arm32-eabi/bin/../lib/gcc/arm-none-eabi/6.3.1/thumb/v7e-m/fpv4-sp/hard/crtn.o
                0x00010d04                . = ALIGN (0x4)

.vfp11_veneer   0x00010d04        0x0
 .vfp11_veneer  0x00010d04        0x0 linker stubs

.v4_bx          0x00010d04        0x0
 .v4_bx         0x00010d04        0x0 linker stubs

.iplt           0x00010d04        0x0
 .iplt          0x00010d04        0x0 c:/users/diego/appdata/roaming/mathworks/matlab add-ons/toolboxes/nxp_mbdtoolbox_s32k1xx(2)/tools/gcc-6.3-arm32-eabi/bin/../lib/gcc/arm-none-eabi/6.3.1/thumb/v7e-m/fpv4-sp/hard/crtbegin.o

.ARM.extab
 *(.ARM.extab* .gnu.linkonce.armextab.*)

.ARM            0x00010d04        0x8
                0x00010d04                __exidx_start = .
 *(.ARM.exidx*)
 .ARM.exidx     0x00010d04        0x8 c:/users/diego/appdata/roaming/mathworks/matlab add-ons/toolboxes/nxp_mbdtoolbox_s32k1xx(2)/tools/gcc-6.3-arm32-eabi/bin/../lib/gcc/arm-none-eabi/6.3.1/thumb/v7e-m/fpv4-sp/hard\libgcc.a(_udivmoddi4.o)
                0x00010d0c                __exidx_end = .

.rel.dyn        0x00010d0c        0x0
 .rel.iplt      0x00010d0c        0x0 c:/users/diego/appdata/roaming/mathworks/matlab add-ons/toolboxes/nxp_mbdtoolbox_s32k1xx(2)/tools/gcc-6.3-arm32-eabi/bin/../lib/gcc/arm-none-eabi/6.3.1/thumb/v7e-m/fpv4-sp/hard/crtbegin.o

.ctors          0x00010d0c        0x0
                0x00010d0c                __CTOR_LIST__ = .
 *crtbegin.o(.ctors)
 *crtbegin?.o(.ctors)
 *(EXCLUDE_FILE(*crtend.o *crtend?.o) .ctors)
 *(SORT(.ctors.*))
 *(.ctors)
                0x00010d0c                __CTOR_END__ = .

.dtors          0x00010d0c        0x0
                0x00010d0c                __DTOR_LIST__ = .
 *crtbegin.o(.dtors)
 *crtbegin?.o(.dtors)
 *(EXCLUDE_FILE(*crtend.o *crtend?.o) .dtors)
 *(SORT(.dtors.*))
 *(.dtors)
                0x00010d0c                __DTOR_END__ = .

.preinit_array  0x00010d0c        0x0
                0x00010d0c                PROVIDE (__preinit_array_start, .)
 *(.preinit_array*)
                0x00010d0c                PROVIDE (__preinit_array_end, .)

.init_array     0x00010d0c        0x8
                0x00010d0c                PROVIDE (__init_array_start, .)
 *(SORT(.init_array.*))
 .init_array.00000
                0x00010d0c        0x4 C:/Users/diego/AppData/Roaming/MathWorks/MATLAB Add-Ons/Toolboxes/NXP_MBDToolbox_S32K1xx(2)/tools/gcc-6.3-arm32-eabi/arm-none-eabi/newlib/lib/thumb/v7e-m/fpv4-sp/hard\libc.a(lib_a-__call_atexit.o)
 *(.init_array*)
 .init_array    0x00010d10        0x4 c:/users/diego/appdata/roaming/mathworks/matlab add-ons/toolboxes/nxp_mbdtoolbox_s32k1xx(2)/tools/gcc-6.3-arm32-eabi/bin/../lib/gcc/arm-none-eabi/6.3.1/thumb/v7e-m/fpv4-sp/hard/crtbegin.o
                0x00010d14                PROVIDE (__init_array_end, .)

.fini_array     0x00010d14        0x4
                0x00010d14                PROVIDE (__fini_array_start, .)
 *(SORT(.fini_array.*))
 *(.fini_array*)
 .fini_array    0x00010d14        0x4 c:/users/diego/appdata/roaming/mathworks/matlab add-ons/toolboxes/nxp_mbdtoolbox_s32k1xx(2)/tools/gcc-6.3-arm32-eabi/bin/../lib/gcc/arm-none-eabi/6.3.1/thumb/v7e-m/fpv4-sp/hard/crtbegin.o
                0x00010d18                PROVIDE (__fini_array_end, .)
                0x00010d18                __etext = .
                0x00010d18                __DATA_ROM = .

.interrupts_ram
                0x1fff8000      0x400
                0x1fff8000                . = ALIGN (0x4)
                0x1fff8000                __VECTOR_RAM__ = .
                0x1fff8000                __RAM_START = .
                0x1fff8000                __interrupts_ram_start__ = .
 *(.m_interrupts_ram)
                0x1fff8400                . = (. + M_VECTOR_RAM_SIZE)
 *fill*         0x1fff8000      0x400 
                0x1fff8400                . = ALIGN (0x4)
                0x1fff8400                __interrupts_ram_end__ = .
                0x1fff8000                __VECTOR_RAM = DEFINED (__flash_vector_table__)?ORIGIN (m_interrupts):__VECTOR_RAM__
                0x00000400                __RAM_VECTOR_TABLE_SIZE = DEFINED (__flash_vector_table__)?0x0:(__interrupts_ram_end__ - __interrupts_ram_start__)

.data           0x1fff8400      0x59c load address 0x00010d18
                0x1fff8400                . = ALIGN (0x4)
                0x1fff8400                __DATA_RAM = .
                0x1fff8400                __data_start__ = .
 *(.data)
 .data          0x1fff8400       0xa0 clock_S32K1xx.o
 .data          0x1fff84a0       0x2c ftm2_input_params_config.o
                0x1fff84a0                flexTimer_ic2_InitConfig
                0x1fff84b4                flexTimer_ic2_InputCaptureConfig
                0x1fff84bc                ftm2input_ch_param
 .data          0x1fff84cc       0x5c ftm3_pwm_params.o
                0x1fff84cc                flexTimer_pwm3_InitConfig
                0x1fff84e0                flexTimer_pwm3_PwmConfig
                0x1fff84f8                flexTimer_pwm3_IndependentChannelsConfig
                0x1fff8518                flexTimer_pwm3_FaultConfig
 .data          0x1fff8528        0xf lpspi_shared_function.o
                0x1fff8528                g_lpspiBase
                0x1fff8534                g_lpspiIrqId
 *fill*         0x1fff8537        0x1 
 .data          0x1fff8538        0xc lpuart_irq.o
                0x1fff8538                g_lpuartIsr
 .data          0x1fff8544        0x1 mbd_main.o
 .data          0x1fff8545        0x1 osif_baremetal.o
 *fill*         0x1fff8546        0x2 
 .data          0x1fff8548        0xb pdb0_params.o
                0x1fff8548                pdb0Ch0UPreTrigConfig0U
                0x1fff8550                pdb0MappingConfig
 *fill*         0x1fff8553        0x1 
 .data          0x1fff8554       0x1b pdb1_params.o
                0x1fff8554                pdb1Ch0UPreTrigConfig2U
                0x1fff855c                pdb1Ch0UPreTrigConfig1U
                0x1fff8564                pdb1Ch0UPreTrigConfig0U
                0x1fff856c                pdb1MappingConfig
 *fill*         0x1fff856f        0x1 
 .data          0x1fff8570        0x4 system_S32K144.o
                0x1fff8570                SystemCoreClock
 *(.data*)
 .data.__fdlib_version
                0x1fff8574        0x1 C:/Users/diego/AppData/Roaming/MathWorks/MATLAB Add-Ons/Toolboxes/NXP_MBDToolbox_S32K1xx(2)/tools/gcc-6.3-arm32-eabi/arm-none-eabi/newlib/lib/thumb/v7e-m/fpv4-sp/hard\libm.a(lib_a-s_lib_ver.o)
                0x1fff8574                __fdlib_version
 *fill*         0x1fff8575        0x3 
 .data._impure_ptr
                0x1fff8578        0x4 C:/Users/diego/AppData/Roaming/MathWorks/MATLAB Add-Ons/Toolboxes/NXP_MBDToolbox_S32K1xx(2)/tools/gcc-6.3-arm32-eabi/arm-none-eabi/newlib/lib/thumb/v7e-m/fpv4-sp/hard\libc.a(lib_a-impure.o)
                0x1fff8578                _impure_ptr
 *fill*         0x1fff857c        0x4 
 .data.impure_data
                0x1fff8580      0x418 C:/Users/diego/AppData/Roaming/MathWorks/MATLAB Add-Ons/Toolboxes/NXP_MBDToolbox_S32K1xx(2)/tools/gcc-6.3-arm32-eabi/arm-none-eabi/newlib/lib/thumb/v7e-m/fpv4-sp/hard\libc.a(lib_a-impure.o)
 *(.jcr*)
 .jcr           0x1fff8998        0x0 c:/users/diego/appdata/roaming/mathworks/matlab add-ons/toolboxes/nxp_mbdtoolbox_s32k1xx(2)/tools/gcc-6.3-arm32-eabi/bin/../lib/gcc/arm-none-eabi/6.3.1/thumb/v7e-m/fpv4-sp/hard/crtbegin.o
 .jcr           0x1fff8998        0x4 c:/users/diego/appdata/roaming/mathworks/matlab add-ons/toolboxes/nxp_mbdtoolbox_s32k1xx(2)/tools/gcc-6.3-arm32-eabi/bin/../lib/gcc/arm-none-eabi/6.3.1/thumb/v7e-m/fpv4-sp/hard/crtend.o
                0x1fff899c                . = ALIGN (0x4)
                0x1fff899c                __data_end__ = .
                0x000112b4                __DATA_END = (__DATA_ROM + (__data_end__ - __data_start__))
                0x000112b4                __CODE_ROM = __DATA_END

.tm_clone_table
                0x1fff899c        0x0 load address 0x000112b4
 .tm_clone_table
                0x1fff899c        0x0 c:/users/diego/appdata/roaming/mathworks/matlab add-ons/toolboxes/nxp_mbdtoolbox_s32k1xx(2)/tools/gcc-6.3-arm32-eabi/bin/../lib/gcc/arm-none-eabi/6.3.1/thumb/v7e-m/fpv4-sp/hard/crtbegin.o
 .tm_clone_table
                0x1fff899c        0x0 c:/users/diego/appdata/roaming/mathworks/matlab add-ons/toolboxes/nxp_mbdtoolbox_s32k1xx(2)/tools/gcc-6.3-arm32-eabi/bin/../lib/gcc/arm-none-eabi/6.3.1/thumb/v7e-m/fpv4-sp/hard/crtend.o

.igot.plt       0x1fff899c        0x0 load address 0x000112b4
 .igot.plt      0x1fff899c        0x0 c:/users/diego/appdata/roaming/mathworks/matlab add-ons/toolboxes/nxp_mbdtoolbox_s32k1xx(2)/tools/gcc-6.3-arm32-eabi/bin/../lib/gcc/arm-none-eabi/6.3.1/thumb/v7e-m/fpv4-sp/hard/crtbegin.o

.code           0x1fff899c        0x0 load address 0x000112b4
                0x1fff899c                . = ALIGN (0x4)
                0x1fff899c                __CODE_RAM = .
                0x1fff899c                __code_start__ = .
                0x1fff899c                __code_ram_start__ = .
 *(.code_ram)
                0x1fff899c                . = ALIGN (0x4)
                0x1fff899c                __code_end__ = .
                0x1fff899c                __code_ram_end__ = .
                0x000112b4                __CODE_END = (__CODE_ROM + (__code_end__ - __code_start__))
                0x000112b4                __CUSTOM_ROM = __CODE_END

.customSectionBlock
                0x20000000        0x0 load address 0x000112b4
                0x20000000                __customSection_start__ = .
 *(.customSection)
                0x20000000                __customSection_end__ = .
                0x000112b4                __CUSTOM_END = (__CUSTOM_ROM + (__customSection_end__ - __customSection_start__))

.bss            0x20000000     0x29a4
                0x20000000                . = ALIGN (0x4)
                0x20000000                __BSS_START = .
                0x20000000                __bss_start__ = .
 *(.bss)
 .bss           0x20000000       0x1c c:/users/diego/appdata/roaming/mathworks/matlab add-ons/toolboxes/nxp_mbdtoolbox_s32k1xx(2)/tools/gcc-6.3-arm32-eabi/bin/../lib/gcc/arm-none-eabi/6.3.1/thumb/v7e-m/fpv4-sp/hard/crtbegin.o
 .bss           0x2000001c       0x74 Foc_model_Matlab_ultimo.o
 .bss           0x20000090       0x10 clock_S32K1xx.o
 .bss           0x200000a0        0x4 edma_driver.o
 .bss           0x200000a4        0x1 freemaster_S32K1xx.o
 *fill*         0x200000a5        0x3 
 .bss           0x200000a8     0x2014 freemaster_rec.o
 .bss           0x200020bc       0x2c freemaster_scope.o
 .bss           0x200020e8       0x7a freemaster_serial.o
 *fill*         0x20002162        0x2 
 .bss           0x20002164      0x100 ftm_chn_irq.o
 .bss           0x20002264       0x11 ftm_common.o
                0x20002264                ftmStatePtr
                0x20002274                faultDetection
 *fill*         0x20002275        0x3 
 .bss           0x20002278       0x80 ftm_fault_irq.o
 .bss           0x200022f8      0x280 gpio_irq.o
 .bss           0x20002578        0x4 interrupt_manager.o
 .bss           0x2000257c        0x4 lpit_driver.o
 .bss           0x20002580        0xc lpspi_shared_function.o
                0x20002580                g_lpspiStatePtr
 .bss           0x2000258c        0xc lpuart_driver.o
 .bss           0x20002598       0x80 mbd_adc_irq.o
 .bss           0x20002618        0x4 osif_baremetal.o
 .bss           0x2000261c        0x9 pdb0_params.o
                0x2000261c                pdb0TimerConfig
 *fill*         0x20002625        0x3 
 .bss           0x20002628        0x9 pdb1_params.o
                0x20002628                pdb1TimerConfig
 *fill*         0x20002631        0x3 
 .bss           0x20002634        0xc power_manager_S32K1xx.o
 *(.bss*)
 *(COMMON)
 COMMON         0x20002640      0x268 Foc_model_Matlab_ultimo.o
                0x20002640                FAULT
                0x20002644                HALL_B
                0x20002648                GlobalSpeedCount
                0x2000264c                IaOffset
                0x20002650                Vd_ref_beforeLimiter
                0x20002654                HALL_C
                0x20002658                Lambda
                0x2000265c                SIN
                0x20002660                COS
                0x20002664                Idc_afterOffset
                0x20002668                ADC_IA
                0x2000266c                ADC_IDC
                0x20002670                CntHallDecoder
                0x20002674                Id_err
                0x20002678                I_ab_afterOffset
                0x20002680                Idq_ref_PU
                0x20002688                Vq_ref_beforeLimiter
                0x2000268c                HALL_C_controller
                0x20002690                Speed_Ref_PU
                0x20002694                GlobalDirection
                0x20002698                Speed_Ref
                0x2000269c                trgmuxAllMappingConfig
                0x200026a4                PWM_Enable
                0x200026a8                ADC_B
                0x200026ac                SpeedMeasured
                0x200026b0                Pos_PU
                0x200026b4                ADC_A
                0x200026b8                g_lpspiState
                0x200026ec                CntHallValidityIn
                0x200026f0                Foc_model_Matlab_ultimo_DW
                0x20002784                ADC_IB
                0x20002788                HallStateChangeFlag
                0x2000278c                HallVal
                0x20002790                Iq_err
                0x20002794                Enable
                0x20002798                CH1S_ERR
                0x2000279c                HALL_A
                0x200027a0                IbOffset
                0x200027a4                CH0S_ERR
                0x200027a8                GlobalSpeedValidity
                0x200027ac                PWM_Duty_Cycles
                0x200027b8                Iq_fb
                0x200027bc                SC_PDBIF
                0x200027c0                DesiredSpeed
                0x200027c4                Epsilon
                0x200027c8                PWM
                0x200027d4                ThetaHalls
                0x200027d8                lpspiMasterState0
                0x2000280c                HallValididyInvalid
                0x20002810                Foc_model_Matlab_ultimo_B
                0x20002840                Gamma
                0x20002844                HALL_B_controller
                0x20002848                tppDrvConfig
                0x20002880                Iab_fb
                0x20002888                tppStatus
                0x2000288c                GlobalHallState
                0x20002890                Speed_fb
                0x20002894                HallCntPrev
                0x20002896                HallCntActual
                0x20002898                ADC_VDC
                0x2000289c                HALL_A_controller
                0x200028a0                CntHall
                0x200028a4                Id_fb
 COMMON         0x200028a8       0x14 clock_S32K1xx.o
                0x200028a8                g_xtal0ClkFreq
                0x200028ac                g_RtcClkInFreq
                0x200028b0                g_TClkFreq
 COMMON         0x200028bc       0x48 freemaster_rec.o
                0x200028bc                pcm_pRecVarAddr
                0x200028dc                pcm_wRecBuffStartIx
                0x200028e0                pcm_dwRecEndBuffPtr
                0x200028e4                pcm_pRecVarSize
                0x200028ec                pcm_wRecTotalSmps
                0x200028ee                pcm_nRecVarCount
                0x200028f0                pcm_wRecTimeDivCtr
                0x200028f2                pcm_wStoprecCountDown
                0x200028f4                pcm_nRecTriggerMode
                0x200028f8                pcm_wRecFlags
                0x200028fc                pcm_wRecTimeDiv
                0x200028fe                pcm_wRecPostTrigger
                0x20002900                pcm_dwRecWritePtr
 COMMON         0x20002904       0x60 ftm3_pwm_params.o
                0x20002904                ftmStateStruct3
 COMMON         0x20002964       0x10 power_manager_S32K1xx.o
                0x20002964                gPowerManagerState
 COMMON         0x20002974        0xc profile_buffer.o
                0x20002974                profile_buffer
 COMMON         0x20002980       0x24 rt_nonfinite.o
                0x20002980                rtNaNF
                0x20002984                rtInfF
                0x20002988                rtInf
                0x20002990                rtNaN
                0x20002998                rtMinusInf
                0x200029a0                rtMinusInfF
                0x200029a4                . = ALIGN (0x4)
                0x200029a4                __bss_end__ = .
                0x200029a4                __BSS_END = .

.heap           0x200029a4      0x404
                0x200029a8                . = ALIGN (0x8)
 *fill*         0x200029a4        0x4 
                0x200029a8                __end__ = .
                0x200029a8                __heap_start__ = .
                [!provide]                PROVIDE (end, .)
                [!provide]                PROVIDE (_end, .)
                [!provide]                PROVIDE (__end, .)
                0x200029a8                __HeapBase = .
                0x20002da8                . = (. + HEAP_SIZE)
 *fill*         0x200029a8      0x400 
                0x20002da8                __HeapLimit = .
                0x20002da8                __heap_limit = .
                0x20002da8                __heap_end__ = .
                0x20007000                __StackTop = (ORIGIN (m_data_2) + LENGTH (m_data_2))
                0x20006c00                __StackLimit = (__StackTop - STACK_SIZE)
                0x20007000                PROVIDE (__stack, __StackTop)
                0x20007000                __RAM_END = __StackTop

.stack          0x20006c00      0x400
                0x20006c00                . = ALIGN (0x8)
                0x20006c00                __stack_start__ = .
                0x20007000                . = (. + STACK_SIZE)
 *fill*         0x20006c00      0x400 
                0x20007000                __stack_end__ = .

.ARM.attributes
                0x00000000       0x30
 *(.ARM.attributes)
 .ARM.attributes
                0x00000000       0x22 c:/users/diego/appdata/roaming/mathworks/matlab add-ons/toolboxes/nxp_mbdtoolbox_s32k1xx(2)/tools/gcc-6.3-arm32-eabi/bin/../lib/gcc/arm-none-eabi/6.3.1/thumb/v7e-m/fpv4-sp/hard/crti.o
 .ARM.attributes
                0x00000022       0x34 c:/users/diego/appdata/roaming/mathworks/matlab add-ons/toolboxes/nxp_mbdtoolbox_s32k1xx(2)/tools/gcc-6.3-arm32-eabi/bin/../lib/gcc/arm-none-eabi/6.3.1/thumb/v7e-m/fpv4-sp/hard/crtbegin.o
 .ARM.attributes
                0x00000056       0x1f startup_S32K144.o
 .ARM.attributes
                0x00000075       0x39 Foc_model_Matlab_ultimo.o
 .ARM.attributes
                0x000000ae       0x39 Foc_model_Matlab_ultimo_data.o
 .ARM.attributes
                0x000000e7       0x39 adc_driver.o
 .ARM.attributes
                0x00000120       0x39 clock_S32K1xx.o
 .ARM.attributes
                0x00000159       0x39 edma_driver.o
 .ARM.attributes
                0x00000192       0x39 edma_hw_access.o
 .ARM.attributes
                0x000001cb       0x39 edma_irq.o
 .ARM.attributes
                0x00000204       0x39 freemaster_S32K1xx.o
 .ARM.attributes
                0x0000023d       0x39 freemaster_interface_init.o
 .ARM.attributes
                0x00000276       0x39 freemaster_protocol.o
 .ARM.attributes
                0x000002af       0x39 freemaster_rec.o
 .ARM.attributes
                0x000002e8       0x39 freemaster_scope.o
 .ARM.attributes
                0x00000321       0x39 freemaster_serial.o
 .ARM.attributes
                0x0000035a       0x39 ftm2_ch1_hall_sensor_isr.o
 .ARM.attributes
                0x00000393       0x39 ftm2_input_params_config.o
 .ARM.attributes
                0x000003cc       0x39 ftm3_pwm_params.o
 .ARM.attributes
                0x00000405       0x39 ftm_chn_irq.o
 .ARM.attributes
                0x0000043e       0x39 ftm_common.o
 .ARM.attributes
                0x00000477       0x39 ftm_fault_irq.o
 .ARM.attributes
                0x000004b0       0x39 ftm_hw_access.o
 .ARM.attributes
                0x000004e9       0x39 ftm_ic_driver.o
 .ARM.attributes
                0x00000522       0x39 ftm_pwm_driver.o
 .ARM.attributes
                0x0000055b       0x39 gpio_irq.o
 .ARM.attributes
                0x00000594       0x39 gt_pf.o
 .ARM.attributes
                0x000005cd       0x39 interrupt_manager.o
 .ARM.attributes
                0x00000606       0x39 lpit_driver.o
 .ARM.attributes
                0x0000063f       0x39 lpspi_hw_access.o
 .ARM.attributes
                0x00000678       0x39 lpspi_irq.o
 .ARM.attributes
                0x000006b1       0x39 lpspi_master_driver.o
 .ARM.attributes
                0x000006ea       0x39 lpspi_shared_function.o
 .ARM.attributes
                0x00000723       0x39 lpspi_slave_driver.o
 .ARM.attributes
                0x0000075c       0x39 lpuart_driver.o
 .ARM.attributes
                0x00000795       0x39 lpuart_hw_access.o
 .ARM.attributes
                0x000007ce       0x39 lpuart_irq.o
 .ARM.attributes
                0x00000807       0x39 mbd_adc_irq.o
 .ARM.attributes
                0x00000840       0x39 mbd_main.o
 .ARM.attributes
                0x00000879       0x39 osif_baremetal.o
 .ARM.attributes
                0x000008b2       0x39 pdb0_params.o
 .ARM.attributes
                0x000008eb       0x39 pdb1_params.o
 .ARM.attributes
                0x00000924       0x39 pdb_driver.o
 .ARM.attributes
                0x0000095d       0x39 pdb_hw_access.o
 .ARM.attributes
                0x00000996       0x39 pins_driver.o
 .ARM.attributes
                0x000009cf       0x39 pins_port_hw_access.o
 .ARM.attributes
                0x00000a08       0x39 power_manager.o
 .ARM.attributes
                0x00000a41       0x39 power_manager_S32K1xx.o
 .ARM.attributes
                0x00000a7a       0x39 power_smc_hw_access.o
 .ARM.attributes
                0x00000ab3       0x39 profile_buffer.o
 .ARM.attributes
                0x00000aec       0x39 rtGetInf.o
 .ARM.attributes
                0x00000b25       0x39 rtGetNaN.o
 .ARM.attributes
                0x00000b5e       0x39 rt_nonfinite.o
 .ARM.attributes
                0x00000b97       0x39 rtmodel.o
 .ARM.attributes
                0x00000bd0       0x39 s32k_clock_init.o
 .ARM.attributes
                0x00000c09       0x39 spi_aml.o
 .ARM.attributes
                0x00000c42       0x39 startup.o
 .ARM.attributes
                0x00000c7b       0x39 system_S32K144.o
 .ARM.attributes
                0x00000cb4       0x39 tpp.o
 .ARM.attributes
                0x00000ced       0x39 tpp_ic_init.o
 .ARM.attributes
                0x00000d26       0x39 trgmux_driver.o
 .ARM.attributes
                0x00000d5f       0x39 trgmux_hw_access.o
 .ARM.attributes
                0x00000d98       0x39 wait_aml.o
 .ARM.attributes
                0x00000dd1       0x34 C:/Users/diego/AppData/Roaming/MathWorks/MATLAB Add-Ons/Toolboxes/NXP_MBDToolbox_S32K1xx(2)/tools/gcc-6.3-arm32-eabi/arm-none-eabi/newlib/lib/thumb/v7e-m/fpv4-sp/hard\libm.a(lib_a-s_cos.o)
 .ARM.attributes
                0x00000e05       0x34 C:/Users/diego/AppData/Roaming/MathWorks/MATLAB Add-Ons/Toolboxes/NXP_MBDToolbox_S32K1xx(2)/tools/gcc-6.3-arm32-eabi/arm-none-eabi/newlib/lib/thumb/v7e-m/fpv4-sp/hard\libm.a(lib_a-s_floor.o)
 .ARM.attributes
                0x00000e39       0x34 C:/Users/diego/AppData/Roaming/MathWorks/MATLAB Add-Ons/Toolboxes/NXP_MBDToolbox_S32K1xx(2)/tools/gcc-6.3-arm32-eabi/arm-none-eabi/newlib/lib/thumb/v7e-m/fpv4-sp/hard\libm.a(lib_a-s_sin.o)
 .ARM.attributes
                0x00000e6d       0x34 C:/Users/diego/AppData/Roaming/MathWorks/MATLAB Add-Ons/Toolboxes/NXP_MBDToolbox_S32K1xx(2)/tools/gcc-6.3-arm32-eabi/arm-none-eabi/newlib/lib/thumb/v7e-m/fpv4-sp/hard\libm.a(lib_a-w_fmod.o)
 .ARM.attributes
                0x00000ea1       0x34 C:/Users/diego/AppData/Roaming/MathWorks/MATLAB Add-Ons/Toolboxes/NXP_MBDToolbox_S32K1xx(2)/tools/gcc-6.3-arm32-eabi/arm-none-eabi/newlib/lib/thumb/v7e-m/fpv4-sp/hard\libm.a(lib_a-w_sqrt.o)
 .ARM.attributes
                0x00000ed5       0x34 C:/Users/diego/AppData/Roaming/MathWorks/MATLAB Add-Ons/Toolboxes/NXP_MBDToolbox_S32K1xx(2)/tools/gcc-6.3-arm32-eabi/arm-none-eabi/newlib/lib/thumb/v7e-m/fpv4-sp/hard\libm.a(lib_a-e_fmod.o)
 .ARM.attributes
                0x00000f09       0x34 C:/Users/diego/AppData/Roaming/MathWorks/MATLAB Add-Ons/Toolboxes/NXP_MBDToolbox_S32K1xx(2)/tools/gcc-6.3-arm32-eabi/arm-none-eabi/newlib/lib/thumb/v7e-m/fpv4-sp/hard\libm.a(lib_a-e_rem_pio2.o)
 .ARM.attributes
                0x00000f3d       0x34 C:/Users/diego/AppData/Roaming/MathWorks/MATLAB Add-Ons/Toolboxes/NXP_MBDToolbox_S32K1xx(2)/tools/gcc-6.3-arm32-eabi/arm-none-eabi/newlib/lib/thumb/v7e-m/fpv4-sp/hard\libm.a(lib_a-e_sqrt.o)
 .ARM.attributes
                0x00000f71       0x34 C:/Users/diego/AppData/Roaming/MathWorks/MATLAB Add-Ons/Toolboxes/NXP_MBDToolbox_S32K1xx(2)/tools/gcc-6.3-arm32-eabi/arm-none-eabi/newlib/lib/thumb/v7e-m/fpv4-sp/hard\libm.a(lib_a-k_cos.o)
 .ARM.attributes
                0x00000fa5       0x34 C:/Users/diego/AppData/Roaming/MathWorks/MATLAB Add-Ons/Toolboxes/NXP_MBDToolbox_S32K1xx(2)/tools/gcc-6.3-arm32-eabi/arm-none-eabi/newlib/lib/thumb/v7e-m/fpv4-sp/hard\libm.a(lib_a-k_rem_pio2.o)
 .ARM.attributes
                0x00000fd9       0x34 C:/Users/diego/AppData/Roaming/MathWorks/MATLAB Add-Ons/Toolboxes/NXP_MBDToolbox_S32K1xx(2)/tools/gcc-6.3-arm32-eabi/arm-none-eabi/newlib/lib/thumb/v7e-m/fpv4-sp/hard\libm.a(lib_a-k_sin.o)
 .ARM.attributes
                0x0000100d       0x34 C:/Users/diego/AppData/Roaming/MathWorks/MATLAB Add-Ons/Toolboxes/NXP_MBDToolbox_S32K1xx(2)/tools/gcc-6.3-arm32-eabi/arm-none-eabi/newlib/lib/thumb/v7e-m/fpv4-sp/hard\libm.a(lib_a-s_fabs.o)
 .ARM.attributes
                0x00001041       0x34 C:/Users/diego/AppData/Roaming/MathWorks/MATLAB Add-Ons/Toolboxes/NXP_MBDToolbox_S32K1xx(2)/tools/gcc-6.3-arm32-eabi/arm-none-eabi/newlib/lib/thumb/v7e-m/fpv4-sp/hard\libm.a(lib_a-s_lib_ver.o)
 .ARM.attributes
                0x00001075       0x34 C:/Users/diego/AppData/Roaming/MathWorks/MATLAB Add-Ons/Toolboxes/NXP_MBDToolbox_S32K1xx(2)/tools/gcc-6.3-arm32-eabi/arm-none-eabi/newlib/lib/thumb/v7e-m/fpv4-sp/hard\libm.a(lib_a-s_matherr.o)
 .ARM.attributes
                0x000010a9       0x34 C:/Users/diego/AppData/Roaming/MathWorks/MATLAB Add-Ons/Toolboxes/NXP_MBDToolbox_S32K1xx(2)/tools/gcc-6.3-arm32-eabi/arm-none-eabi/newlib/lib/thumb/v7e-m/fpv4-sp/hard\libm.a(lib_a-s_scalbn.o)
 .ARM.attributes
                0x000010dd       0x34 C:/Users/diego/AppData/Roaming/MathWorks/MATLAB Add-Ons/Toolboxes/NXP_MBDToolbox_S32K1xx(2)/tools/gcc-6.3-arm32-eabi/arm-none-eabi/newlib/lib/thumb/v7e-m/fpv4-sp/hard\libm.a(lib_a-s_copysign.o)
 .ARM.attributes
                0x00001111       0x22 c:/users/diego/appdata/roaming/mathworks/matlab add-ons/toolboxes/nxp_mbdtoolbox_s32k1xx(2)/tools/gcc-6.3-arm32-eabi/bin/../lib/gcc/arm-none-eabi/6.3.1/thumb/v7e-m/fpv4-sp/hard\libgcc.a(_arm_addsubdf3.o)
 .ARM.attributes
                0x00001133       0x22 c:/users/diego/appdata/roaming/mathworks/matlab add-ons/toolboxes/nxp_mbdtoolbox_s32k1xx(2)/tools/gcc-6.3-arm32-eabi/bin/../lib/gcc/arm-none-eabi/6.3.1/thumb/v7e-m/fpv4-sp/hard\libgcc.a(_arm_muldivdf3.o)
 .ARM.attributes
                0x00001155       0x22 c:/users/diego/appdata/roaming/mathworks/matlab add-ons/toolboxes/nxp_mbdtoolbox_s32k1xx(2)/tools/gcc-6.3-arm32-eabi/bin/../lib/gcc/arm-none-eabi/6.3.1/thumb/v7e-m/fpv4-sp/hard\libgcc.a(_arm_cmpdf2.o)
 .ARM.attributes
                0x00001177       0x22 c:/users/diego/appdata/roaming/mathworks/matlab add-ons/toolboxes/nxp_mbdtoolbox_s32k1xx(2)/tools/gcc-6.3-arm32-eabi/bin/../lib/gcc/arm-none-eabi/6.3.1/thumb/v7e-m/fpv4-sp/hard\libgcc.a(_arm_unorddf2.o)
 .ARM.attributes
                0x00001199       0x22 c:/users/diego/appdata/roaming/mathworks/matlab add-ons/toolboxes/nxp_mbdtoolbox_s32k1xx(2)/tools/gcc-6.3-arm32-eabi/bin/../lib/gcc/arm-none-eabi/6.3.1/thumb/v7e-m/fpv4-sp/hard\libgcc.a(_arm_fixdfsi.o)
 .ARM.attributes
                0x000011bb       0x22 c:/users/diego/appdata/roaming/mathworks/matlab add-ons/toolboxes/nxp_mbdtoolbox_s32k1xx(2)/tools/gcc-6.3-arm32-eabi/bin/../lib/gcc/arm-none-eabi/6.3.1/thumb/v7e-m/fpv4-sp/hard\libgcc.a(_arm_truncdfsf2.o)
 .ARM.attributes
                0x000011dd       0x22 c:/users/diego/appdata/roaming/mathworks/matlab add-ons/toolboxes/nxp_mbdtoolbox_s32k1xx(2)/tools/gcc-6.3-arm32-eabi/bin/../lib/gcc/arm-none-eabi/6.3.1/thumb/v7e-m/fpv4-sp/hard\libgcc.a(_aeabi_uldivmod.o)
 .ARM.attributes
                0x000011ff       0x34 c:/users/diego/appdata/roaming/mathworks/matlab add-ons/toolboxes/nxp_mbdtoolbox_s32k1xx(2)/tools/gcc-6.3-arm32-eabi/bin/../lib/gcc/arm-none-eabi/6.3.1/thumb/v7e-m/fpv4-sp/hard\libgcc.a(_udivmoddi4.o)
 .ARM.attributes
                0x00001233       0x22 c:/users/diego/appdata/roaming/mathworks/matlab add-ons/toolboxes/nxp_mbdtoolbox_s32k1xx(2)/tools/gcc-6.3-arm32-eabi/bin/../lib/gcc/arm-none-eabi/6.3.1/thumb/v7e-m/fpv4-sp/hard\libgcc.a(_dvmd_tls.o)
 .ARM.attributes
                0x00001255       0x34 C:/Users/diego/AppData/Roaming/MathWorks/MATLAB Add-Ons/Toolboxes/NXP_MBDToolbox_S32K1xx(2)/tools/gcc-6.3-arm32-eabi/arm-none-eabi/newlib/lib/thumb/v7e-m/fpv4-sp/hard\libc.a(lib_a-errno.o)
 .ARM.attributes
                0x00001289       0x34 C:/Users/diego/AppData/Roaming/MathWorks/MATLAB Add-Ons/Toolboxes/NXP_MBDToolbox_S32K1xx(2)/tools/gcc-6.3-arm32-eabi/arm-none-eabi/newlib/lib/thumb/v7e-m/fpv4-sp/hard\libc.a(lib_a-impure.o)
 .ARM.attributes
                0x000012bd       0x34 C:/Users/diego/AppData/Roaming/MathWorks/MATLAB Add-Ons/Toolboxes/NXP_MBDToolbox_S32K1xx(2)/tools/gcc-6.3-arm32-eabi/arm-none-eabi/newlib/lib/thumb/v7e-m/fpv4-sp/hard\libc.a(lib_a-memset.o)
 .ARM.attributes
                0x000012f1       0x34 C:/Users/diego/AppData/Roaming/MathWorks/MATLAB Add-Ons/Toolboxes/NXP_MBDToolbox_S32K1xx(2)/tools/gcc-6.3-arm32-eabi/arm-none-eabi/newlib/lib/thumb/v7e-m/fpv4-sp/hard\libc.a(lib_a-__call_atexit.o)
 .ARM.attributes
                0x00001325       0x34 C:/Users/diego/AppData/Roaming/MathWorks/MATLAB Add-Ons/Toolboxes/NXP_MBDToolbox_S32K1xx(2)/tools/gcc-6.3-arm32-eabi/arm-none-eabi/newlib/lib/thumb/v7e-m/fpv4-sp/hard\libc.a(lib_a-fini.o)
 .ARM.attributes